C:/Dev/DEMO-CERTIFY-BOOTSTRAPPING/Drivers/BSP/Components/ssd1315/ssd1315.c:194:10:ssd1315_GetLcdPixelWidth	0	static
C:/Dev/DEMO-CERTIFY-BOOTSTRAPPING/Drivers/BSP/Components/ssd1315/ssd1315.c:204:10:ssd1315_GetLcdPixelHeight	0	static
C:/Dev/DEMO-CERTIFY-BOOTSTRAPPING/Drivers/BSP/Components/ssd1315/ssd1315.c:168:6:ssd1315_DisplayOn	8	static
C:/Dev/DEMO-CERTIFY-BOOTSTRAPPING/Drivers/BSP/Components/ssd1315/ssd1315.c:181:6:ssd1315_DisplayOff	8	static
C:/Dev/DEMO-CERTIFY-BOOTSTRAPPING/Drivers/BSP/Components/ssd1315/ssd1315.c:216:6:ssd1315_WritePixel.part.0	0	static
C:/Dev/DEMO-CERTIFY-BOOTSTRAPPING/Drivers/BSP/Components/ssd1315/ssd1315.c:216:6:ssd1315_WritePixel	4	static
C:/Dev/DEMO-CERTIFY-BOOTSTRAPPING/Drivers/BSP/Components/ssd1315/ssd1315.c:269:6:ssd1315_DrawHLine	24	static
C:/Dev/DEMO-CERTIFY-BOOTSTRAPPING/Drivers/BSP/Components/ssd1315/ssd1315.c:288:6:ssd1315_DrawVLine	24	static
C:/Dev/DEMO-CERTIFY-BOOTSTRAPPING/Drivers/BSP/Components/ssd1315/ssd1315.c:306:6:ssd1315_DrawBitmap	56	static
C:/Dev/DEMO-CERTIFY-BOOTSTRAPPING/Drivers/BSP/Components/ssd1315/ssd1315.c:231:10:ssd1315_ReadPixel	0	static
C:/Dev/DEMO-CERTIFY-BOOTSTRAPPING/Drivers/BSP/Components/ssd1315/ssd1315.c:135:6:ssd1315_DeInit	0	static
C:/Dev/DEMO-CERTIFY-BOOTSTRAPPING/Drivers/BSP/Components/ssd1315/ssd1315.c:149:6:ssd1315_Clear	8	static
C:/Dev/DEMO-CERTIFY-BOOTSTRAPPING/Drivers/BSP/Components/ssd1315/ssd1315.c:157:6:ssd1315_ClearScreen	0	static
C:/Dev/DEMO-CERTIFY-BOOTSTRAPPING/Drivers/BSP/Components/ssd1315/ssd1315.c:107:6:ssd1315_Init	8	static
C:/Dev/DEMO-CERTIFY-BOOTSTRAPPING/Drivers/BSP/Components/ssd1315/ssd1315.c:242:6:ssd1315_SetPage	0	static
C:/Dev/DEMO-CERTIFY-BOOTSTRAPPING/Drivers/BSP/Components/ssd1315/ssd1315.c:253:6:ssd1315_SetColumn	8	static
C:/Dev/DEMO-CERTIFY-BOOTSTRAPPING/Drivers/BSP/Components/ssd1315/ssd1315.c:375:6:ssd1315_ShiftBitmap	56	static
C:/Dev/DEMO-CERTIFY-BOOTSTRAPPING/Drivers/BSP/Components/ssd1315/ssd1315.c:473:6:ssd1315_ScrollingSetup	16	static
C:/Dev/DEMO-CERTIFY-BOOTSTRAPPING/Drivers/BSP/Components/ssd1315/ssd1315.c:490:6:ssd1315_ScrollingStart	0	static
C:/Dev/DEMO-CERTIFY-BOOTSTRAPPING/Drivers/BSP/Components/ssd1315/ssd1315.c:501:6:ssd1315_ScrollingStop	0	static
C:/Dev/DEMO-CERTIFY-BOOTSTRAPPING/Drivers/BSP/Components/ssd1315/ssd1315.c:512:6:ssd1315_Refresh	8	static
C:/Dev/DEMO-CERTIFY-BOOTSTRAPPING/Drivers/BSP/Components/ssd1315/ssd1315.c:529:6:ssd1315_DrawRawFrameBuffer	8	static
