C:/Dev/DEMO-CERTIFY-BOOTSTRAPPING/Projects/B_L462E/Demonstrations/Cellular/Core/Src/usart.c:33:6:MX_USART1_UART_Init	8	static
C:/Dev/DEMO-CERTIFY-BOOTSTRAPPING/Projects/B_L462E/Demonstrations/Cellular/Core/Src/usart.c:54:6:MX_USART2_UART_Init	8	static
C:/Dev/DEMO-CERTIFY-BOOTSTRAPPING/Projects/B_L462E/Demonstrations/Cellular/Core/Src/usart.c:75:6:MX_USART3_UART_Init	8	static
C:/Dev/DEMO-CERTIFY-BOOTSTRAPPING/Projects/B_L462E/Demonstrations/Cellular/Core/Src/usart.c:95:6:HAL_UART_MspInit	56	static
C:/Dev/DEMO-CERTIFY-BOOTSTRAPPING/Projects/B_L462E/Demonstrations/Cellular/Core/Src/usart.c:205:6:HAL_UART_MspDeInit	8	static
