C:/dev/DEMO-CERTIFY-BOOTSTRAPPING-v3/Middlewares/ST/STM32_Cellular/Samples/Custom/Src/custom_client.c:53:13:custom_log_mems	128	static
C:/dev/DEMO-CERTIFY-BOOTSTRAPPING-v3/Middlewares/ST/STM32_Cellular/Samples/Custom/Src/custom_client.c:386:13:custom_client_thread	16	static
C:/dev/DEMO-CERTIFY-BOOTSTRAPPING-v3/Middlewares/ST/STM32_Cellular/Samples/Custom/Src/custom_client.c:80:13:custom_connect_and_send_data	56	static
C:/dev/DEMO-CERTIFY-BOOTSTRAPPING-v3/Middlewares/ST/STM32_Cellular/Samples/Custom/Src/custom_client.c:230:21:custom_client_cmd_help	16	static
C:/dev/DEMO-CERTIFY-BOOTSTRAPPING-v3/Middlewares/ST/STM32_Cellular/Samples/Custom/Src/custom_client.c:261:21:custom_client_cmd	56	static
C:/dev/DEMO-CERTIFY-BOOTSTRAPPING-v3/Middlewares/ST/STM32_Cellular/Samples/Custom/Src/custom_client.c:339:13:custom_client_notif_cb	40	static
C:/dev/DEMO-CERTIFY-BOOTSTRAPPING-v3/Middlewares/ST/STM32_Cellular/Samples/Custom/Src/custom_client.c:419:6:custom_client_init	8	static
C:/dev/DEMO-CERTIFY-BOOTSTRAPPING-v3/Middlewares/ST/STM32_Cellular/Samples/Custom/Src/custom_client.c:440:6:custom_client_start	16	static
