Archive member included to satisfy reference by file (symbol)

C:/ST/STM32CubeIDE_1.14.1/STM32CubeIDE/plugins/com.st.stm32cube.ide.mcu.externaltools.gnu-tools-for-stm32.12.3.rel1.win32_1.0.200.202406191623/tools/bin/../lib/gcc/arm-none-eabi/12.3.1/../../../../arm-none-eabi/lib/thumb/v7e-m+fp/hard\libc.a(libc_a-atoi.o)
                              ./Middlewares/Third_Party/LwIP/api/netdb.o (atoi)
C:/ST/STM32CubeIDE_1.14.1/STM32CubeIDE/plugins/com.st.stm32cube.ide.mcu.externaltools.gnu-tools-for-stm32.12.3.rel1.win32_1.0.200.202406191623/tools/bin/../lib/gcc/arm-none-eabi/12.3.1/../../../../arm-none-eabi/lib/thumb/v7e-m+fp/hard\libc.a(libc_a-exit.o)
                              C:/ST/STM32CubeIDE_1.14.1/STM32CubeIDE/plugins/com.st.stm32cube.ide.mcu.externaltools.gnu-tools-for-stm32.12.3.rel1.win32_1.0.200.202406191623/tools/bin/../lib/gcc/arm-none-eabi/12.3.1/../../../../arm-none-eabi/lib/thumb/v7e-m+fp/hard/crt0.o (exit)
C:/ST/STM32CubeIDE_1.14.1/STM32CubeIDE/plugins/com.st.stm32cube.ide.mcu.externaltools.gnu-tools-for-stm32.12.3.rel1.win32_1.0.200.202406191623/tools/bin/../lib/gcc/arm-none-eabi/12.3.1/../../../../arm-none-eabi/lib/thumb/v7e-m+fp/hard\libc.a(libc_a-rand.o)
                              ./Middlewares/Cellular/Modules/PKCS11/Src/st_p11.o (srand)
C:/ST/STM32CubeIDE_1.14.1/STM32CubeIDE/plugins/com.st.stm32cube.ide.mcu.externaltools.gnu-tools-for-stm32.12.3.rel1.win32_1.0.200.202406191623/tools/bin/../lib/gcc/arm-none-eabi/12.3.1/../../../../arm-none-eabi/lib/thumb/v7e-m+fp/hard\libc.a(libc_a-strtol.o)
                              C:/ST/STM32CubeIDE_1.14.1/STM32CubeIDE/plugins/com.st.stm32cube.ide.mcu.externaltools.gnu-tools-for-stm32.12.3.rel1.win32_1.0.200.202406191623/tools/bin/../lib/gcc/arm-none-eabi/12.3.1/../../../../arm-none-eabi/lib/thumb/v7e-m+fp/hard\libc.a(libc_a-atoi.o) (_strtol_r)
C:/ST/STM32CubeIDE_1.14.1/STM32CubeIDE/plugins/com.st.stm32cube.ide.mcu.externaltools.gnu-tools-for-stm32.12.3.rel1.win32_1.0.200.202406191623/tools/bin/../lib/gcc/arm-none-eabi/12.3.1/../../../../arm-none-eabi/lib/thumb/v7e-m+fp/hard\libc.a(libc_a-ctype_.o)
                              ./Middlewares/Cellular/Modules/PKCS11/Src/st_util.o (_ctype_)
C:/ST/STM32CubeIDE_1.14.1/STM32CubeIDE/plugins/com.st.stm32cube.ide.mcu.externaltools.gnu-tools-for-stm32.12.3.rel1.win32_1.0.200.202406191623/tools/bin/../lib/gcc/arm-none-eabi/12.3.1/../../../../arm-none-eabi/lib/thumb/v7e-m+fp/hard\libc.a(libc_a-findfp.o)
                              C:/ST/STM32CubeIDE_1.14.1/STM32CubeIDE/plugins/com.st.stm32cube.ide.mcu.externaltools.gnu-tools-for-stm32.12.3.rel1.win32_1.0.200.202406191623/tools/bin/../lib/gcc/arm-none-eabi/12.3.1/../../../../arm-none-eabi/lib/thumb/v7e-m+fp/hard\libc.a(libc_a-exit.o) (__stdio_exit_handler)
C:/ST/STM32CubeIDE_1.14.1/STM32CubeIDE/plugins/com.st.stm32cube.ide.mcu.externaltools.gnu-tools-for-stm32.12.3.rel1.win32_1.0.200.202406191623/tools/bin/../lib/gcc/arm-none-eabi/12.3.1/../../../../arm-none-eabi/lib/thumb/v7e-m+fp/hard\libc.a(libc_a-fwalk.o)
                              C:/ST/STM32CubeIDE_1.14.1/STM32CubeIDE/plugins/com.st.stm32cube.ide.mcu.externaltools.gnu-tools-for-stm32.12.3.rel1.win32_1.0.200.202406191623/tools/bin/../lib/gcc/arm-none-eabi/12.3.1/../../../../arm-none-eabi/lib/thumb/v7e-m+fp/hard\libc.a(libc_a-findfp.o) (_fwalk_sglue)
C:/ST/STM32CubeIDE_1.14.1/STM32CubeIDE/plugins/com.st.stm32cube.ide.mcu.externaltools.gnu-tools-for-stm32.12.3.rel1.win32_1.0.200.202406191623/tools/bin/../lib/gcc/arm-none-eabi/12.3.1/../../../../arm-none-eabi/lib/thumb/v7e-m+fp/hard\libc.a(libc_a-printf.o)
                              ./Middlewares/Third_Party/LwIP/api/api_lib.o (printf)
C:/ST/STM32CubeIDE_1.14.1/STM32CubeIDE/plugins/com.st.stm32cube.ide.mcu.externaltools.gnu-tools-for-stm32.12.3.rel1.win32_1.0.200.202406191623/tools/bin/../lib/gcc/arm-none-eabi/12.3.1/../../../../arm-none-eabi/lib/thumb/v7e-m+fp/hard\libc.a(libc_a-sprintf.o)
                              ./Drivers/BSP/X_STMOD_PLUS_MODEMS/TYPE1SC/at_custom_modem_signalling.o (sprintf)
C:/ST/STM32CubeIDE_1.14.1/STM32CubeIDE/plugins/com.st.stm32cube.ide.mcu.externaltools.gnu-tools-for-stm32.12.3.rel1.win32_1.0.200.202406191623/tools/bin/../lib/gcc/arm-none-eabi/12.3.1/../../../../arm-none-eabi/lib/thumb/v7e-m+fp/hard\libc.a(libc_a-sscanf.o)
                              ./Middlewares/Cellular/Interface/Com/com_sockets_ip_modem.o (sscanf)
C:/ST/STM32CubeIDE_1.14.1/STM32CubeIDE/plugins/com.st.stm32cube.ide.mcu.externaltools.gnu-tools-for-stm32.12.3.rel1.win32_1.0.200.202406191623/tools/bin/../lib/gcc/arm-none-eabi/12.3.1/../../../../arm-none-eabi/lib/thumb/v7e-m+fp/hard\libc.a(libc_a-stdio.o)
                              C:/ST/STM32CubeIDE_1.14.1/STM32CubeIDE/plugins/com.st.stm32cube.ide.mcu.externaltools.gnu-tools-for-stm32.12.3.rel1.win32_1.0.200.202406191623/tools/bin/../lib/gcc/arm-none-eabi/12.3.1/../../../../arm-none-eabi/lib/thumb/v7e-m+fp/hard\libc.a(libc_a-findfp.o) (__sread)
[...]
Memory Configuration

Name             Origin             Length             Attributes
RAM              0x20000000         0x00028000         xrw
SRAM1            0x20000000         0x00020000         xrw
SRAM2            0x20020000         0x00008000         xrw
ROM              0x08000000         0x00080000         xr
*default*        0x00000000         0xffffffff

Linker script and memory map

LOAD C:/ST/STM32CubeIDE_1.14.1/STM32CubeIDE/plugins/com.st.stm32cube.ide.mcu.externaltools.gnu-tools-for-stm32.12.3.rel1.win32_1.0.200.202406191623/tools/bin/../lib/gcc/arm-none-eabi/12.3.1/thumb/v7e-m+fp/hard/crti.o
LOAD C:/ST/STM32CubeIDE_1.14.1/STM32CubeIDE/plugins/com.st.stm32cube.ide.mcu.externaltools.gnu-tools-for-stm32.12.3.rel1.win32_1.0.200.202406191623/tools/bin/../lib/gcc/arm-none-eabi/12.3.1/thumb/v7e-m+fp/hard/crtbegin.o
LOAD C:/ST/STM32CubeIDE_1.14.1/STM32CubeIDE/plugins/com.st.stm32cube.ide.mcu.externaltools.gnu-tools-for-stm32.12.3.rel1.win32_1.0.200.202406191623/tools/bin/../lib/gcc/arm-none-eabi/12.3.1/../../../../arm-none-eabi/lib/thumb/v7e-m+fp/hard/crt0.o
LOAD ./Application/Startup/startup_stm32l462retx.o
LOAD ./Application/User/adc.o
LOAD ./Application/User/gpio.o
LOAD ./Application/User/i2c.o
LOAD ./Application/User/main.o
LOAD ./Application/User/quadspi.o
LOAD ./Application/User/rng.o
LOAD ./Application/User/rtc.o
LOAD ./Application/User/spi.o
LOAD ./Application/User/stm32l4xx_hal_msp.o
LOAD ./Application/User/stm32l4xx_hal_timebase_TIM.o
LOAD ./Application/User/stm32l4xx_it.o
LOAD ./Application/User/syscalls.o
LOAD ./Application/User/sysmem.o
LOAD ./Application/User/tim.o
LOAD ./Application/User/usart.o
LOAD ./Application/User/usb.o
LOAD ./Drivers/BSP/B_L462_CELL01/stm32l462e_cell01.o
LOAD ./Drivers/BSP/B_L462_CELL01/stm32l462e_cell01_hsensor.o
LOAD ./Drivers/BSP/B_L462_CELL01/stm32l462e_cell01_lcd.o
LOAD ./Drivers/BSP/B_L462_CELL01/stm32l462e_cell01_psensor.o
LOAD ./Drivers/BSP/B_L462_CELL01/stm32l462e_cell01_tsensor.o
LOAD ./Drivers/BSP/Components/hts221.o
LOAD ./Drivers/BSP/Components/lps22hb.o
LOAD ./Drivers/BSP/Components/ssd1315.o
LOAD ./Drivers/BSP/X_STMOD_PLUS_MODEMS/TYPE1SC/at_custom_modem_api.o
LOAD ./Drivers/BSP/X_STMOD_PLUS_MODEMS/TYPE1SC/at_custom_modem_signalling.o
LOAD ./Drivers/BSP/X_STMOD_PLUS_MODEMS/TYPE1SC/at_custom_modem_socket.o
LOAD ./Drivers/BSP/X_STMOD_PLUS_MODEMS/TYPE1SC/at_custom_modem_specific.o
LOAD ./Drivers/BSP/X_STMOD_PLUS_MODEMS/TYPE1SC/sysctrl_specific.o
LOAD ./Drivers/CMSIS/system_stm32l4xx.o
LOAD ./Drivers/STM32L4xx_HAL_Driver/stm32l4xx_hal.o
LOAD ./Drivers/STM32L4xx_HAL_Driver/stm32l4xx_hal_adc.o
LOAD ./Drivers/STM32L4xx_HAL_Driver/stm32l4xx_hal_adc_ex.o
LOAD ./Drivers/STM32L4xx_HAL_Driver/stm32l4xx_hal_cortex.o
LOAD ./Drivers/STM32L4xx_HAL_Driver/stm32l4xx_hal_dma.o
LOAD ./Drivers/STM32L4xx_HAL_Driver/stm32l4xx_hal_dma_ex.o
LOAD ./Drivers/STM32L4xx_HAL_Driver/stm32l4xx_hal_flash.o
LOAD ./Drivers/STM32L4xx_HAL_Driver/stm32l4xx_hal_flash_ex.o
LOAD ./Drivers/STM32L4xx_HAL_Driver/stm32l4xx_hal_flash_ramfunc.o
LOAD ./Drivers/STM32L4xx_HAL_Driver/stm32l4xx_hal_gpio.o
LOAD ./Drivers/STM32L4xx_HAL_Driver/stm32l4xx_hal_i2c.o
LOAD ./Drivers/STM32L4xx_HAL_Driver/stm32l4xx_hal_i2c_ex.o
LOAD ./Drivers/STM32L4xx_HAL_Driver/stm32l4xx_hal_pcd.o
LOAD ./Drivers/STM32L4xx_HAL_Driver/stm32l4xx_hal_pcd_ex.o
LOAD ./Drivers/STM32L4xx_HAL_Driver/stm32l4xx_hal_pwr.o
LOAD ./Drivers/STM32L4xx_HAL_Driver/stm32l4xx_hal_pwr_ex.o
LOAD ./Drivers/STM32L4xx_HAL_Driver/stm32l4xx_hal_qspi.o
LOAD ./Drivers/STM32L4xx_HAL_Driver/stm32l4xx_hal_rcc.o
LOAD ./Drivers/STM32L4xx_HAL_Driver/stm32l4xx_hal_rcc_ex.o
LOAD ./Drivers/STM32L4xx_HAL_Driver/stm32l4xx_hal_rng.o
LOAD ./Drivers/STM32L4xx_HAL_Driver/stm32l4xx_hal_rtc.o
LOAD ./Drivers/STM32L4xx_HAL_Driver/stm32l4xx_hal_rtc_ex.o
LOAD ./Drivers/STM32L4xx_HAL_Driver/stm32l4xx_hal_spi.o
LOAD ./Drivers/STM32L4xx_HAL_Driver/stm32l4xx_hal_spi_ex.o
LOAD ./Drivers/STM32L4xx_HAL_Driver/stm32l4xx_hal_tim.o
LOAD ./Drivers/STM32L4xx_HAL_Driver/stm32l4xx_hal_tim_ex.o
LOAD ./Drivers/STM32L4xx_HAL_Driver/stm32l4xx_hal_uart.o
LOAD ./Drivers/STM32L4xx_HAL_Driver/stm32l4xx_hal_uart_ex.o
LOAD ./Drivers/STM32L4xx_HAL_Driver/stm32l4xx_ll_usb.o
LOAD ./Middlewares/Cellular/Core/AT_Core/at_core.o
LOAD ./Middlewares/Cellular/Core/AT_Core/at_datapack.o
LOAD ./Middlewares/Cellular/Core/AT_Core/at_modem_api.o
LOAD ./Middlewares/Cellular/Core/AT_Core/at_modem_common.o
LOAD ./Middlewares/Cellular/Core/AT_Core/at_modem_signalling.o
LOAD ./Middlewares/Cellular/Core/AT_Core/at_modem_socket.o
LOAD ./Middlewares/Cellular/Core/AT_Core/at_parser.o
LOAD ./Middlewares/Cellular/Core/AT_Core/at_util.o
LOAD ./Middlewares/Cellular/Core/AT_Core/sysctrl.o
LOAD ./Middlewares/Cellular/Core/Cellular_Service/cellular_service.o
LOAD ./Middlewares/Cellular/Core/Cellular_Service/cellular_service_cmd.o
LOAD ./Middlewares/Cellular/Core/Cellular_Service/cellular_service_config.o
LOAD ./Middlewares/Cellular/Core/Cellular_Service/cellular_service_int.o
LOAD ./Middlewares/Cellular/Core/Cellular_Service/cellular_service_os.o
LOAD ./Middlewares/Cellular/Core/Cellular_Service/cellular_service_power.o
LOAD ./Middlewares/Cellular/Core/Cellular_Service/cellular_service_task.o
LOAD ./Middlewares/Cellular/Core/Cellular_Service/cellular_service_utils.o
LOAD ./Middlewares/Cellular/Core/Error/error_handler.o
LOAD ./Middlewares/Cellular/Core/HW_Specific/board_buttons.o
LOAD ./Middlewares/Cellular/Core/HW_Specific/board_display.o
LOAD ./Middlewares/Cellular/Core/HW_Specific/board_interrupts.o
LOAD ./Middlewares/Cellular/Core/HW_Specific/board_leds.o
LOAD ./Middlewares/Cellular/Core/Ipc/ipc_common.o
LOAD ./Middlewares/Cellular/Core/Ipc/ipc_rxfifo.o
LOAD ./Middlewares/Cellular/Core/Ipc/ipc_uart.o
LOAD ./Middlewares/Cellular/Core/PPPosif/ppposif.o
LOAD ./Middlewares/Cellular/Core/PPPosif/ppposif_client.o
LOAD ./Middlewares/Cellular/Core/PPPosif/ppposif_ipc.o
LOAD ./Middlewares/Cellular/Core/Rtosal/rtosal.o
LOAD ./Middlewares/Cellular/Core/Runtime_Library/cellular_runtime_custom.o
LOAD ./Middlewares/Cellular/Core/Runtime_Library/cellular_runtime_standard.o
LOAD ./Middlewares/Cellular/Core/Trace/trace_interface.o
LOAD ./Middlewares/Cellular/Interface/Cellular_Mngt/cellular_mngt.o
LOAD ./Middlewares/Cellular/Interface/Com/com_core.o
LOAD ./Middlewares/Cellular/Interface/Com/com_icc.o
LOAD ./Middlewares/Cellular/Interface/Com/com_sockets.o
LOAD ./Middlewares/Cellular/Interface/Com/com_sockets_err_compat.o
LOAD ./Middlewares/Cellular/Interface/Com/com_sockets_ip_modem.o
LOAD ./Middlewares/Cellular/Interface/Com/com_sockets_lwip_mcu.o
LOAD ./Middlewares/Cellular/Interface/Com/com_sockets_statistic.o
LOAD ./Middlewares/Cellular/Interface/Com/com_utils.o
LOAD ./Middlewares/Cellular/Interface/Data_Cache/dc_common.o
LOAD ./Middlewares/Cellular/Modules/Cmd/cmd.o
LOAD ./Middlewares/Cellular/Modules/DataCache_Supplier/dc_generic.o
LOAD ./Middlewares/Cellular/Modules/DataCache_Supplier/dc_mems.o
LOAD ./Middlewares/Cellular/Modules/Ndlc/ndlc.o
LOAD ./Middlewares/Cellular/Modules/Ndlc/ndlc_commands.o
LOAD ./Middlewares/Cellular/Modules/Ndlc/spi_ndlc.o
LOAD ./Middlewares/Cellular/Modules/PKCS11/Src/custom_se_pkcs11.o
LOAD ./Middlewares/Cellular/Modules/PKCS11/Src/st_comm_layer.o
LOAD ./Middlewares/Cellular/Modules/PKCS11/Src/st_p11.o
LOAD ./Middlewares/Cellular/Modules/PKCS11/Src/st_util.o
LOAD ./Middlewares/Cellular/Modules/PKCS11/Test/stpkcs11_certify_example.o
LOAD ./Middlewares/Cellular/Modules/SPI/sys_spi.o
LOAD ./Middlewares/Cellular/Modules/Setup/app_select.o
LOAD ./Middlewares/Cellular/Modules/Setup/feeprom_utils.o
LOAD ./Middlewares/Cellular/Modules/Setup/menu_utils.o
LOAD ./Middlewares/Cellular/Modules/Setup/setup.o
LOAD ./Middlewares/Cellular/Modules/Setup/voucher.o
LOAD ./Middlewares/Cellular/Modules/Stack_Analysis/stack_analysis.o
LOAD ./Middlewares/Cellular/Modules/Time_Date/time_date.o
LOAD ./Middlewares/Cellular/Samples/Com/comclient.o
LOAD ./Middlewares/Cellular/Samples/Custom/custom_client.o
LOAD ./Middlewares/Cellular/Samples/Echo/echoclient.o
LOAD ./Middlewares/Cellular/Samples/Freertos/freertos.o
LOAD ./Middlewares/Cellular/Samples/HTTP/httpclient.o
LOAD ./Middlewares/Cellular/Samples/Ping/ping_client.o
LOAD ./Middlewares/Cellular/Samples/UI/uiclient.o
LOAD ./Middlewares/Third_Party/FreeRTOS/CMSIS_RTOS/cmsis_os.o
LOAD ./Middlewares/Third_Party/FreeRTOS/croutine.o
LOAD ./Middlewares/Third_Party/FreeRTOS/event_groups.o
LOAD ./Middlewares/Third_Party/FreeRTOS/heap_4.o
LOAD ./Middlewares/Third_Party/FreeRTOS/list.o
LOAD ./Middlewares/Third_Party/FreeRTOS/port.o
LOAD ./Middlewares/Third_Party/FreeRTOS/queue.o
LOAD ./Middlewares/Third_Party/FreeRTOS/tasks.o
LOAD ./Middlewares/Third_Party/FreeRTOS/timers.o
LOAD ./Middlewares/Third_Party/LwIP/api/api_lib.o
LOAD ./Middlewares/Third_Party/LwIP/api/api_msg.o
LOAD ./Middlewares/Third_Party/LwIP/api/err.o
LOAD ./Middlewares/Third_Party/LwIP/api/netbuf.o
LOAD ./Middlewares/Third_Party/LwIP/api/netdb.o
LOAD ./Middlewares/Third_Party/LwIP/api/netifapi.o
LOAD ./Middlewares/Third_Party/LwIP/api/sockets.o
LOAD ./Middlewares/Third_Party/LwIP/api/tcpip.o
LOAD ./Middlewares/Third_Party/LwIP/core/def.o
LOAD ./Middlewares/Third_Party/LwIP/core/dns.o
LOAD ./Middlewares/Third_Party/LwIP/core/inet_chksum.o
LOAD ./Middlewares/Third_Party/LwIP/core/init.o
LOAD ./Middlewares/Third_Party/LwIP/core/ip.o
LOAD ./Middlewares/Third_Party/LwIP/core/mem.o
LOAD ./Middlewares/Third_Party/LwIP/core/memp.o
LOAD ./Middlewares/Third_Party/LwIP/core/netif.o
LOAD ./Middlewares/Third_Party/LwIP/core/pbuf.o
LOAD ./Middlewares/Third_Party/LwIP/core/raw.o
LOAD ./Middlewares/Third_Party/LwIP/core/stats.o
LOAD ./Middlewares/Third_Party/LwIP/core/sys.o
LOAD ./Middlewares/Third_Party/LwIP/core/tcp.o
LOAD ./Middlewares/Third_Party/LwIP/core/tcp_in.o
LOAD ./Middlewares/Third_Party/LwIP/core/tcp_out.o
LOAD ./Middlewares/Third_Party/LwIP/core/timeouts.o
LOAD ./Middlewares/Third_Party/LwIP/core/udp.o
LOAD ./Middlewares/Third_Party/LwIP/core/ipv4/autoip.o
LOAD ./Middlewares/Third_Party/LwIP/core/ipv4/icmp.o
LOAD ./Middlewares/Third_Party/LwIP/core/ipv4/igmp.o
LOAD ./Middlewares/Third_Party/LwIP/core/ipv4/ip4.o
LOAD ./Middlewares/Third_Party/LwIP/core/ipv4/ip4_addr.o
LOAD ./Middlewares/Third_Party/LwIP/core/ipv4/ip4_frag.o
LOAD ./Middlewares/Third_Party/LwIP/netif/ppp/auth.o
LOAD ./Middlewares/Third_Party/LwIP/netif/ppp/ccp.o
LOAD ./Middlewares/Third_Party/LwIP/netif/ppp/chap-md5.o
LOAD ./Middlewares/Third_Party/LwIP/netif/ppp/chap-new.o
LOAD ./Middlewares/Third_Party/LwIP/netif/ppp/chap_ms.o
LOAD ./Middlewares/Third_Party/LwIP/netif/ppp/demand.o
LOAD ./Middlewares/Third_Party/LwIP/netif/ppp/eap.o
LOAD ./Middlewares/Third_Party/LwIP/netif/ppp/fsm.o
LOAD ./Middlewares/Third_Party/LwIP/netif/ppp/ipcp.o
LOAD ./Middlewares/Third_Party/LwIP/netif/ppp/ipv6cp.o
LOAD ./Middlewares/Third_Party/LwIP/netif/ppp/lcp.o
LOAD ./Middlewares/Third_Party/LwIP/netif/ppp/magic.o
LOAD ./Middlewares/Third_Party/LwIP/netif/ppp/mppe.o
LOAD ./Middlewares/Third_Party/LwIP/netif/ppp/multilink.o
LOAD ./Middlewares/Third_Party/LwIP/netif/ppp/ppp.o
LOAD ./Middlewares/Third_Party/LwIP/netif/ppp/pppapi.o
LOAD ./Middlewares/Third_Party/LwIP/netif/ppp/pppcrypt.o
LOAD ./Middlewares/Third_Party/LwIP/netif/ppp/pppos.o
LOAD ./Middlewares/Third_Party/LwIP/netif/ppp/upap.o
LOAD ./Middlewares/Third_Party/LwIP/netif/ppp/utils.o
LOAD ./Middlewares/Third_Party/LwIP/netif/ppp/vj.o
LOAD ./Middlewares/Third_Party/LwIP/system/OS/sys_arch.o
START GROUP
LOAD C:/ST/STM32CubeIDE_1.14.1/STM32CubeIDE/plugins/com.st.stm32cube.ide.mcu.externaltools.gnu-tools-for-stm32.12.3.rel1.win32_1.0.200.202406191623/tools/bin/../lib/gcc/arm-none-eabi/12.3.1/../../../../arm-none-eabi/lib/thumb/v7e-m+fp/hard\libc.a
LOAD C:/ST/STM32CubeIDE_1.14.1/STM32CubeIDE/plugins/com.st.stm32cube.ide.mcu.externaltools.gnu-tools-for-stm32.12.3.rel1.win32_1.0.200.202406191623/tools/bin/../lib/gcc/arm-none-eabi/12.3.1/../../../../arm-none-eabi/lib/thumb/v7e-m+fp/hard\libm.a
END GROUP
START GROUP
LOAD C:/ST/STM32CubeIDE_1.14.1/STM32CubeIDE/plugins/com.st.stm32cube.ide.mcu.externaltools.gnu-tools-for-stm32.12.3.rel1.win32_1.0.200.202406191623/tools/bin/../lib/gcc/arm-none-eabi/12.3.1/thumb/v7e-m+fp/hard\libgcc.a
LOAD C:/ST/STM32CubeIDE_1.14.1/STM32CubeIDE/plugins/com.st.stm32cube.ide.mcu.externaltools.gnu-tools-for-stm32.12.3.rel1.win32_1.0.200.202406191623/tools/bin/../lib/gcc/arm-none-eabi/12.3.1/../../../../arm-none-eabi/lib/thumb/v7e-m+fp/hard\libc.a
END GROUP
START GROUP
LOAD C:/ST/STM32CubeIDE_1.14.1/STM32CubeIDE/plugins/com.st.stm32cube.ide.mcu.externaltools.gnu-tools-for-stm32.12.3.rel1.win32_1.0.200.202406191623/tools/bin/../lib/gcc/arm-none-eabi/12.3.1/thumb/v7e-m+fp/hard\libgcc.a
LOAD C:/ST/STM32CubeIDE_1.14.1/STM32CubeIDE/plugins/com.st.stm32cube.ide.mcu.externaltools.gnu-tools-for-stm32.12.3.rel1.win32_1.0.200.202406191623/tools/bin/../lib/gcc/arm-none-eabi/12.3.1/../../../../arm-none-eabi/lib/thumb/v7e-m+fp/hard\libc.a
LOAD C:/ST/STM32CubeIDE_1.14.1/STM32CubeIDE/plugins/com.st.stm32cube.ide.mcu.externaltools.gnu-tools-for-stm32.12.3.rel1.win32_1.0.200.202406191623/tools/bin/../lib/gcc/arm-none-eabi/12.3.1/../../../../arm-none-eabi/lib/thumb/v7e-m+fp/hard\libnosys.a
END GROUP
LOAD C:/ST/STM32CubeIDE_1.14.1/STM32CubeIDE/plugins/com.st.stm32cube.ide.mcu.externaltools.gnu-tools-for-stm32.12.3.rel1.win32_1.0.200.202406191623/tools/bin/../lib/gcc/arm-none-eabi/12.3.1/thumb/v7e-m+fp/hard/crtend.o
LOAD C:/ST/STM32CubeIDE_1.14.1/STM32CubeIDE/plugins/com.st.stm32cube.ide.mcu.externaltools.gnu-tools-for-stm32.12.3.rel1.win32_1.0.200.202406191623/tools/bin/../lib/gcc/arm-none-eabi/12.3.1/thumb/v7e-m+fp/hard/crtn.o
                0x20028000                        _estack = (ORIGIN (RAM) + LENGTH (RAM))
                0x00000200                        _Min_Heap_Size = 0x200
                0x00000400                        _Min_Stack_Size = 0x400

.isr_vector     0x08000000      0x194
                0x08000000                        . = ALIGN (0x4)
 *(.isr_vector)
 .isr_vector    0x08000000      0x194 ./Application/Startup/startup_stm32l462retx.o
                0x08000000                g_pfnVectors
                0x08000194                        . = ALIGN (0x4)

.text           0x080001a0    0x2547c
                0x080001a0                        . = ALIGN (0x4)
 *(.text)
 .text          0x080001a0       0x40 C:/ST/STM32CubeIDE_1.14.1/STM32CubeIDE/plugins/com.st.stm32cube.ide.mcu.externaltools.gnu-tools-for-stm32.12.3.rel1.win32_1.0.200.202406191623/tools/bin/../lib/gcc/arm-none-eabi/12.3.1/thumb/v7e-m+fp/hard/crtbegin.o
 .text          0x080001e0       0x14 C:/ST/STM32CubeIDE_1.14.1/STM32CubeIDE/plugins/com.st.stm32cube.ide.mcu.externaltools.gnu-tools-for-stm32.12.3.rel1.win32_1.0.200.202406191623/tools/bin/../lib/gcc/arm-none-eabi/12.3.1/../../../../arm-none-eabi/lib/thumb/v7e-m+fp/hard\libc.a(libc_a-strcmp.o)
                0x080001e0                strcmp
 .text          0x080001f4       0x10 C:/ST/STM32CubeIDE_1.14.1/STM32CubeIDE/plugins/com.st.stm32cube.ide.mcu.externaltools.gnu-tools-for-stm32.12.3.rel1.win32_1.0.200.202406191623/tools/bin/../lib/gcc/arm-none-eabi/12.3.1/../../../../arm-none-eabi/lib/thumb/v7e-m+fp/hard\libc.a(libc_a-strlen.o)
                0x080001f4                strlen
 *fill*         0x08000204        0xc 
 .text          0x08000210       0xa0 C:/ST/STM32CubeIDE_1.14.1/STM32CubeIDE/plugins/com.st.stm32cube.ide.mcu.externaltools.gnu-tools-for-stm32.12.3.rel1.win32_1.0.200.202406191623/tools/bin/../lib/gcc/arm-none-eabi/12.3.1/../../../../arm-none-eabi/lib/thumb/v7e-m+fp/hard\libc.a(libc_a-memchr.o)
                0x08000210                memchr
 .text          0x080002b0      0x378 C:/ST/STM32CubeIDE_1.14.1/STM32CubeIDE/plugins/com.st.stm32cube.ide.mcu.externaltools.gnu-tools-for-stm32.12.3.rel1.win32_1.0.200.202406191623/tools/bin/../lib/gcc/arm-none-eabi/12.3.1/thumb/v7e-m+fp/hard\libgcc.a(_arm_addsubdf3.o)
                0x080002b0                __aeabi_drsub
                0x080002b8                __aeabi_dsub
                0x080002b8                __subdf3
                0x080002bc                __aeabi_dadd
                0x080002bc                __adddf3
                0x08000534                __floatunsidf
                0x08000534                __aeabi_ui2d
                0x08000554                __floatsidf
                0x08000554                __aeabi_i2d
                0x08000578                __aeabi_f2d
                0x08000578                __extendsfdf2
                0x080005bc                __floatundidf
                0x080005bc                __aeabi_ul2d
                0x080005cc                __floatdidf
                0x080005cc                __aeabi_l2d
 .text          0x08000628      0x424 C:/ST/STM32CubeIDE_1.14.1/STM32CubeIDE/plugins/com.st.stm32cube.ide.mcu.externaltools.gnu-tools-for-stm32.12.3.rel1.win32_1.0.200.202406191623/tools/bin/../lib/gcc/arm-none-eabi/12.3.1/thumb/v7e-m+fp/hard\libgcc.a(_arm_muldivdf3.o)
                0x08000628                __aeabi_dmul
                0x08000628                __muldf3
                0x0800087c                __divdf3
                0x0800087c                __aeabi_ddiv
 .text          0x08000a4c      0x110 C:/ST/STM32CubeIDE_1.14.1/STM32CubeIDE/plugins/com.st.stm32cube.ide.mcu.externaltools.gnu-tools-for-stm32.12.3.rel1.win32_1.0.200.202406191623/tools/bin/../lib/gcc/arm-none-eabi/12.3.1/thumb/v7e-m+fp/hard\libgcc.a(_arm_cmpdf2.o)
                0x08000a4c                __gtdf2
                0x08000a4c                __gedf2
                0x08000a54                __ltdf2
                0x08000a54                __ledf2
                0x08000a5c                __nedf2
                0x08000a5c                __eqdf2
                0x08000a5c                __cmpdf2
                0x08000ad8                __aeabi_cdrcmple
                0x08000ae8                __aeabi_cdcmpeq
                0x08000ae8                __aeabi_cdcmple
                0x08000af8                __aeabi_dcmpeq
                0x08000b0c                __aeabi_dcmplt
                0x08000b20                __aeabi_dcmple
                0x08000b34                __aeabi_dcmpge
                0x08000b48                __aeabi_dcmpgt
 .text          0x08000b5c       0x2c C:/ST/STM32CubeIDE_1.14.1/STM32CubeIDE/plugins/com.st.stm32cube.ide.mcu.externaltools.gnu-tools-for-stm32.12.3.rel1.win32_1.0.200.202406191623/tools/bin/../lib/gcc/arm-none-eabi/12.3.1/thumb/v7e-m+fp/hard\libgcc.a(_arm_unorddf2.o)
                0x08000b5c                __unorddf2
                0x08000b5c                __aeabi_dcmpun
 .text          0x08000b88       0x50 C:/ST/STM32CubeIDE_1.14.1/STM32CubeIDE/plugins/com.st.stm32cube.ide.mcu.externaltools.gnu-tools-for-stm32.12.3.rel1.win32_1.0.200.202406191623/tools/bin/../lib/gcc/arm-none-eabi/12.3.1/thumb/v7e-m+fp/hard\libgcc.a(_arm_fixdfsi.o)
                0x08000b88                __aeabi_d2iz
                0x08000b88                __fixdfsi
 .text          0x08000bd8       0x30 C:/ST/STM32CubeIDE_1.14.1/STM32CubeIDE/plugins/com.st.stm32cube.ide.mcu.externaltools.gnu-tools-for-stm32.12.3.rel1.win32_1.0.200.202406191623/tools/bin/../lib/gcc/arm-none-eabi/12.3.1/thumb/v7e-m+fp/hard\libgcc.a(_aeabi_uldivmod.o)
                0x08000bd8                __aeabi_uldivmod
 .text          0x08000c08      0x2bc C:/ST/STM32CubeIDE_1.14.1/STM32CubeIDE/plugins/com.st.stm32cube.ide.mcu.externaltools.gnu-tools-for-stm32.12.3.rel1.win32_1.0.200.202406191623/tools/bin/../lib/gcc/arm-none-eabi/12.3.1/thumb/v7e-m+fp/hard\libgcc.a(_udivmoddi4.o)
                0x08000c08                __udivmoddi4
 .text          0x08000ec4        0x4 C:/ST/STM32CubeIDE_1.14.1/STM32CubeIDE/plugins/com.st.stm32cube.ide.mcu.externaltools.gnu-tools-for-stm32.12.3.rel1.win32_1.0.200.202406191623/tools/bin/../lib/gcc/arm-none-eabi/12.3.1/thumb/v7e-m+fp/hard\libgcc.a(_dvmd_tls.o)
                0x08000ec4                __aeabi_idiv0
                0x08000ec4                __aeabi_ldiv0
 *(.text*)
 .text.Reset_Handler
                0x08000ec8       0x50 ./Application/Startup/startup_stm32l462retx.o
                0x08000ec8                Reset_Handler
 .text.Default_Handler
                0x08000f18        0x2 ./Application/Startup/startup_stm32l462retx.o
                0x08000f18                RTC_Alarm_IRQHandler
                0x08000f18                EXTI2_IRQHandler
                0x08000f18                TIM1_CC_IRQHandler
                0x08000f18                TSC_IRQHandler
                0x08000f18                TAMP_STAMP_IRQHandler
                0x08000f18                EXTI3_IRQHandler
                0x08000f18                LPTIM2_IRQHandler
                0x08000f18                DFSDM1_FLT1_IRQHandler
                0x08000f18                I2C3_ER_IRQHandler
                0x08000f18                EXTI0_IRQHandler
                0x08000f18                I2C2_EV_IRQHandler
                0x08000f18                CAN1_RX0_IRQHandler
                0x08000f18                FPU_IRQHandler
                0x08000f18                SPI1_IRQHandler
                0x08000f18                TIM6_DAC_IRQHandler
                0x08000f18                DMA2_Channel2_IRQHandler
                0x08000f18                DMA1_Channel4_IRQHandler
                0x08000f18                ADC1_IRQHandler
                0x08000f18                DMA1_Channel7_IRQHandler
                0x08000f18                CAN1_RX1_IRQHandler
                0x08000f18                DMA2_Channel1_IRQHandler
                0x08000f18                QUADSPI_IRQHandler
                0x08000f18                I2C1_EV_IRQHandler
                0x08000f18                DMA1_Channel6_IRQHandler
                0x08000f18                UART4_IRQHandler
                0x08000f18                DMA2_Channel4_IRQHandler
                0x08000f18                TIM3_IRQHandler
                0x08000f18                RCC_IRQHandler
                0x08000f18                TIM1_TRG_COM_IRQHandler
                0x08000f18                DMA1_Channel1_IRQHandler
                0x08000f18                Default_Handler
                0x08000f18                DMA2_Channel7_IRQHandler
                0x08000f18                SDMMC1_IRQHandler
                0x08000f18                I2C3_EV_IRQHandler
                0x08000f18                USB_IRQHandler
                0x08000f18                EXTI9_5_IRQHandler
                0x08000f18                RTC_WKUP_IRQHandler
                0x08000f18                PVD_PVM_IRQHandler
                0x08000f18                SPI2_IRQHandler
                0x08000f18                CAN1_TX_IRQHandler
                0x08000f18                DMA2_Channel5_IRQHandler
                0x08000f18                CRS_IRQHandler
                0x08000f18                DMA1_Channel5_IRQHandler
                0x08000f18                EXTI4_IRQHandler
                0x08000f18                RNG_IRQHandler
                0x08000f18                DMA1_Channel3_IRQHandler
                0x08000f18                COMP_IRQHandler
                0x08000f18                WWDG_IRQHandler
                0x08000f18                I2C4_EV_IRQHandler
                0x08000f18                LPUART1_IRQHandler
                0x08000f18                DMA2_Channel6_IRQHandler
                0x08000f18                TIM2_IRQHandler
                0x08000f18                EXTI1_IRQHandler
                0x08000f18                AES_IRQHandler
                0x08000f18                DFSDM1_FLT0_IRQHandler
                0x08000f18                I2C2_ER_IRQHandler
                0x08000f18                DMA1_Channel2_IRQHandler
                0x08000f18                CAN1_SCE_IRQHandler
                0x08000f18                FLASH_IRQHandler
                0x08000f18                SPI3_IRQHandler
                0x08000f18                I2C1_ER_IRQHandler
                0x08000f18                LPTIM1_IRQHandler
                0x08000f18                I2C4_ER_IRQHandler
                0x08000f18                SAI1_IRQHandler
                0x08000f18                DMA2_Channel3_IRQHandler
                0x08000f18                TIM1_BRK_TIM15_IRQHandler
 *fill*         0x08000f1a        0x2 
 .text.MX_ADC1_Init
                0x08000f1c       0x80 ./Application/User/adc.o
                0x08000f1c                MX_ADC1_Init
 .text.HAL_ADC_MspInit
                0x08000f9c       0x50 ./Application/User/adc.o
                0x08000f9c                HAL_ADC_MspInit
 .text.MX_GPIO_Init
                0x08000fec      0x134 ./Application/User/gpio.o
                0x08000fec                MX_GPIO_Init
 .text.MX_I2C1_Init
                0x08001120       0x58 ./Application/User/i2c.o
                0x08001120                MX_I2C1_Init
 .text.HAL_I2C_MspInit
                0x08001178       0x5c ./Application/User/i2c.o
                0x08001178                HAL_I2C_MspInit
 .text.SystemClock_Config
                0x080011d4      0x108 ./Application/User/main.o
                0x080011d4                SystemClock_Config
 .text.startup.main
                0x080012dc       0x4c ./Application/User/main.o
                0x080012dc                main
 .text.HAL_TIM_PeriodElapsedCallback
                0x08001328       0x14 ./Application/User/main.o
                0x08001328                HAL_TIM_PeriodElapsedCallback
 .text.Error_Handler
                0x0800133c        0x2 ./Application/User/main.o
                0x0800133c                Error_Handler
 *fill*         0x0800133e        0x2 
 .text.MX_QUADSPI_Init
                0x08001340       0x38 ./Application/User/quadspi.o
                0x08001340                MX_QUADSPI_Init
 .text.HAL_QSPI_MspInit
                0x08001378       0x70 ./Application/User/quadspi.o
                0x08001378                HAL_QSPI_MspInit
 .text.MX_RNG_Init
                0x080013e8       0x20 ./Application/User/rng.o
                0x080013e8                MX_RNG_Init
 .text.HAL_RNG_MspInit
                0x08001408       0x2c ./Application/User/rng.o
                0x08001408                HAL_RNG_MspInit
 .text.MX_RTC_Init
                0x08001434       0x34 ./Application/User/rtc.o
                0x08001434                MX_RTC_Init
 .text.HAL_RTC_MspInit
                0x08001468       0x20 ./Application/User/rtc.o
                0x08001468                HAL_RTC_MspInit
 .text.MX_SPI1_Init
                0x08001488       0x4c ./Application/User/spi.o
                0x08001488                MX_SPI1_Init
 .text.MX_SPI3_Init
                0x080014d4       0x4c ./Application/User/spi.o
                0x080014d4                MX_SPI3_Init
 .text.HAL_SPI_MspInit
                0x08001520       0xc0 ./Application/User/spi.o
                0x08001520                HAL_SPI_MspInit
 .text.HAL_MspInit
                0x080015e0       0x8c ./Application/User/stm32l4xx_hal_msp.o
                0x080015e0                HAL_MspInit
 .text.HAL_InitTick
                0x0800166c       0x78 ./Application/User/stm32l4xx_hal_timebase_TIM.o
                0x0800166c                HAL_InitTick
 .text.NMI_Handler
                0x080016e4        0x2 ./Application/User/stm32l4xx_it.o
                0x080016e4                NMI_Handler
 .text.HardFault_Handler
                0x080016e6        0x2 ./Application/User/stm32l4xx_it.o
                0x080016e6                HardFault_Handler
 .text.MemManage_Handler
                0x080016e8        0x2 ./Application/User/stm32l4xx_it.o
                0x080016e8                MemManage_Handler
 .text.BusFault_Handler
                0x080016ea        0x2 ./Application/User/stm32l4xx_it.o
                0x080016ea                BusFault_Handler
 .text.UsageFault_Handler
                0x080016ec        0x2 ./Application/User/stm32l4xx_it.o
                0x080016ec                UsageFault_Handler
 .text.DebugMon_Handler
                0x080016ee        0x2 ./Application/User/stm32l4xx_it.o
                0x080016ee                DebugMon_Handler
 .text.SysTick_Handler
                0x080016f0       0x14 ./Application/User/stm32l4xx_it.o
                0x080016f0                SysTick_Handler
 .text.TIM1_UP_TIM16_IRQHandler
                0x08001704        0xc ./Application/User/stm32l4xx_it.o
                0x08001704                TIM1_UP_TIM16_IRQHandler
 .text.USART1_IRQHandler
                0x08001710        0xc ./Application/User/stm32l4xx_it.o
                0x08001710                USART1_IRQHandler
 .text.USART2_IRQHandler
                0x0800171c        0xc ./Application/User/stm32l4xx_it.o
                0x0800171c                USART2_IRQHandler
 .text.USART3_IRQHandler
                0x08001728        0xc ./Application/User/stm32l4xx_it.o
                0x08001728                USART3_IRQHandler
 .text.EXTI15_10_IRQHandler
                0x08001734       0x16 ./Application/User/stm32l4xx_it.o
                0x08001734                EXTI15_10_IRQHandler
 .text._getpid  0x0800174a        0x4 ./Application/User/syscalls.o
                0x0800174a                _getpid
 .text._kill    0x0800174e       0x10 ./Application/User/syscalls.o
                0x0800174e                _kill
 .text._exit    0x0800175e        0xc ./Application/User/syscalls.o
                0x0800175e                _exit
 .text._read    0x0800176a       0x1c ./Application/User/syscalls.o
                0x0800176a                _read
 .text._write   0x08001786       0x1c ./Application/User/syscalls.o
                0x08001786                _write
 .text._close   0x080017a2        0x6 ./Application/User/syscalls.o
                0x080017a2                _close
 .text._fstat   0x080017a8        0xa ./Application/User/syscalls.o
                0x080017a8                _fstat
 .text._isatty  0x080017b2        0x4 ./Application/User/syscalls.o
                0x080017b2                _isatty
 .text._lseek   0x080017b6        0x4 ./Application/User/syscalls.o
                0x080017b6                _lseek
 *fill*         0x080017ba        0x2 
 .text._sbrk    0x080017bc       0x40 ./Application/User/sysmem.o
                0x080017bc                _sbrk
 .text.HAL_TIM_PWM_MspInit
                0x080017fc       0x48 ./Application/User/tim.o
                0x080017fc                HAL_TIM_PWM_MspInit
 .text.HAL_TIM_MspPostInit
                0x08001844       0x54 ./Application/User/tim.o
                0x08001844                HAL_TIM_MspPostInit
 .text.MX_TIM2_Init
                0x08001898       0x70 ./Application/User/tim.o
                0x08001898                MX_TIM2_Init
 .text.MX_TIM3_Init
                0x08001908       0x74 ./Application/User/tim.o
                0x08001908                MX_TIM3_Init
 .text.MX_USART1_UART_Init
                0x0800197c       0x3c ./Application/User/usart.o
                0x0800197c                MX_USART1_UART_Init
 .text.MX_USART2_UART_Init
                0x080019b8       0x3c ./Application/User/usart.o
                0x080019b8                MX_USART2_UART_Init
 .text.HAL_UART_MspInit
                0x080019f4      0x138 ./Application/User/usart.o
                0x080019f4                HAL_UART_MspInit
 .text.HAL_UART_MspDeInit
                0x08001b2c       0x98 ./Application/User/usart.o
                0x08001b2c                HAL_UART_MspDeInit
 .text.MX_USB_PCD_Init
                0x08001bc4       0x38 ./Application/User/usb.o
                0x08001bc4                MX_USB_PCD_Init
 .text.HAL_PCD_MspInit
                0x08001bfc       0x54 ./Application/User/usb.o
                0x08001bfc                HAL_PCD_MspInit
 .text.BSP_LED_Init
                0x08001c50       0x90 ./Drivers/BSP/B_L462_CELL01/stm32l462e_cell01.o
                0x08001c50                BSP_LED_Init
 .text.atcma_init_at_func_ptrs
                0x08001ce0       0x5c ./Drivers/BSP/X_STMOD_PLUS_MODEMS/TYPE1SC/at_custom_modem_api.o
                0x08001ce0                atcma_init_at_func_ptrs
 .text.atcma_init_sysctrl_func_ptrs
                0x08001d3c       0x3c ./Drivers/BSP/X_STMOD_PLUS_MODEMS/TYPE1SC/at_custom_modem_api.o
                0x08001d3c                atcma_init_sysctrl_func_ptrs
 .text.fCmdBuild_ATD_TYPE1SC
                0x08001d78       0x9c ./Drivers/BSP/X_STMOD_PLUS_MODEMS/TYPE1SC/at_custom_modem_signalling.o
                0x08001d78                fCmdBuild_ATD_TYPE1SC
 .text.fCmdBuild_SETCFG_TYPE1SC
                0x08001e14      0x10c ./Drivers/BSP/X_STMOD_PLUS_MODEMS/TYPE1SC/at_custom_modem_signalling.o
                0x08001e14                fCmdBuild_SETCFG_TYPE1SC
 .text.fCmdBuild_GETCFG_TYPE1SC
                0x08001f20       0x98 ./Drivers/BSP/X_STMOD_PLUS_MODEMS/TYPE1SC/at_custom_modem_signalling.o
                0x08001f20                fCmdBuild_GETCFG_TYPE1SC
 .text.fCmdBuild_SETBDELAY_TYPE1SC
                0x08001fb8       0x4c ./Drivers/BSP/X_STMOD_PLUS_MODEMS/TYPE1SC/at_custom_modem_signalling.o
                0x08001fb8                fCmdBuild_SETBDELAY_TYPE1SC
 .text.fCmdBuild_PDNSET_TYPE1SC
                0x08002004      0x128 ./Drivers/BSP/X_STMOD_PLUS_MODEMS/TYPE1SC/at_custom_modem_signalling.o
                0x08002004                fCmdBuild_PDNSET_TYPE1SC
 .text.fRspAnalyze_Error_TYPE1SC
                0x0800212c       0x7c ./Drivers/BSP/X_STMOD_PLUS_MODEMS/TYPE1SC/at_custom_modem_signalling.o
                0x0800212c                fRspAnalyze_Error_TYPE1SC
 .text.fRspAnalyze_CPIN_TYPE1SC
                0x080021a8       0xb8 ./Drivers/BSP/X_STMOD_PLUS_MODEMS/TYPE1SC/at_custom_modem_signalling.o
                0x080021a8                fRspAnalyze_CPIN_TYPE1SC
 .text.fRspAnalyze_CFUN_TYPE1SC
                0x08002260       0x9c ./Drivers/BSP/X_STMOD_PLUS_MODEMS/TYPE1SC/at_custom_modem_signalling.o
                0x08002260                fRspAnalyze_CFUN_TYPE1SC
 .text.fRspAnalyze_CCID_TYPE1SC
                0x080022fc       0xc4 ./Drivers/BSP/X_STMOD_PLUS_MODEMS/TYPE1SC/at_custom_modem_signalling.o
                0x080022fc                fRspAnalyze_CCID_TYPE1SC
 .text.fCmdpAnalyze_GETCFG_TYPE1SC
                0x080023c0       0xfc ./Drivers/BSP/X_STMOD_PLUS_MODEMS/TYPE1SC/at_custom_modem_signalling.o
                0x080023c0                fCmdpAnalyze_GETCFG_TYPE1SC
 .text.fCmdBuild_PDNACT
                0x080024bc       0xb4 ./Drivers/BSP/X_STMOD_PLUS_MODEMS/TYPE1SC/at_custom_modem_socket.o
                0x080024bc                fCmdBuild_PDNACT
 .text.fCmdBuild_SOCKETCMD_ALLOCATE
                0x08002570      0x168 ./Drivers/BSP/X_STMOD_PLUS_MODEMS/TYPE1SC/at_custom_modem_socket.o
                0x08002570                fCmdBuild_SOCKETCMD_ALLOCATE
 .text.fCmdBuild_SOCKETCMD_ACTIVATE
                0x080026d8       0x9c ./Drivers/BSP/X_STMOD_PLUS_MODEMS/TYPE1SC/at_custom_modem_socket.o
                0x080026d8                fCmdBuild_SOCKETCMD_ACTIVATE
 .text.fCmdBuild_SOCKETCMD_INFO
                0x08002774       0xa0 ./Drivers/BSP/X_STMOD_PLUS_MODEMS/TYPE1SC/at_custom_modem_socket.o
                0x08002774                fCmdBuild_SOCKETCMD_INFO
 .text.fCmdBuild_SOCKETCMD_DEACTIVATE
                0x08002814       0x9c ./Drivers/BSP/X_STMOD_PLUS_MODEMS/TYPE1SC/at_custom_modem_socket.o
                0x08002814                fCmdBuild_SOCKETCMD_DEACTIVATE
 .text.fCmdBuild_SOCKETCMD_DELETE
                0x080028b0       0x9c ./Drivers/BSP/X_STMOD_PLUS_MODEMS/TYPE1SC/at_custom_modem_socket.o
                0x080028b0                fCmdBuild_SOCKETCMD_DELETE
 .text.fCmdBuild_SOCKETDATA_SEND
                0x0800294c      0x15c ./Drivers/BSP/X_STMOD_PLUS_MODEMS/TYPE1SC/at_custom_modem_socket.o
                0x0800294c                fCmdBuild_SOCKETDATA_SEND
 .text.fCmdBuild_SOCKETDATA_RECEIVE
                0x08002aa8       0x64 ./Drivers/BSP/X_STMOD_PLUS_MODEMS/TYPE1SC/at_custom_modem_socket.o
                0x08002aa8                fCmdBuild_SOCKETDATA_RECEIVE
 .text.fCmdBuild_DNSRSLV
                0x08002b0c       0x6c ./Drivers/BSP/X_STMOD_PLUS_MODEMS/TYPE1SC/at_custom_modem_socket.o
                0x08002b0c                fCmdBuild_DNSRSLV
 .text.fCmdBuild_PINGCMD
                0x08002b78       0x74 ./Drivers/BSP/X_STMOD_PLUS_MODEMS/TYPE1SC/at_custom_modem_socket.o
                0x08002b78                fCmdBuild_PINGCMD
 .text.fRspAnalyze_PDNACT
                0x08002bec       0x3c ./Drivers/BSP/X_STMOD_PLUS_MODEMS/TYPE1SC/at_custom_modem_socket.o
                0x08002bec                fRspAnalyze_PDNACT
 .text.fRspAnalyze_SOCKETCMD
                0x08002c28      0x228 ./Drivers/BSP/X_STMOD_PLUS_MODEMS/TYPE1SC/at_custom_modem_socket.o
                0x08002c28                fRspAnalyze_SOCKETCMD
 .text.fRspAnalyze_SOCKETDATA
                0x08002e50      0x384 ./Drivers/BSP/X_STMOD_PLUS_MODEMS/TYPE1SC/at_custom_modem_socket.o
                0x08002e50                fRspAnalyze_SOCKETDATA
 .text.fRspAnalyze_SOCKETEV
                0x080031d4      0x194 ./Drivers/BSP/X_STMOD_PLUS_MODEMS/TYPE1SC/at_custom_modem_socket.o
                0x080031d4                fRspAnalyze_SOCKETEV
 .text.fRspAnalyze_DNSRSLV
                0x08003368      0x11c ./Drivers/BSP/X_STMOD_PLUS_MODEMS/TYPE1SC/at_custom_modem_socket.o
                0x08003368                fRspAnalyze_DNSRSLV
 .text.clear_ping_resp_struct
                0x08003484       0x2a ./Drivers/BSP/X_STMOD_PLUS_MODEMS/TYPE1SC/at_custom_modem_socket.o
                0x08003484                clear_ping_resp_struct
 *fill*         0x080034ae        0x2 
 .text.fRspAnalyze_PINGCMD
                0x080034b0      0x198 ./Drivers/BSP/X_STMOD_PLUS_MODEMS/TYPE1SC/at_custom_modem_socket.o
                0x080034b0                fRspAnalyze_PINGCMD
 .text.type1sc_modem_reset.constprop.0
                0x08003648       0x60 ./Drivers/BSP/X_STMOD_PLUS_MODEMS/TYPE1SC/at_custom_modem_specific.o
 .text.ATCustom_TYPE1SC_init
                0x080036a8       0x80 ./Drivers/BSP/X_STMOD_PLUS_MODEMS/TYPE1SC/at_custom_modem_specific.o
                0x080036a8                ATCustom_TYPE1SC_init
 .text.ATCustom_TYPE1SC_checkEndOfMsgCallback
                0x08003728       0x30 ./Drivers/BSP/X_STMOD_PLUS_MODEMS/TYPE1SC/at_custom_modem_specific.o
                0x08003728                ATCustom_TYPE1SC_checkEndOfMsgCallback
 .text.ATCustom_TYPE1SC_getCmd
                0x08003758      0xd20 ./Drivers/BSP/X_STMOD_PLUS_MODEMS/TYPE1SC/at_custom_modem_specific.o
                0x08003758                ATCustom_TYPE1SC_getCmd
 .text.ATCustom_TYPE1SC_extractElement
                0x08004478      0x11c ./Drivers/BSP/X_STMOD_PLUS_MODEMS/TYPE1SC/at_custom_modem_specific.o
                0x08004478                ATCustom_TYPE1SC_extractElement
 .text.ATCustom_TYPE1SC_analyzeCmd
                0x08004594      0x33c ./Drivers/BSP/X_STMOD_PLUS_MODEMS/TYPE1SC/at_custom_modem_specific.o
                0x08004594                ATCustom_TYPE1SC_analyzeCmd
 .text.ATCustom_TYPE1SC_analyzeParam
                0x080048d0       0x60 ./Drivers/BSP/X_STMOD_PLUS_MODEMS/TYPE1SC/at_custom_modem_specific.o
                0x080048d0                ATCustom_TYPE1SC_analyzeParam
 .text.ATCustom_TYPE1SC_terminateCmd
                0x08004930       0xdc ./Drivers/BSP/X_STMOD_PLUS_MODEMS/TYPE1SC/at_custom_modem_specific.o
                0x08004930                ATCustom_TYPE1SC_terminateCmd
 .text.ATCustom_TYPE1SC_get_rsp
                0x08004a0c       0xe0 ./Drivers/BSP/X_STMOD_PLUS_MODEMS/TYPE1SC/at_custom_modem_specific.o
                0x08004a0c                ATCustom_TYPE1SC_get_rsp
 .text.ATCustom_TYPE1SC_get_urc
                0x08004aec       0x50 ./Drivers/BSP/X_STMOD_PLUS_MODEMS/TYPE1SC/at_custom_modem_specific.o
                0x08004aec                ATCustom_TYPE1SC_get_urc
 .text.ATCustom_TYPE1SC_get_error
                0x08004b3c       0x50 ./Drivers/BSP/X_STMOD_PLUS_MODEMS/TYPE1SC/at_custom_modem_specific.o
                0x08004b3c                ATCustom_TYPE1SC_get_error
 .text.ATCustom_TYPE1SC_hw_event
                0x08004b8c       0x54 ./Drivers/BSP/X_STMOD_PLUS_MODEMS/TYPE1SC/at_custom_modem_specific.o
                0x08004b8c                ATCustom_TYPE1SC_hw_event
 .text.TYPE1SC_LP_disable_modem_uart
                0x08004be0      0x120 ./Drivers/BSP/X_STMOD_PLUS_MODEMS/TYPE1SC/sysctrl_specific.o
 .text.enable_RING_wait_for_falling
                0x08004d00       0x30 ./Drivers/BSP/X_STMOD_PLUS_MODEMS/TYPE1SC/sysctrl_specific.o
 .text.SysCtrl_TYPE1SC_getDeviceDescriptor
                0x08004d30       0xb0 ./Drivers/BSP/X_STMOD_PLUS_MODEMS/TYPE1SC/sysctrl_specific.o
                0x08004d30                SysCtrl_TYPE1SC_getDeviceDescriptor
 .text.SysCtrl_TYPE1SC_close_channel
                0x08004de0       0xf0 ./Drivers/BSP/X_STMOD_PLUS_MODEMS/TYPE1SC/sysctrl_specific.o
                0x08004de0                SysCtrl_TYPE1SC_close_channel
 .text.SysCtrl_TYPE1SC_power_on
                0x08004ed0       0x98 ./Drivers/BSP/X_STMOD_PLUS_MODEMS/TYPE1SC/sysctrl_specific.o
                0x08004ed0                SysCtrl_TYPE1SC_power_on
 .text.SysCtrl_TYPE1SC_power_off
                0x08004f68       0xa8 ./Drivers/BSP/X_STMOD_PLUS_MODEMS/TYPE1SC/sysctrl_specific.o
                0x08004f68                SysCtrl_TYPE1SC_power_off
 .text.SysCtrl_TYPE1SC_reset
                0x08005010       0x64 ./Drivers/BSP/X_STMOD_PLUS_MODEMS/TYPE1SC/sysctrl_specific.o
                0x08005010                SysCtrl_TYPE1SC_reset
 .text.SysCtrl_TYPE1SC_sim_select
                0x08005074        0x4 ./Drivers/BSP/X_STMOD_PLUS_MODEMS/TYPE1SC/sysctrl_specific.o
                0x08005074                SysCtrl_TYPE1SC_sim_select
 .text.SysCtrl_TYPE1SC_request_suspend_channel
                0x08005078       0x7c ./Drivers/BSP/X_STMOD_PLUS_MODEMS/TYPE1SC/sysctrl_specific.o
                0x08005078                SysCtrl_TYPE1SC_request_suspend_channel
 .text.SysCtrl_TYPE1SC_complete_suspend_channel
                0x080050f4       0xe4 ./Drivers/BSP/X_STMOD_PLUS_MODEMS/TYPE1SC/sysctrl_specific.o
                0x080050f4                SysCtrl_TYPE1SC_complete_suspend_channel
 .text.enable_UART
                0x080051d8      0x178 ./Drivers/BSP/X_STMOD_PLUS_MODEMS/TYPE1SC/sysctrl_specific.o
                0x080051d8                enable_UART
 .text.SysCtrl_TYPE1SC_open_channel
                0x08005350       0x8c ./Drivers/BSP/X_STMOD_PLUS_MODEMS/TYPE1SC/sysctrl_specific.o
                0x08005350                SysCtrl_TYPE1SC_open_channel
 .text.SysCtrl_TYPE1SC_resume_channel
                0x080053dc      0x1c0 ./Drivers/BSP/X_STMOD_PLUS_MODEMS/TYPE1SC/sysctrl_specific.o
                0x080053dc                SysCtrl_TYPE1SC_resume_channel
 .text.SysCtrl_TYPE1SC_reinit_channel
                0x0800559c       0x48 ./Drivers/BSP/X_STMOD_PLUS_MODEMS/TYPE1SC/sysctrl_specific.o
                0x0800559c                SysCtrl_TYPE1SC_reinit_channel
 .text.SystemInit
                0x080055e4       0x48 ./Drivers/CMSIS/system_stm32l4xx.o
                0x080055e4                SystemInit
 .text.HAL_Init
                0x0800562c       0x1e ./Drivers/STM32L4xx_HAL_Driver/stm32l4xx_hal.o
                0x0800562c                HAL_Init
 *fill*         0x0800564a        0x2 
 .text.HAL_IncTick
                0x0800564c       0x18 ./Drivers/STM32L4xx_HAL_Driver/stm32l4xx_hal.o
                0x0800564c                HAL_IncTick
 .text.HAL_GetTick
                0x08005664        0xc ./Drivers/STM32L4xx_HAL_Driver/stm32l4xx_hal.o
                0x08005664                HAL_GetTick
 .text.HAL_Delay
                0x08005670       0x28 ./Drivers/STM32L4xx_HAL_Driver/stm32l4xx_hal.o
                0x08005670                HAL_Delay
 .text.LL_ADC_SetChannelSamplingTime
                0x08005698       0x20 ./Drivers/STM32L4xx_HAL_Driver/stm32l4xx_hal_adc.o
 .text.LL_ADC_REG_IsConversionOngoing
                0x080056b8        0x8 ./Drivers/STM32L4xx_HAL_Driver/stm32l4xx_hal_adc.o
 .text.HAL_ADC_Init
                0x080056c0      0x1a8 ./Drivers/STM32L4xx_HAL_Driver/stm32l4xx_hal_adc.o
                0x080056c0                HAL_ADC_Init
 .text.HAL_ADC_ConfigChannel
                0x08005868      0x398 ./Drivers/STM32L4xx_HAL_Driver/stm32l4xx_hal_adc.o
                0x08005868                HAL_ADC_ConfigChannel
 .text.HAL_NVIC_SetPriorityGrouping
                0x08005c00       0x24 ./Drivers/STM32L4xx_HAL_Driver/stm32l4xx_hal_cortex.o
                0x08005c00                HAL_NVIC_SetPriorityGrouping
 .text.HAL_NVIC_SetPriority
                0x08005c24       0x64 ./Drivers/STM32L4xx_HAL_Driver/stm32l4xx_hal_cortex.o
                0x08005c24                HAL_NVIC_SetPriority
 .text.HAL_NVIC_EnableIRQ
                0x08005c88       0x1c ./Drivers/STM32L4xx_HAL_Driver/stm32l4xx_hal_cortex.o
                0x08005c88                HAL_NVIC_EnableIRQ
 .text.HAL_NVIC_DisableIRQ
                0x08005ca4       0x24 ./Drivers/STM32L4xx_HAL_Driver/stm32l4xx_hal_cortex.o
                0x08005ca4                HAL_NVIC_DisableIRQ
 .text.HAL_SYSTICK_Config
                0x08005cc8       0x28 ./Drivers/STM32L4xx_HAL_Driver/stm32l4xx_hal_cortex.o
                0x08005cc8                HAL_SYSTICK_Config
 .text.HAL_SYSTICK_CLKSourceConfig
                0x08005cf0       0x16 ./Drivers/STM32L4xx_HAL_Driver/stm32l4xx_hal_cortex.o
                0x08005cf0                HAL_SYSTICK_CLKSourceConfig
 .text.HAL_DMA_Abort_IT
                0x08005d06       0x48 ./Drivers/STM32L4xx_HAL_Driver/stm32l4xx_hal_dma.o
                0x08005d06                HAL_DMA_Abort_IT
 *fill*         0x08005d4e        0x2 
 .text.HAL_GPIO_Init
                0x08005d50      0x180 ./Drivers/STM32L4xx_HAL_Driver/stm32l4xx_hal_gpio.o
                0x08005d50                HAL_GPIO_Init
 .text.HAL_GPIO_DeInit
                0x08005ed0       0xf4 ./Drivers/STM32L4xx_HAL_Driver/stm32l4xx_hal_gpio.o
                0x08005ed0                HAL_GPIO_DeInit
 .text.HAL_GPIO_ReadPin
                0x08005fc4        0xc ./Drivers/STM32L4xx_HAL_Driver/stm32l4xx_hal_gpio.o
                0x08005fc4                HAL_GPIO_ReadPin
 .text.HAL_GPIO_WritePin
                0x08005fd0        0xa ./Drivers/STM32L4xx_HAL_Driver/stm32l4xx_hal_gpio.o
                0x08005fd0                HAL_GPIO_WritePin
 *fill*         0x08005fda        0x2 
 .text.HAL_GPIO_EXTI_IRQHandler
                0x08005fdc       0x18 ./Drivers/STM32L4xx_HAL_Driver/stm32l4xx_hal_gpio.o
                0x08005fdc                HAL_GPIO_EXTI_IRQHandler
 .text.HAL_I2C_Init
                0x08005ff4       0xa2 ./Drivers/STM32L4xx_HAL_Driver/stm32l4xx_hal_i2c.o
                0x08005ff4                HAL_I2C_Init
 .text.HAL_I2CEx_ConfigAnalogFilter
                0x08006096       0x4c ./Drivers/STM32L4xx_HAL_Driver/stm32l4xx_hal_i2c_ex.o
                0x08006096                HAL_I2CEx_ConfigAnalogFilter
 .text.HAL_I2CEx_ConfigDigitalFilter
                0x080060e2       0x4a ./Drivers/STM32L4xx_HAL_Driver/stm32l4xx_hal_i2c_ex.o
                0x080060e2                HAL_I2CEx_ConfigDigitalFilter
 .text.HAL_PCD_Init
                0x0800612c       0xf2 ./Drivers/STM32L4xx_HAL_Driver/stm32l4xx_hal_pcd.o
                0x0800612c                HAL_PCD_Init
 .text.HAL_PCDEx_ActivateLPM
                0x0800621e       0x2c ./Drivers/STM32L4xx_HAL_Driver/stm32l4xx_hal_pcd_ex.o
                0x0800621e                HAL_PCDEx_ActivateLPM
 *fill*         0x0800624a        0x2 
 .text.HAL_PWR_EnableBkUpAccess
                0x0800624c       0x10 ./Drivers/STM32L4xx_HAL_Driver/stm32l4xx_hal_pwr.o
                0x0800624c                HAL_PWR_EnableBkUpAccess
 .text.HAL_PWREx_GetVoltageRange
                0x0800625c       0x10 ./Drivers/STM32L4xx_HAL_Driver/stm32l4xx_hal_pwr_ex.o
                0x0800625c                HAL_PWREx_GetVoltageRange
 .text.HAL_PWREx_ControlVoltageScaling
                0x0800626c       0x6c ./Drivers/STM32L4xx_HAL_Driver/stm32l4xx_hal_pwr_ex.o
                0x0800626c                HAL_PWREx_ControlVoltageScaling
 .text.QSPI_WaitFlagStateUntilTimeout
                0x080062d8       0x4e ./Drivers/STM32L4xx_HAL_Driver/stm32l4xx_hal_qspi.o
 *fill*         0x08006326        0x2 
 .text.HAL_QSPI_Init
                0x08006328       0xa4 ./Drivers/STM32L4xx_HAL_Driver/stm32l4xx_hal_qspi.o
                0x08006328                HAL_QSPI_Init
 .text.RCC_SetFlashLatencyFromMSIRange
                0x080063cc       0x84 ./Drivers/STM32L4xx_HAL_Driver/stm32l4xx_hal_rcc.o
 .text.HAL_RCC_MCOConfig
                0x08006450       0x50 ./Drivers/STM32L4xx_HAL_Driver/stm32l4xx_hal_rcc.o
                0x08006450                HAL_RCC_MCOConfig
 .text.HAL_RCC_GetSysClockFreq
                0x080064a0       0x9c ./Drivers/STM32L4xx_HAL_Driver/stm32l4xx_hal_rcc.o
                0x080064a0                HAL_RCC_GetSysClockFreq
 .text.HAL_RCC_OscConfig
                0x0800653c      0x554 ./Drivers/STM32L4xx_HAL_Driver/stm32l4xx_hal_rcc.o
                0x0800653c                HAL_RCC_OscConfig
 .text.HAL_RCC_ClockConfig
                0x08006a90      0x128 ./Drivers/STM32L4xx_HAL_Driver/stm32l4xx_hal_rcc.o
                0x08006a90                HAL_RCC_ClockConfig
 .text.HAL_RCC_GetHCLKFreq
                0x08006bb8        0xc ./Drivers/STM32L4xx_HAL_Driver/stm32l4xx_hal_rcc.o
                0x08006bb8                HAL_RCC_GetHCLKFreq
 .text.HAL_RCC_GetPCLK1Freq
                0x08006bc4       0x24 ./Drivers/STM32L4xx_HAL_Driver/stm32l4xx_hal_rcc.o
                0x08006bc4                HAL_RCC_GetPCLK1Freq
 .text.HAL_RCC_GetPCLK2Freq
                0x08006be8       0x24 ./Drivers/STM32L4xx_HAL_Driver/stm32l4xx_hal_rcc.o
                0x08006be8                HAL_RCC_GetPCLK2Freq
 .text.HAL_RCC_GetClockConfig
                0x08006c0c       0x3c ./Drivers/STM32L4xx_HAL_Driver/stm32l4xx_hal_rcc.o
                0x08006c0c                HAL_RCC_GetClockConfig
 .text.RCCEx_PLLSAI1_Config
                0x08006c48      0x10c ./Drivers/STM32L4xx_HAL_Driver/stm32l4xx_hal_rcc_ex.o
 .text.HAL_RCCEx_PeriphCLKConfig
                0x08006d54      0x344 ./Drivers/STM32L4xx_HAL_Driver/stm32l4xx_hal_rcc_ex.o
                0x08006d54                HAL_RCCEx_PeriphCLKConfig
 .text.HAL_RCCEx_EnableMSIPLLMode
                0x08007098       0x10 ./Drivers/STM32L4xx_HAL_Driver/stm32l4xx_hal_rcc_ex.o
                0x08007098                HAL_RCCEx_EnableMSIPLLMode
 .text.HAL_RNG_Init
                0x080070a8       0x5c ./Drivers/STM32L4xx_HAL_Driver/stm32l4xx_hal_rng.o
                0x080070a8                HAL_RNG_Init
 .text.HAL_RNG_GenerateRandomNumber
                0x08007104       0x68 ./Drivers/STM32L4xx_HAL_Driver/stm32l4xx_hal_rng.o
                0x08007104                HAL_RNG_GenerateRandomNumber
 .text.HAL_RTC_WaitForSynchro
                0x0800716c       0x30 ./Drivers/STM32L4xx_HAL_Driver/stm32l4xx_hal_rtc.o
                0x0800716c                HAL_RTC_WaitForSynchro
 .text.RTC_EnterInitMode
                0x0800719c       0x48 ./Drivers/STM32L4xx_HAL_Driver/stm32l4xx_hal_rtc.o
                0x0800719c                RTC_EnterInitMode
 .text.RTC_ExitInitMode
                0x080071e4       0x44 ./Drivers/STM32L4xx_HAL_Driver/stm32l4xx_hal_rtc.o
                0x080071e4                RTC_ExitInitMode
 .text.HAL_RTC_Init
                0x08007228       0x8c ./Drivers/STM32L4xx_HAL_Driver/stm32l4xx_hal_rtc.o
                0x08007228                HAL_RTC_Init
 .text.SPI_WaitFlagStateUntilTimeout.constprop.0
                0x080072b4       0xa4 ./Drivers/STM32L4xx_HAL_Driver/stm32l4xx_hal_spi.o
 .text.SPI_WaitFifoStateUntilTimeout.constprop.0
                0x08007358       0xb4 ./Drivers/STM32L4xx_HAL_Driver/stm32l4xx_hal_spi.o
 .text.SPI_EndRxTxTransaction
                0x0800740c       0x44 ./Drivers/STM32L4xx_HAL_Driver/stm32l4xx_hal_spi.o
 .text.HAL_SPI_Init
                0x08007450       0xd4 ./Drivers/STM32L4xx_HAL_Driver/stm32l4xx_hal_spi.o
                0x08007450                HAL_SPI_Init
 .text.HAL_SPI_TransmitReceive
                0x08007524      0x24e ./Drivers/STM32L4xx_HAL_Driver/stm32l4xx_hal_spi.o
                0x08007524                HAL_SPI_TransmitReceive
 *fill*         0x08007772        0x2 
 .text.TIM_OC1_SetConfig
                0x08007774       0x78 ./Drivers/STM32L4xx_HAL_Driver/stm32l4xx_hal_tim.o
 .text.TIM_OC3_SetConfig
                0x080077ec       0x6c ./Drivers/STM32L4xx_HAL_Driver/stm32l4xx_hal_tim.o
 .text.TIM_OC4_SetConfig
                0x08007858       0x58 ./Drivers/STM32L4xx_HAL_Driver/stm32l4xx_hal_tim.o
 .text.TIM_OC5_SetConfig
                0x080078b0       0x58 ./Drivers/STM32L4xx_HAL_Driver/stm32l4xx_hal_tim.o
 .text.TIM_OC6_SetConfig
                0x08007908       0x58 ./Drivers/STM32L4xx_HAL_Driver/stm32l4xx_hal_tim.o
 .text.HAL_TIM_Base_MspInit
                0x08007960        0x2 ./Drivers/STM32L4xx_HAL_Driver/stm32l4xx_hal_tim.o
                0x08007960                HAL_TIM_Base_MspInit
 *fill*         0x08007962        0x2 
 .text.HAL_TIM_Base_Start_IT
                0x08007964       0x5c ./Drivers/STM32L4xx_HAL_Driver/stm32l4xx_hal_tim.o
                0x08007964                HAL_TIM_Base_Start_IT
 .text.HAL_TIM_OC_DelayElapsedCallback
                0x080079c0        0x2 ./Drivers/STM32L4xx_HAL_Driver/stm32l4xx_hal_tim.o
                0x080079c0                HAL_TIM_OC_DelayElapsedCallback
 .text.HAL_TIM_IC_CaptureCallback
                0x080079c2        0x2 ./Drivers/STM32L4xx_HAL_Driver/stm32l4xx_hal_tim.o
                0x080079c2                HAL_TIM_IC_CaptureCallback
 .text.HAL_TIM_PWM_PulseFinishedCallback
                0x080079c4        0x2 ./Drivers/STM32L4xx_HAL_Driver/stm32l4xx_hal_tim.o
                0x080079c4                HAL_TIM_PWM_PulseFinishedCallback
 .text.HAL_TIM_TriggerCallback
                0x080079c6        0x2 ./Drivers/STM32L4xx_HAL_Driver/stm32l4xx_hal_tim.o
                0x080079c6                HAL_TIM_TriggerCallback
 .text.HAL_TIM_IRQHandler
                0x080079c8      0x160 ./Drivers/STM32L4xx_HAL_Driver/stm32l4xx_hal_tim.o
                0x080079c8                HAL_TIM_IRQHandler
 .text.TIM_Base_SetConfig
                0x08007b28       0x84 ./Drivers/STM32L4xx_HAL_Driver/stm32l4xx_hal_tim.o
                0x08007b28                TIM_Base_SetConfig
 .text.HAL_TIM_Base_Init
                0x08007bac       0x60 ./Drivers/STM32L4xx_HAL_Driver/stm32l4xx_hal_tim.o
                0x08007bac                HAL_TIM_Base_Init
 .text.HAL_TIM_PWM_Init
                0x08007c0c       0x60 ./Drivers/STM32L4xx_HAL_Driver/stm32l4xx_hal_tim.o
                0x08007c0c                HAL_TIM_PWM_Init
 .text.TIM_OC2_SetConfig
                0x08007c6c       0x70 ./Drivers/STM32L4xx_HAL_Driver/stm32l4xx_hal_tim.o
                0x08007c6c                TIM_OC2_SetConfig
 .text.HAL_TIM_PWM_ConfigChannel
                0x08007cdc       0xf6 ./Drivers/STM32L4xx_HAL_Driver/stm32l4xx_hal_tim.o
                0x08007cdc                HAL_TIM_PWM_ConfigChannel
 *fill*         0x08007dd2        0x2 
 .text.HAL_TIMEx_MasterConfigSynchronization
                0x08007dd4       0x6c ./Drivers/STM32L4xx_HAL_Driver/stm32l4xx_hal_tim_ex.o
                0x08007dd4                HAL_TIMEx_MasterConfigSynchronization
 .text.HAL_TIMEx_CommutCallback
                0x08007e40        0x2 ./Drivers/STM32L4xx_HAL_Driver/stm32l4xx_hal_tim_ex.o
                0x08007e40                HAL_TIMEx_CommutCallback
 .text.HAL_TIMEx_BreakCallback
                0x08007e42        0x2 ./Drivers/STM32L4xx_HAL_Driver/stm32l4xx_hal_tim_ex.o
                0x08007e42                HAL_TIMEx_BreakCallback
 .text.HAL_TIMEx_Break2Callback
                0x08007e44        0x2 ./Drivers/STM32L4xx_HAL_Driver/stm32l4xx_hal_tim_ex.o
                0x08007e44                HAL_TIMEx_Break2Callback
 .text.UART_EndRxTransfer
                0x08007e46       0x1c ./Drivers/STM32L4xx_HAL_Driver/stm32l4xx_hal_uart.o
 .text.UART_TxISR_8BIT
                0x08007e62       0x3a ./Drivers/STM32L4xx_HAL_Driver/stm32l4xx_hal_uart.o
 .text.UART_TxISR_16BIT
                0x08007e9c       0x3e ./Drivers/STM32L4xx_HAL_Driver/stm32l4xx_hal_uart.o
 .text.HAL_UART_DeInit
                0x08007eda       0x32 ./Drivers/STM32L4xx_HAL_Driver/stm32l4xx_hal_uart.o
                0x08007eda                HAL_UART_DeInit
 .text.HAL_UART_Transmit_IT
                0x08007f0c       0x64 ./Drivers/STM32L4xx_HAL_Driver/stm32l4xx_hal_uart.o
                0x08007f0c                HAL_UART_Transmit_IT
 .text.HAL_UART_Receive_IT
                0x08007f70       0xac ./Drivers/STM32L4xx_HAL_Driver/stm32l4xx_hal_uart.o
                0x08007f70                HAL_UART_Receive_IT
 .text.UART_RxISR_8BIT
                0x0800801c       0x5a ./Drivers/STM32L4xx_HAL_Driver/stm32l4xx_hal_uart.o
 .text.UART_RxISR_16BIT
                0x08008076       0x56 ./Drivers/STM32L4xx_HAL_Driver/stm32l4xx_hal_uart.o
 .text.HAL_UART_IRQHandler
                0x080080cc      0x14c ./Drivers/STM32L4xx_HAL_Driver/stm32l4xx_hal_uart.o
                0x080080cc                HAL_UART_IRQHandler
 .text.UART_DMAAbortOnError
                0x08008218       0x14 ./Drivers/STM32L4xx_HAL_Driver/stm32l4xx_hal_uart.o
 .text.HAL_UART_AbortTransmitCpltCallback
                0x0800822c        0x2 ./Drivers/STM32L4xx_HAL_Driver/stm32l4xx_hal_uart.o
                0x0800822c                HAL_UART_AbortTransmitCpltCallback
 *fill*         0x0800822e        0x2 
 .text.HAL_UART_AbortTransmit_IT
                0x08008230       0x4c ./Drivers/STM32L4xx_HAL_Driver/stm32l4xx_hal_uart.o
                0x08008230                HAL_UART_AbortTransmit_IT
 .text.UART_DMATxOnlyAbortCallback
                0x0800827c       0x14 ./Drivers/STM32L4xx_HAL_Driver/stm32l4xx_hal_uart.o
 .text.UART_SetConfig
                0x08008290      0x210 ./Drivers/STM32L4xx_HAL_Driver/stm32l4xx_hal_uart.o
                0x08008290                UART_SetConfig
 .text.UART_AdvFeatureConfig
                0x080084a0       0xa8 ./Drivers/STM32L4xx_HAL_Driver/stm32l4xx_hal_uart.o
                0x080084a0                UART_AdvFeatureConfig
 .text.UART_WaitOnFlagUntilTimeout
                0x08008548       0x8c ./Drivers/STM32L4xx_HAL_Driver/stm32l4xx_hal_uart.o
                0x08008548                UART_WaitOnFlagUntilTimeout
 .text.HAL_UART_Transmit
                0x080085d4       0xb0 ./Drivers/STM32L4xx_HAL_Driver/stm32l4xx_hal_uart.o
                0x080085d4                HAL_UART_Transmit
 .text.UART_CheckIdleState
                0x08008684       0x60 ./Drivers/STM32L4xx_HAL_Driver/stm32l4xx_hal_uart.o
                0x08008684                UART_CheckIdleState
 .text.HAL_UART_Init
                0x080086e4       0x5c ./Drivers/STM32L4xx_HAL_Driver/stm32l4xx_hal_uart.o
                0x080086e4                HAL_UART_Init
 .text.HAL_UARTEx_WakeupCallback
                0x08008740        0x2 ./Drivers/STM32L4xx_HAL_Driver/stm32l4xx_hal_uart_ex.o
                0x08008740                HAL_UARTEx_WakeupCallback
 .text.USB_CoreInit
                0x08008742        0xe ./Drivers/STM32L4xx_HAL_Driver/stm32l4xx_ll_usb.o
                0x08008742                USB_CoreInit
 .text.USB_DisableGlobalInt
                0x08008750       0x14 ./Drivers/STM32L4xx_HAL_Driver/stm32l4xx_ll_usb.o
                0x08008750                USB_DisableGlobalInt
 .text.USB_SetCurrentMode
                0x08008764        0x4 ./Drivers/STM32L4xx_HAL_Driver/stm32l4xx_ll_usb.o
                0x08008764                USB_SetCurrentMode
 .text.USB_DevInit
                0x08008768       0x28 ./Drivers/STM32L4xx_HAL_Driver/stm32l4xx_ll_usb.o
                0x08008768                USB_DevInit
 .text.USB_DevDisconnect
                0x08008790       0x10 ./Drivers/STM32L4xx_HAL_Driver/stm32l4xx_ll_usb.o
                0x08008790                USB_DevDisconnect
 .text.msgReceivedCallback
                0x080087a0       0x70 ./Middlewares/Cellular/Core/AT_Core/at_core.o
 .text.ATCoreTaskBody
                0x08008810      0x3bc ./Middlewares/Cellular/Core/AT_Core/at_core.o
 .text.msgSentCallback
                0x08008bcc       0x2c ./Middlewares/Cellular/Core/AT_Core/at_core.o
 .text.AT_init  0x08008bf8       0x58 ./Middlewares/Cellular/Core/AT_Core/at_core.o
                0x08008bf8                AT_init
 .text.AT_open  0x08008c50       0xb4 ./Middlewares/Cellular/Core/AT_Core/at_core.o
                0x08008c50                AT_open
 .text.AT_open_channel
                0x08008d04       0x94 ./Middlewares/Cellular/Core/AT_Core/at_core.o
                0x08008d04                AT_open_channel
 .text.AT_close_channel
                0x08008d98       0x5c ./Middlewares/Cellular/Core/AT_Core/at_core.o
                0x08008d98                AT_close_channel
 .text.AT_sendcmd
                0x08008df4      0x57c ./Middlewares/Cellular/Core/AT_Core/at_core.o
                0x08008df4                AT_sendcmd
 .text.AT_internalEvent
                0x08009370       0x50 ./Middlewares/Cellular/Core/AT_Core/at_core.o
                0x08009370                AT_internalEvent
 .text.atcore_task_start
                0x080093c0      0x110 ./Middlewares/Cellular/Core/AT_Core/at_core.o
                0x080093c0                atcore_task_start
 .text.check_structure_to_read
                0x080094d0       0x98 ./Middlewares/Cellular/Core/AT_Core/at_datapack.o
 .text.DATAPACK_writePtr
                0x08009568       0x58 ./Middlewares/Cellular/Core/AT_Core/at_datapack.o
                0x08009568                DATAPACK_writePtr
 .text.DATAPACK_writeStruct
                0x080095c0       0xb0 ./Middlewares/Cellular/Core/AT_Core/at_datapack.o
                0x080095c0                DATAPACK_writeStruct
 .text.DATAPACK_readPtr
                0x08009670       0x58 ./Middlewares/Cellular/Core/AT_Core/at_datapack.o
                0x08009670                DATAPACK_readPtr
 .text.DATAPACK_readStruct
                0x080096c8       0x64 ./Middlewares/Cellular/Core/AT_Core/at_datapack.o
                0x080096c8                DATAPACK_readStruct
 .text.DATAPACK_readMsgType
                0x0800972c        0x8 ./Middlewares/Cellular/Core/AT_Core/at_datapack.o
                0x0800972c                DATAPACK_readMsgType
 .text.atcc_initParsers
                0x08009734       0x58 ./Middlewares/Cellular/Core/AT_Core/at_modem_api.o
                0x08009734                atcc_initParsers
 .text.atcc_init
                0x0800978c       0x14 ./Middlewares/Cellular/Core/AT_Core/at_modem_api.o
                0x0800978c                atcc_init
 .text.atcc_checkEndOfMsgCallback
                0x080097a0       0x14 ./Middlewares/Cellular/Core/AT_Core/at_modem_api.o
                0x080097a0                atcc_checkEndOfMsgCallback
 .text.atcc_getCmd
                0x080097b4       0x54 ./Middlewares/Cellular/Core/AT_Core/at_modem_api.o
                0x080097b4                atcc_getCmd
 .text.atcc_extractElement
                0x08009808       0x98 ./Middlewares/Cellular/Core/AT_Core/at_modem_api.o
                0x08009808                atcc_extractElement
 .text.atcc_analyzeCmd
                0x080098a0       0x54 ./Middlewares/Cellular/Core/AT_Core/at_modem_api.o
                0x080098a0                atcc_analyzeCmd
 .text.atcc_analyzeParam
                0x080098f4       0x54 ./Middlewares/Cellular/Core/AT_Core/at_modem_api.o
                0x080098f4                atcc_analyzeParam
 .text.atcc_terminateCmd
                0x08009948       0x54 ./Middlewares/Cellular/Core/AT_Core/at_modem_api.o
                0x08009948                atcc_terminateCmd
 .text.atcc_get_rsp
                0x0800999c       0x54 ./Middlewares/Cellular/Core/AT_Core/at_modem_api.o
                0x0800999c                atcc_get_rsp
 .text.atcc_get_urc
                0x080099f0       0x54 ./Middlewares/Cellular/Core/AT_Core/at_modem_api.o
                0x080099f0                atcc_get_urc
 .text.atcc_get_error
                0x08009a44       0x54 ./Middlewares/Cellular/Core/AT_Core/at_modem_api.o
                0x08009a44                atcc_get_error
 .text.atcc_hw_event
                0x08009a98       0x10 ./Middlewares/Cellular/Core/AT_Core/at_modem_api.o
                0x08009a98                atcc_hw_event
 .text.atcm_put_IP_address_infos
                0x08009aa8       0x30 ./Middlewares/Cellular/Core/AT_Core/at_modem_common.o
                0x08009aa8                atcm_put_IP_address_infos
 .text.atcm_get_IP_address_infos
                0x08009ad8       0x30 ./Middlewares/Cellular/Core/AT_Core/at_modem_common.o
                0x08009ad8                atcm_get_IP_address_infos
 .text.atcm_get_ip_address_type
                0x08009b08       0x58 ./Middlewares/Cellular/Core/AT_Core/at_modem_common.o
                0x08009b08                atcm_get_ip_address_type
 .text.atcm_extract_IP_address
                0x08009b60       0x32 ./Middlewares/Cellular/Core/AT_Core/at_modem_common.o
                0x08009b60                atcm_extract_IP_address
 *fill*         0x08009b92        0x2 
 .text.atcm_get_cid_current_SID
                0x08009b94       0x48 ./Middlewares/Cellular/Core/AT_Core/at_modem_common.o
                0x08009b94                atcm_get_cid_current_SID
 .text.atcm_get_CmdStr
                0x08009bdc       0x3c ./Middlewares/Cellular/Core/AT_Core/at_modem_common.o
                0x08009bdc                atcm_get_CmdStr
 .text.atcm_get_CmdTimeout
                0x08009c18       0x3a ./Middlewares/Cellular/Core/AT_Core/at_modem_common.o
                0x08009c18                atcm_get_CmdTimeout
 *fill*         0x08009c52        0x2 
 .text.atcm_get_CmdBuildFunc
                0x08009c54       0x3c ./Middlewares/Cellular/Core/AT_Core/at_modem_common.o
                0x08009c54                atcm_get_CmdBuildFunc
 .text.atcm_get_CmdAnalyzeFunc
                0x08009c90       0x3c ./Middlewares/Cellular/Core/AT_Core/at_modem_common.o
                0x08009c90                atcm_get_CmdAnalyzeFunc
 .text.atcm_get_PDPtypeStr
                0x08009ccc       0x38 ./Middlewares/Cellular/Core/AT_Core/at_modem_common.o
                0x08009ccc                atcm_get_PDPtypeStr
 .text.atcm_program_AT_CMD
                0x08009d04       0x24 ./Middlewares/Cellular/Core/AT_Core/at_modem_common.o
                0x08009d04                atcm_program_AT_CMD
 .text.atcm_program_AT_CMD_ANSWER_OPTIONAL
                0x08009d28       0x24 ./Middlewares/Cellular/Core/AT_Core/at_modem_common.o
                0x08009d28                atcm_program_AT_CMD_ANSWER_OPTIONAL
 .text.atcm_program_CMD_TIMEOUT
                0x08009d4c       0x14 ./Middlewares/Cellular/Core/AT_Core/at_modem_common.o
                0x08009d4c                atcm_program_CMD_TIMEOUT
 .text.atcm_program_TEMPO
                0x08009d60       0x58 ./Middlewares/Cellular/Core/AT_Core/at_modem_common.o
                0x08009d60                atcm_program_TEMPO
 .text.atcm_program_NO_MORE_CMD
                0x08009db8       0x18 ./Middlewares/Cellular/Core/AT_Core/at_modem_common.o
                0x08009db8                atcm_program_NO_MORE_CMD
 .text.atcm_program_SKIP_CMD
                0x08009dd0       0x18 ./Middlewares/Cellular/Core/AT_Core/at_modem_common.o
                0x08009dd0                atcm_program_SKIP_CMD
 .text.atcm_modem_build_cmd
                0x08009de8       0xf8 ./Middlewares/Cellular/Core/AT_Core/at_modem_common.o
                0x08009de8                atcm_modem_build_cmd
 .text.atcm_modem_get_rsp
                0x08009ee0      0x168 ./Middlewares/Cellular/Core/AT_Core/at_modem_common.o
                0x08009ee0                atcm_modem_get_rsp
 .text.atcm_modem_get_urc
                0x0800a048      0x59c ./Middlewares/Cellular/Core/AT_Core/at_modem_common.o
                0x0800a048                atcm_modem_get_urc
 .text.atcm_modem_get_error
                0x0800a5e4       0x4c ./Middlewares/Cellular/Core/AT_Core/at_modem_common.o
                0x0800a5e4                atcm_modem_get_error
 .text.atcm_subscribe_net_event
                0x0800a630       0x9c ./Middlewares/Cellular/Core/AT_Core/at_modem_common.o
                0x0800a630                atcm_subscribe_net_event
 .text.atcm_unsubscribe_net_event
                0x0800a6cc       0x84 ./Middlewares/Cellular/Core/AT_Core/at_modem_common.o
                0x0800a6cc                atcm_unsubscribe_net_event
 .text.atcm_validate_ping_request
                0x0800a750       0x2c ./Middlewares/Cellular/Core/AT_Core/at_modem_common.o
                0x0800a750                atcm_validate_ping_request
 .text.atcm_modem_event_received
                0x0800a77c       0x14 ./Middlewares/Cellular/Core/AT_Core/at_modem_common.o
                0x0800a77c                atcm_modem_event_received
 .text.atcm_reset_persistent_context
                0x0800a790      0x138 ./Middlewares/Cellular/Core/AT_Core/at_modem_common.o
                0x0800a790                atcm_reset_persistent_context
 .text.atcm_reset_SID_context
                0x0800a8c8       0xbc ./Middlewares/Cellular/Core/AT_Core/at_modem_common.o
                0x0800a8c8                atcm_reset_SID_context
 .text.atcm_reset_CMD_context
                0x0800a984       0x5c ./Middlewares/Cellular/Core/AT_Core/at_modem_common.o
                0x0800a984                atcm_reset_CMD_context
 .text.atcm_reset_SOCKET_context
                0x0800a9e0       0x64 ./Middlewares/Cellular/Core/AT_Core/at_modem_common.o
                0x0800a9e0                atcm_reset_SOCKET_context
 .text.atcm_modem_init
                0x0800aa44       0x60 ./Middlewares/Cellular/Core/AT_Core/at_modem_common.o
                0x0800aa44                atcm_modem_init
 .text.atcm_modem_reset
                0x0800aaa4       0x58 ./Middlewares/Cellular/Core/AT_Core/at_modem_common.o
                0x0800aaa4                atcm_modem_reset
 .text.atcm_searchCmdInLUT
                0x0800aafc       0xb4 ./Middlewares/Cellular/Core/AT_Core/at_modem_common.o
                0x0800aafc                atcm_searchCmdInLUT
 .text.atcm_check_text_line_cmd
                0x0800abb0       0x90 ./Middlewares/Cellular/Core/AT_Core/at_modem_common.o
                0x0800abb0                atcm_check_text_line_cmd
 .text.atcm_retrieve_SID_parameters
                0x0800ac40      0x288 ./Middlewares/Cellular/Core/AT_Core/at_modem_common.o
                0x0800ac40                atcm_retrieve_SID_parameters
 .text.atcm_get_affected_modem_cid
                0x0800aec8       0x64 ./Middlewares/Cellular/Core/AT_Core/at_modem_common.o
                0x0800aec8                atcm_get_affected_modem_cid
 .text.atcm_get_configID_for_modem_cid
                0x0800af2c       0x1c ./Middlewares/Cellular/Core/AT_Core/at_modem_common.o
                0x0800af2c                atcm_get_configID_for_modem_cid
 .text.atcm_convert_index_to_PDN_conf
                0x0800af48        0x8 ./Middlewares/Cellular/Core/AT_Core/at_modem_common.o
                0x0800af48                atcm_convert_index_to_PDN_conf
 .text.reset_pdn_event
                0x0800af50        0xc ./Middlewares/Cellular/Core/AT_Core/at_modem_common.o
                0x0800af50                reset_pdn_event
 .text.display_clear_network_state
                0x0800af5c       0xa8 ./Middlewares/Cellular/Core/AT_Core/at_modem_signalling.o
 .text.extract_hex_value_from_quotes
                0x0800b004       0x1c ./Middlewares/Cellular/Core/AT_Core/at_modem_signalling.o
 .text.extract_bin_value_from_quotes
                0x0800b020       0x1c ./Middlewares/Cellular/Core/AT_Core/at_modem_signalling.o
 .text.fCmdBuild_NoParams
                0x0800b03c       0x3c ./Middlewares/Cellular/Core/AT_Core/at_modem_signalling.o
                0x0800b03c                fCmdBuild_NoParams
 .text.fCmdBuild_CGSN
                0x0800b078       0x58 ./Middlewares/Cellular/Core/AT_Core/at_modem_signalling.o
                0x0800b078                fCmdBuild_CGSN
 .text.fCmdBuild_CMEE
                0x0800b0d0       0x58 ./Middlewares/Cellular/Core/AT_Core/at_modem_signalling.o
                0x0800b0d0                fCmdBuild_CMEE
 .text.fCmdBuild_CPIN
                0x0800b128       0x8c ./Middlewares/Cellular/Core/AT_Core/at_modem_signalling.o
                0x0800b128                fCmdBuild_CPIN
 .text.fCmdBuild_CFUN
                0x0800b1b4       0x84 ./Middlewares/Cellular/Core/AT_Core/at_modem_signalling.o
                0x0800b1b4                fCmdBuild_CFUN
 .text.fCmdBuild_COPS
                0x0800b238       0xfc ./Middlewares/Cellular/Core/AT_Core/at_modem_signalling.o
                0x0800b238                fCmdBuild_COPS
 .text.fCmdBuild_CGATT
                0x0800b334       0xa4 ./Middlewares/Cellular/Core/AT_Core/at_modem_signalling.o
                0x0800b334                fCmdBuild_CGATT
 .text.fCmdBuild_CREG
                0x0800b3d8       0x70 ./Middlewares/Cellular/Core/AT_Core/at_modem_signalling.o
                0x0800b3d8                fCmdBuild_CREG
 .text.fCmdBuild_CGREG
                0x0800b448       0x7c ./Middlewares/Cellular/Core/AT_Core/at_modem_signalling.o
                0x0800b448                fCmdBuild_CGREG
 .text.fCmdBuild_CEREG
                0x0800b4c4       0x7c ./Middlewares/Cellular/Core/AT_Core/at_modem_signalling.o
                0x0800b4c4                fCmdBuild_CEREG
 .text.fCmdBuild_CGEREP
                0x0800b540       0x64 ./Middlewares/Cellular/Core/AT_Core/at_modem_signalling.o
                0x0800b540                fCmdBuild_CGEREP
 .text.fCmdBuild_CGDCONT
                0x0800b5a4       0xf8 ./Middlewares/Cellular/Core/AT_Core/at_modem_signalling.o
                0x0800b5a4                fCmdBuild_CGDCONT
 .text.fCmdBuild_CGACT
                0x0800b69c       0xb4 ./Middlewares/Cellular/Core/AT_Core/at_modem_signalling.o
                0x0800b69c                fCmdBuild_CGACT
 .text.fCmdBuild_CGDATA
                0x0800b750       0xa8 ./Middlewares/Cellular/Core/AT_Core/at_modem_signalling.o
                0x0800b750                fCmdBuild_CGDATA
 .text.fCmdBuild_CGPADDR
                0x0800b7f8       0xa8 ./Middlewares/Cellular/Core/AT_Core/at_modem_signalling.o
                0x0800b7f8                fCmdBuild_CGPADDR
 .text.fCmdBuild_ATE
                0x0800b8a0       0x60 ./Middlewares/Cellular/Core/AT_Core/at_modem_signalling.o
                0x0800b8a0                fCmdBuild_ATE
 .text.fCmdBuild_ATV
                0x0800b900       0x60 ./Middlewares/Cellular/Core/AT_Core/at_modem_signalling.o
                0x0800b900                fCmdBuild_ATV
 .text.fCmdBuild_ATX
                0x0800b960       0x50 ./Middlewares/Cellular/Core/AT_Core/at_modem_signalling.o
                0x0800b960                fCmdBuild_ATX
 .text.fCmdBuild_IPR
                0x0800b9b0       0x58 ./Middlewares/Cellular/Core/AT_Core/at_modem_signalling.o
                0x0800b9b0                fCmdBuild_IPR
 .text.fCmdBuild_IFC
                0x0800ba08       0x60 ./Middlewares/Cellular/Core/AT_Core/at_modem_signalling.o
                0x0800ba08                fCmdBuild_IFC
 .text.fCmdBuild_ESCAPE_CMD
                0x0800ba68       0x5c ./Middlewares/Cellular/Core/AT_Core/at_modem_signalling.o
                0x0800ba68                fCmdBuild_ESCAPE_CMD
 .text.fCmdBuild_AT_AND_D
                0x0800bac4       0x50 ./Middlewares/Cellular/Core/AT_Core/at_modem_signalling.o
                0x0800bac4                fCmdBuild_AT_AND_D
 .text.fCmdBuild_CPSMS
                0x0800bb14      0x140 ./Middlewares/Cellular/Core/AT_Core/at_modem_signalling.o
                0x0800bb14                fCmdBuild_CPSMS
 .text.fCmdBuild_CEDRXS
                0x0800bc54      0x110 ./Middlewares/Cellular/Core/AT_Core/at_modem_signalling.o
                0x0800bc54                fCmdBuild_CEDRXS
 .text.fCmdBuild_CSIM
                0x0800bd64       0x64 ./Middlewares/Cellular/Core/AT_Core/at_modem_signalling.o
                0x0800bd64                fCmdBuild_CSIM
 .text.fCmdBuild_DIRECT_CMD
                0x0800bdc8       0xac ./Middlewares/Cellular/Core/AT_Core/at_modem_signalling.o
                0x0800bdc8                fCmdBuild_DIRECT_CMD
 .text.fRspAnalyze_None
                0x0800be74       0x3c ./Middlewares/Cellular/Core/AT_Core/at_modem_signalling.o
                0x0800be74                fRspAnalyze_None
 .text.fRspAnalyze_CmeErr
                0x0800beb0      0x3a4 ./Middlewares/Cellular/Core/AT_Core/at_modem_signalling.o
                0x0800beb0                fRspAnalyze_CmeErr
 .text.fRspAnalyze_Error
                0x0800c254       0x54 ./Middlewares/Cellular/Core/AT_Core/at_modem_signalling.o
                0x0800c254                fRspAnalyze_Error
 .text.fRspAnalyze_CmsErr
                0x0800c2a8       0x3c ./Middlewares/Cellular/Core/AT_Core/at_modem_signalling.o
                0x0800c2a8                fRspAnalyze_CmsErr
 .text.fRspAnalyze_CGMI
                0x0800c2e4       0x98 ./Middlewares/Cellular/Core/AT_Core/at_modem_signalling.o
                0x0800c2e4                fRspAnalyze_CGMI
 .text.fRspAnalyze_CGMM
                0x0800c37c       0x98 ./Middlewares/Cellular/Core/AT_Core/at_modem_signalling.o
                0x0800c37c                fRspAnalyze_CGMM
 .text.fRspAnalyze_CGMR
                0x0800c414       0x98 ./Middlewares/Cellular/Core/AT_Core/at_modem_signalling.o
                0x0800c414                fRspAnalyze_CGMR
 .text.fRspAnalyze_CGSN
                0x0800c4ac      0x200 ./Middlewares/Cellular/Core/AT_Core/at_modem_signalling.o
                0x0800c4ac                fRspAnalyze_CGSN
 .text.fRspAnalyze_CIMI
                0x0800c6ac       0x98 ./Middlewares/Cellular/Core/AT_Core/at_modem_signalling.o
                0x0800c6ac                fRspAnalyze_CIMI
 .text.fRspAnalyze_CEER
                0x0800c744       0x3c ./Middlewares/Cellular/Core/AT_Core/at_modem_signalling.o
                0x0800c744                fRspAnalyze_CEER
 .text.fRspAnalyze_CPIN
                0x0800c780      0x270 ./Middlewares/Cellular/Core/AT_Core/at_modem_signalling.o
                0x0800c780                fRspAnalyze_CPIN
 .text.fRspAnalyze_COPS
                0x0800c9f0      0x314 ./Middlewares/Cellular/Core/AT_Core/at_modem_signalling.o
                0x0800c9f0                fRspAnalyze_COPS
 .text.fRspAnalyze_CNUM
                0x0800cd04       0x6c ./Middlewares/Cellular/Core/AT_Core/at_modem_signalling.o
                0x0800cd04                fRspAnalyze_CNUM
 .text.fRspAnalyze_CGATT
                0x0800cd70       0xe0 ./Middlewares/Cellular/Core/AT_Core/at_modem_signalling.o
                0x0800cd70                fRspAnalyze_CGATT
 .text.fRspAnalyze_CREG
                0x0800ce50      0x3b8 ./Middlewares/Cellular/Core/AT_Core/at_modem_signalling.o
                0x0800ce50                fRspAnalyze_CREG
 .text.fRspAnalyze_CGREG
                0x0800d208      0x6e0 ./Middlewares/Cellular/Core/AT_Core/at_modem_signalling.o
                0x0800d208                fRspAnalyze_CGREG
 .text.fRspAnalyze_CEREG
                0x0800d8e8      0x670 ./Middlewares/Cellular/Core/AT_Core/at_modem_signalling.o
                0x0800d8e8                fRspAnalyze_CEREG
 .text.fRspAnalyze_CGEV
                0x0800df58      0x5d0 ./Middlewares/Cellular/Core/AT_Core/at_modem_signalling.o
                0x0800df58                fRspAnalyze_CGEV
 .text.fRspAnalyze_CSQ
                0x0800e528      0x100 ./Middlewares/Cellular/Core/AT_Core/at_modem_signalling.o
                0x0800e528                fRspAnalyze_CSQ
 .text.fRspAnalyze_CGPADDR
                0x0800e628      0x15c ./Middlewares/Cellular/Core/AT_Core/at_modem_signalling.o
                0x0800e628                fRspAnalyze_CGPADDR
 .text.fRspAnalyze_CPSMS
                0x0800e784      0x144 ./Middlewares/Cellular/Core/AT_Core/at_modem_signalling.o
                0x0800e784                fRspAnalyze_CPSMS
 .text.fRspAnalyze_CEDRXS
                0x0800e8c8      0x128 ./Middlewares/Cellular/Core/AT_Core/at_modem_signalling.o
                0x0800e8c8                fRspAnalyze_CEDRXS
 .text.fRspAnalyze_CEDRXP
                0x0800e9f0      0x148 ./Middlewares/Cellular/Core/AT_Core/at_modem_signalling.o
                0x0800e9f0                fRspAnalyze_CEDRXP
 .text.fRspAnalyze_CEDRXRDP
                0x0800eb38      0x148 ./Middlewares/Cellular/Core/AT_Core/at_modem_signalling.o
                0x0800eb38                fRspAnalyze_CEDRXRDP
 .text.fRspAnalyze_CSIM
                0x0800ec80       0xdc ./Middlewares/Cellular/Core/AT_Core/at_modem_signalling.o
                0x0800ec80                fRspAnalyze_CSIM
 .text.fRspAnalyze_GSN
                0x0800ed5c       0x98 ./Middlewares/Cellular/Core/AT_Core/at_modem_signalling.o
                0x0800ed5c                fRspAnalyze_GSN
 .text.fRspAnalyze_IPR
                0x0800edf4       0xe0 ./Middlewares/Cellular/Core/AT_Core/at_modem_signalling.o
                0x0800edf4                fRspAnalyze_IPR
 .text.fRspAnalyze_IFC
                0x0800eed4      0x114 ./Middlewares/Cellular/Core/AT_Core/at_modem_signalling.o
                0x0800eed4                fRspAnalyze_IFC
 .text.fRspAnalyze_DIRECT_CMD
                0x0800efe8       0x3c ./Middlewares/Cellular/Core/AT_Core/at_modem_signalling.o
                0x0800efe8                fRspAnalyze_DIRECT_CMD
 .text.atcm_socket_release_modem_cid
                0x0800f024       0x90 ./Middlewares/Cellular/Core/AT_Core/at_modem_socket.o
                0x0800f024                atcm_socket_release_modem_cid
 .text.atcm_socket_get_modem_cid
                0x0800f0b4       0x4c ./Middlewares/Cellular/Core/AT_Core/at_modem_socket.o
                0x0800f0b4                atcm_socket_get_modem_cid
 .text.atcm_socket_set_modem_cid
                0x0800f100       0x4c ./Middlewares/Cellular/Core/AT_Core/at_modem_socket.o
                0x0800f100                atcm_socket_set_modem_cid
 .text.atcm_socket_get_socket_handle
                0x0800f14c       0x5c ./Middlewares/Cellular/Core/AT_Core/at_modem_socket.o
                0x0800f14c                atcm_socket_get_socket_handle
 .text.atcm_socket_set_urc_data_pending
                0x0800f1a8       0x54 ./Middlewares/Cellular/Core/AT_Core/at_modem_socket.o
                0x0800f1a8                atcm_socket_set_urc_data_pending
 .text.atcm_socket_set_urc_closed_by_remote
                0x0800f1fc       0x54 ./Middlewares/Cellular/Core/AT_Core/at_modem_socket.o
                0x0800f1fc                atcm_socket_set_urc_closed_by_remote
 .text.atcm_socket_get_hdle_urc_data_pending
                0x0800f250       0x60 ./Middlewares/Cellular/Core/AT_Core/at_modem_socket.o
                0x0800f250                atcm_socket_get_hdle_urc_data_pending
 .text.atcm_socket_get_hdlr_urc_closed_by_remote
                0x0800f2b0       0x60 ./Middlewares/Cellular/Core/AT_Core/at_modem_socket.o
                0x0800f2b0                atcm_socket_get_hdlr_urc_closed_by_remote
 .text.atcm_socket_remaining_urc_data_pending
                0x0800f310       0x4c ./Middlewares/Cellular/Core/AT_Core/at_modem_socket.o
                0x0800f310                atcm_socket_remaining_urc_data_pending
 .text.atcm_socket_remaining_urc_closed_by_remote
                0x0800f35c       0x4c ./Middlewares/Cellular/Core/AT_Core/at_modem_socket.o
                0x0800f35c                atcm_socket_remaining_urc_closed_by_remote
 .text.atcm_socket_set_connected
                0x0800f3a8       0x50 ./Middlewares/Cellular/Core/AT_Core/at_modem_socket.o
                0x0800f3a8                atcm_socket_set_connected
 .text.reset_current_command
                0x0800f3f8       0x2c ./Middlewares/Cellular/Core/AT_Core/at_parser.o
 .text.reset_parser_context
                0x0800f424       0x1a ./Middlewares/Cellular/Core/AT_Core/at_parser.o
 *fill*         0x0800f43e        0x2 
 .text.display_buffer
                0x0800f440       0xe8 ./Middlewares/Cellular/Core/AT_Core/at_parser.o
 .text.write_data2buffer.isra.0
                0x0800f528       0x26 ./Middlewares/Cellular/Core/AT_Core/at_parser.o
 .text.ATParser_initParsers
                0x0800f54e        0x4 ./Middlewares/Cellular/Core/AT_Core/at_parser.o
                0x0800f54e                ATParser_initParsers
 *fill*         0x0800f552        0x2 
 .text.ATParser_init
                0x0800f554       0x34 ./Middlewares/Cellular/Core/AT_Core/at_parser.o
                0x0800f554                ATParser_init
 .text.ATParser_process_request
                0x0800f588       0x16 ./Middlewares/Cellular/Core/AT_Core/at_parser.o
                0x0800f588                ATParser_process_request
 *fill*         0x0800f59e        0x2 
 .text.ATParser_get_ATcmd
                0x0800f5a0      0x254 ./Middlewares/Cellular/Core/AT_Core/at_parser.o
                0x0800f5a0                ATParser_get_ATcmd
 .text.ATParser_parse_rsp
                0x0800f7f4      0x174 ./Middlewares/Cellular/Core/AT_Core/at_parser.o
                0x0800f7f4                ATParser_parse_rsp
 .text.ATParser_get_rsp
                0x0800f968       0x16 ./Middlewares/Cellular/Core/AT_Core/at_parser.o
                0x0800f968                ATParser_get_rsp
 .text.ATParser_get_urc
                0x0800f97e        0x4 ./Middlewares/Cellular/Core/AT_Core/at_parser.o
                0x0800f97e                ATParser_get_urc
 .text.ATParser_get_error
                0x0800f982        0x4 ./Middlewares/Cellular/Core/AT_Core/at_parser.o
                0x0800f982                ATParser_get_error
 .text.ATParser_abort_request
                0x0800f986        0x6 ./Middlewares/Cellular/Core/AT_Core/at_parser.o
                0x0800f986                ATParser_abort_request
 .text.ATutil_ipow
                0x0800f98c       0x14 ./Middlewares/Cellular/Core/AT_Core/at_util.o
                0x0800f98c                ATutil_ipow
 .text.ATutil_convertHexaStringToInt32
                0x0800f9a0       0xb2 ./Middlewares/Cellular/Core/AT_Core/at_util.o
                0x0800f9a0                ATutil_convertHexaStringToInt32
 .text.ATutil_convertStringToInt
                0x0800fa52       0x58 ./Middlewares/Cellular/Core/AT_Core/at_util.o
                0x0800fa52                ATutil_convertStringToInt
 .text.ATutil_convertHexaStringToInt64
                0x0800faaa       0x5e ./Middlewares/Cellular/Core/AT_Core/at_util.o
                0x0800faaa                ATutil_convertHexaStringToInt64
 .text.ATutil_convertBinStringToInt32
                0x0800fb08       0x2e ./Middlewares/Cellular/Core/AT_Core/at_util.o
                0x0800fb08                ATutil_convertBinStringToInt32
 .text.ATutil_convertStringToUpperCase
                0x0800fb36       0x1e ./Middlewares/Cellular/Core/AT_Core/at_util.o
                0x0800fb36                ATutil_convertStringToUpperCase
 .text.ATutil_convert_uint8_to_binary_string
                0x0800fb54       0x2c ./Middlewares/Cellular/Core/AT_Core/at_util.o
                0x0800fb54                ATutil_convert_uint8_to_binary_string
 .text.ATutil_remove_quotes
                0x0800fb80       0x32 ./Middlewares/Cellular/Core/AT_Core/at_util.o
                0x0800fb80                ATutil_remove_quotes
 *fill*         0x0800fbb2        0x2 
 .text.SysCtrl_getDeviceDescriptor
                0x0800fbb4       0x38 ./Middlewares/Cellular/Core/AT_Core/sysctrl.o
                0x0800fbb4                SysCtrl_getDeviceDescriptor
 .text.SysCtrl_open_channel
                0x0800fbec       0x58 ./Middlewares/Cellular/Core/AT_Core/sysctrl.o
                0x0800fbec                SysCtrl_open_channel
 .text.SysCtrl_close_channel
                0x0800fc44       0x58 ./Middlewares/Cellular/Core/AT_Core/sysctrl.o
                0x0800fc44                SysCtrl_close_channel
 .text.SysCtrl_power_on
                0x0800fc9c       0x58 ./Middlewares/Cellular/Core/AT_Core/sysctrl.o
                0x0800fc9c                SysCtrl_power_on
 .text.SysCtrl_power_off
                0x0800fcf4       0x58 ./Middlewares/Cellular/Core/AT_Core/sysctrl.o
                0x0800fcf4                SysCtrl_power_off
 .text.SysCtrl_delay
                0x0800fd4c        0x8 ./Middlewares/Cellular/Core/AT_Core/sysctrl.o
                0x0800fd4c                SysCtrl_delay
 .text.CELLULAR_reset_context
                0x0800fd54       0x54 ./Middlewares/Cellular/Core/Cellular_Service/cellular_service.o
 .text.CELLULAR_idle_event_notif
                0x0800fda8        0x2 ./Middlewares/Cellular/Core/Cellular_Service/cellular_service.o
 .text.convert_to_PDN_event.isra.0
                0x0800fdaa       0x2a ./Middlewares/Cellular/Core/Cellular_Service/cellular_service.o
 .text.CELLULAR_urc_notif
                0x0800fdd4      0x688 ./Middlewares/Cellular/Core/Cellular_Service/cellular_service.o
 .text.CELLULAR_analyze_error_report.constprop.0
                0x0801045c       0xac ./Middlewares/Cellular/Core/Cellular_Service/cellular_service.o
 .text.CS_init  0x08010508       0xb4 ./Middlewares/Cellular/Core/Cellular_Service/cellular_service.o
                0x08010508                CS_init
 .text.CS_power_on
                0x080105bc       0xe4 ./Middlewares/Cellular/Core/Cellular_Service/cellular_service.o
                0x080105bc                CS_power_on
 .text.CS_power_off
                0x080106a0       0xec ./Middlewares/Cellular/Core/Cellular_Service/cellular_service.o
                0x080106a0                CS_power_off
 .text.CS_sim_select
                0x0801078c       0xd8 ./Middlewares/Cellular/Core/Cellular_Service/cellular_service.o
                0x0801078c                CS_sim_select
 .text.CS_sim_generic_access
                0x08010864      0x148 ./Middlewares/Cellular/Core/Cellular_Service/cellular_service.o
                0x08010864                CS_sim_generic_access
 .text.CS_init_modem
                0x080109ac      0x108 ./Middlewares/Cellular/Core/Cellular_Service/cellular_service.o
                0x080109ac                CS_init_modem
 .text.CS_get_device_info
                0x08010ab4       0xfc ./Middlewares/Cellular/Core/Cellular_Service/cellular_service.o
                0x08010ab4                CS_get_device_info
 .text.CS_register_net
                0x08010bb0       0xf8 ./Middlewares/Cellular/Core/Cellular_Service/cellular_service.o
                0x08010bb0                CS_register_net
 .text.CS_subscribe_net_event
                0x08010ca8      0x154 ./Middlewares/Cellular/Core/Cellular_Service/cellular_service.o
                0x08010ca8                CS_subscribe_net_event
 .text.CS_attach_PS_domain
                0x08010dfc       0xcc ./Middlewares/Cellular/Core/Cellular_Service/cellular_service.o
                0x08010dfc                CS_attach_PS_domain
 .text.CS_get_attach_status
                0x08010ec8       0xe0 ./Middlewares/Cellular/Core/Cellular_Service/cellular_service.o
                0x08010ec8                CS_get_attach_status
 .text.CS_get_net_status
                0x08010fa8       0xe4 ./Middlewares/Cellular/Core/Cellular_Service/cellular_service.o
                0x08010fa8                CS_get_net_status
 .text.CS_get_signal_quality
                0x0801108c       0xdc ./Middlewares/Cellular/Core/Cellular_Service/cellular_service.o
                0x0801108c                CS_get_signal_quality
 .text.CS_activate_pdn
                0x08011168       0xe0 ./Middlewares/Cellular/Core/Cellular_Service/cellular_service.o
                0x08011168                CS_activate_pdn
 .text.CS_define_pdn
                0x08011248      0x120 ./Middlewares/Cellular/Core/Cellular_Service/cellular_service.o
                0x08011248                CS_define_pdn
 .text.CS_set_default_pdn
                0x08011368       0xe0 ./Middlewares/Cellular/Core/Cellular_Service/cellular_service.o
                0x08011368                CS_set_default_pdn
 .text.CS_get_dev_IP_address
                0x08011448      0x140 ./Middlewares/Cellular/Core/Cellular_Service/cellular_service.o
                0x08011448                CS_get_dev_IP_address
 .text.CS_subscribe_modem_event
                0x08011588       0xe0 ./Middlewares/Cellular/Core/Cellular_Service/cellular_service.o
                0x08011588                CS_subscribe_modem_event
 .text.CS_register_pdn_event
                0x08011668      0x120 ./Middlewares/Cellular/Core/Cellular_Service/cellular_service.o
                0x08011668                CS_register_pdn_event
 .text.CDS_socket_create
                0x08011788       0xfc ./Middlewares/Cellular/Core/Cellular_Service/cellular_service.o
                0x08011788                CDS_socket_create
 .text.CDS_socket_bind
                0x08011884       0xbc ./Middlewares/Cellular/Core/Cellular_Service/cellular_service.o
                0x08011884                CDS_socket_bind
 .text.CDS_socket_set_callbacks
                0x08011940       0xe4 ./Middlewares/Cellular/Core/Cellular_Service/cellular_service.o
                0x08011940                CDS_socket_set_callbacks
 .text.CDS_socket_connect
                0x08011a24       0xc4 ./Middlewares/Cellular/Core/Cellular_Service/cellular_service.o
                0x08011a24                CDS_socket_connect
 .text.CDS_socket_send
                0x08011ae8      0x148 ./Middlewares/Cellular/Core/Cellular_Service/cellular_service.o
                0x08011ae8                CDS_socket_send
 .text.CDS_socket_sendto
                0x08011c30      0x194 ./Middlewares/Cellular/Core/Cellular_Service/cellular_service.o
                0x08011c30                CDS_socket_sendto
 .text.CDS_socket_receive
                0x08011dc4      0x188 ./Middlewares/Cellular/Core/Cellular_Service/cellular_service.o
                0x08011dc4                CDS_socket_receive
 .text.CDS_socket_close
                0x08011f4c      0x148 ./Middlewares/Cellular/Core/Cellular_Service/cellular_service.o
                0x08011f4c                CDS_socket_close
 .text.CS_direct_cmd
                0x08012094      0x114 ./Middlewares/Cellular/Core/Cellular_Service/cellular_service.o