C:/Dev/DEMO-CERTIFY-BOOTSTRAPPING/Middlewares/ST/STM32_Cellular/Core/Trace/Src/trace_interface.c:376:13:traceIF_uartTransmit	16	static
C:/Dev/DEMO-CERTIFY-BOOTSTRAPPING/Middlewares/ST/STM32_Cellular/Core/Trace/Src/trace_interface.c:346:13:ITM_Out	8	static,ignoring_inline_asm
C:/Dev/DEMO-CERTIFY-BOOTSTRAPPING/Middlewares/ST/STM32_Cellular/Core/Trace/Src/trace_interface.c:397:6:traceIF_trace_off	0	static
C:/Dev/DEMO-CERTIFY-BOOTSTRAPPING/Middlewares/ST/STM32_Cellular/Core/Trace/Src/trace_interface.c:407:6:traceIF_trace_on	0	static
C:/Dev/DEMO-CERTIFY-BOOTSTRAPPING/Middlewares/ST/STM32_Cellular/Core/Trace/Src/trace_interface.c:420:6:traceIF_itmPrint	16	static
C:/Dev/DEMO-CERTIFY-BOOTSTRAPPING/Middlewares/ST/STM32_Cellular/Core/Trace/Src/trace_interface.c:118:13:CMD_ComponentEnableDisable	24	static
C:/Dev/DEMO-CERTIFY-BOOTSTRAPPING/Middlewares/ST/STM32_Cellular/Core/Trace/Src/trace_interface.c:207:13:traceIF_cmd_Help	16	static
C:/Dev/DEMO-CERTIFY-BOOTSTRAPPING/Middlewares/ST/STM32_Cellular/Core/Trace/Src/trace_interface.c:230:21:traceIF_cmd	64	static
C:/Dev/DEMO-CERTIFY-BOOTSTRAPPING/Middlewares/ST/STM32_Cellular/Core/Trace/Src/trace_interface.c:453:6:traceIF_uartPrint	8	static
C:/Dev/DEMO-CERTIFY-BOOTSTRAPPING/Middlewares/ST/STM32_Cellular/Core/Trace/Src/trace_interface.c:481:6:traceIF_itmPrintForce	16	static
C:/Dev/DEMO-CERTIFY-BOOTSTRAPPING/Middlewares/ST/STM32_Cellular/Core/Trace/Src/trace_interface.c:502:6:traceIF_uartPrintForce	0	static
C:/Dev/DEMO-CERTIFY-BOOTSTRAPPING/Middlewares/ST/STM32_Cellular/Core/Trace/Src/trace_interface.c:522:6:traceIF_hexPrint	24	static
C:/Dev/DEMO-CERTIFY-BOOTSTRAPPING/Middlewares/ST/STM32_Cellular/Core/Trace/Src/trace_interface.c:580:6:traceIF_BufCharPrint	40	static
C:/Dev/DEMO-CERTIFY-BOOTSTRAPPING/Middlewares/ST/STM32_Cellular/Core/Trace/Src/trace_interface.c:639:6:traceIF_BufHexPrint	40	static
C:/Dev/DEMO-CERTIFY-BOOTSTRAPPING/Middlewares/ST/STM32_Cellular/Core/Trace/Src/trace_interface.c:668:6:traceIF_init	8	static
C:/Dev/DEMO-CERTIFY-BOOTSTRAPPING/Middlewares/ST/STM32_Cellular/Core/Trace/Src/trace_interface.c:690:6:traceIF_start	0	static
