C:/Dev/DEMO-CERTIFY-BOOTSTRAPPING/Drivers/BSP/X_STMOD_PLUS_MODEMS/TYPE1SC/AT_modem_type1sc/Src/at_custom_modem_signalling.c:89:13:fCmdBuild_ATD_TYPE1SC	16	static
C:/Dev/DEMO-CERTIFY-BOOTSTRAPPING/Drivers/BSP/X_STMOD_PLUS_MODEMS/TYPE1SC/AT_modem_type1sc/Src/at_custom_modem_signalling.c:106:13:fCmdBuild_SETCFG_TYPE1SC	16	static
C:/Dev/DEMO-CERTIFY-BOOTSTRAPPING/Drivers/BSP/X_STMOD_PLUS_MODEMS/TYPE1SC/AT_modem_type1sc/Src/at_custom_modem_signalling.c:174:13:fCmdBuild_GETCFG_TYPE1SC	8	static
C:/Dev/DEMO-CERTIFY-BOOTSTRAPPING/Drivers/BSP/X_STMOD_PLUS_MODEMS/TYPE1SC/AT_modem_type1sc/Src/at_custom_modem_signalling.c:223:13:fCmdBuild_SETBDELAY_TYPE1SC	16	static
C:/Dev/DEMO-CERTIFY-BOOTSTRAPPING/Drivers/BSP/X_STMOD_PLUS_MODEMS/TYPE1SC/AT_modem_type1sc/Src/at_custom_modem_signalling.c:235:13:fCmdBuild_PDNSET_TYPE1SC	40	static
C:/Dev/DEMO-CERTIFY-BOOTSTRAPPING/Drivers/BSP/X_STMOD_PLUS_MODEMS/TYPE1SC/AT_modem_type1sc/Src/at_custom_modem_signalling.c:282:17:fRspAnalyze_Error_TYPE1SC	24	static
C:/Dev/DEMO-CERTIFY-BOOTSTRAPPING/Drivers/BSP/X_STMOD_PLUS_MODEMS/TYPE1SC/AT_modem_type1sc/Src/at_custom_modem_signalling.c:337:17:fRspAnalyze_CPIN_TYPE1SC	24	static
C:/Dev/DEMO-CERTIFY-BOOTSTRAPPING/Drivers/BSP/X_STMOD_PLUS_MODEMS/TYPE1SC/AT_modem_type1sc/Src/at_custom_modem_signalling.c:368:17:fRspAnalyze_CFUN_TYPE1SC	24	static
C:/Dev/DEMO-CERTIFY-BOOTSTRAPPING/Drivers/BSP/X_STMOD_PLUS_MODEMS/TYPE1SC/AT_modem_type1sc/Src/at_custom_modem_signalling.c:388:17:fRspAnalyze_CCID_TYPE1SC	32	static
C:/Dev/DEMO-CERTIFY-BOOTSTRAPPING/Drivers/BSP/X_STMOD_PLUS_MODEMS/TYPE1SC/AT_modem_type1sc/Src/at_custom_modem_signalling.c:428:17:fCmdpAnalyze_GETCFG_TYPE1SC	16	static
