C:/dev/DEMO-CERTIFY-BOOTSTRAPPING-v3/Middlewares/ST/STM32_Cellular/Core/AT_Core/Src/at_core.c:632:20:find_deviceType_ATHandle	0	static
C:/dev/DEMO-CERTIFY-BOOTSTRAPPING-v3/Middlewares/ST/STM32_Cellular/Core/AT_Core/Src/at_core.c:1056:13:IRQ_DISABLE	0	static,ignoring_inline_asm
C:/dev/DEMO-CERTIFY-BOOTSTRAPPING-v3/Middlewares/ST/STM32_Cellular/Core/AT_Core/Src/at_core.c:1061:13:IRQ_ENABLE	0	static,ignoring_inline_asm
C:/dev/DEMO-CERTIFY-BOOTSTRAPPING-v3/Middlewares/ST/STM32_Cellular/Core/AT_Core/Src/at_core.c:1126:20:findMsgReceivedHandle	0	static
C:/dev/DEMO-CERTIFY-BOOTSTRAPPING-v3/Middlewares/ST/STM32_Cellular/Core/AT_Core/Src/at_core.c:611:20:allocate_ATHandle	16	static
C:/dev/DEMO-CERTIFY-BOOTSTRAPPING-v3/Middlewares/ST/STM32_Cellular/Core/AT_Core/Src/at_core.c:548:16:find_index	8	static
C:/dev/DEMO-CERTIFY-BOOTSTRAPPING-v3/Middlewares/ST/STM32_Cellular/Core/AT_Core/Src/at_core.c:653:20:waitOnMsgUntilTimeout	16	static
C:/dev/DEMO-CERTIFY-BOOTSTRAPPING-v3/Middlewares/ST/STM32_Cellular/Core/AT_Core/Src/at_core.c:969:20:waitFromIPC	16	static
C:/dev/DEMO-CERTIFY-BOOTSTRAPPING-v3/Middlewares/ST/STM32_Cellular/Core/AT_Core/Src/at_core.c:599:13:msgSentCallback	8	static
C:/dev/DEMO-CERTIFY-BOOTSTRAPPING-v3/Middlewares/ST/STM32_Cellular/Core/AT_Core/Src/at_core.c:571:13:msgReceivedCallback	16	static
C:/dev/DEMO-CERTIFY-BOOTSTRAPPING-v3/Middlewares/ST/STM32_Cellular/Core/AT_Core/Src/at_core.c:932:20:sendToIPC	16	static
C:/dev/DEMO-CERTIFY-BOOTSTRAPPING-v3/Middlewares/ST/STM32_Cellular/Core/AT_Core/Src/at_core.c:693:24:process_answer	32	static
C:/dev/DEMO-CERTIFY-BOOTSTRAPPING-v3/Middlewares/ST/STM32_Cellular/Core/AT_Core/Src/at_core.c:819:20:process_AT_transaction	48	static
C:/dev/DEMO-CERTIFY-BOOTSTRAPPING-v3/Middlewares/ST/STM32_Cellular/Core/AT_Core/Src/at_core.c:1008:24:analyze_action_result	24	static
C:/dev/DEMO-CERTIFY-BOOTSTRAPPING-v3/Middlewares/ST/STM32_Cellular/Core/AT_Core/Src/at_core.c:1146:13:ATCoreTaskBody	24	static
C:/dev/DEMO-CERTIFY-BOOTSTRAPPING-v3/Middlewares/ST/STM32_Cellular/Core/AT_Core/Src/at_core.c:123:14:AT_init	8	static
C:/dev/DEMO-CERTIFY-BOOTSTRAPPING-v3/Middlewares/ST/STM32_Cellular/Core/AT_Core/Src/at_core.c:171:14:AT_open	24	static
C:/dev/DEMO-CERTIFY-BOOTSTRAPPING-v3/Middlewares/ST/STM32_Cellular/Core/AT_Core/Src/at_core.c:251:14:AT_open_channel	24	static
C:/dev/DEMO-CERTIFY-BOOTSTRAPPING-v3/Middlewares/ST/STM32_Cellular/Core/AT_Core/Src/at_core.c:304:14:AT_close_channel	16	static
C:/dev/DEMO-CERTIFY-BOOTSTRAPPING-v3/Middlewares/ST/STM32_Cellular/Core/AT_Core/Src/at_core.c:334:13:AT_reset_context	8	static
C:/dev/DEMO-CERTIFY-BOOTSTRAPPING-v3/Middlewares/ST/STM32_Cellular/Core/AT_Core/Src/at_core.c:376:13:AT_sendcmd	32	static
C:/dev/DEMO-CERTIFY-BOOTSTRAPPING-v3/Middlewares/ST/STM32_Cellular/Core/AT_Core/Src/at_core.c:534:6:AT_internalEvent	8	static
C:/dev/DEMO-CERTIFY-BOOTSTRAPPING-v3/Middlewares/ST/STM32_Cellular/Core/AT_Core/Src/at_core.c:1067:13:atcore_task_start	24	static
