C:/dev/DEMO-CERTIFY-BOOTSTRAPPING-v3/Middlewares/ST/STM32_Cellular/Core/AT_Core/Src/at_modem_signalling.c:388:13:set_error_report	0	static
C:/dev/DEMO-CERTIFY-BOOTSTRAPPING-v3/Middlewares/ST/STM32_Cellular/Core/AT_Core/Src/at_modem_signalling.c:115:13:display_clear_network_state	16	static
C:/dev/DEMO-CERTIFY-BOOTSTRAPPING-v3/Middlewares/ST/STM32_Cellular/Core/AT_Core/Src/at_modem_signalling.c:193:29:convert_NetworkState	8	static
C:/dev/DEMO-CERTIFY-BOOTSTRAPPING-v3/Middlewares/ST/STM32_Cellular/Core/AT_Core/Src/at_modem_signalling.c:285:24:analyze_CmeError	64	static,ignoring_inline_asm
C:/dev/DEMO-CERTIFY-BOOTSTRAPPING-v3/Middlewares/ST/STM32_Cellular/Core/AT_Core/Src/at_modem_signalling.c:411:17:extract_hex_value_from_quotes	16	static
C:/dev/DEMO-CERTIFY-BOOTSTRAPPING-v3/Middlewares/ST/STM32_Cellular/Core/AT_Core/Src/at_modem_signalling.c:426:17:extract_bin_value_from_quotes	16	static
C:/dev/DEMO-CERTIFY-BOOTSTRAPPING-v3/Middlewares/ST/STM32_Cellular/Core/AT_Core/Src/at_modem_signalling.c:245:25:find_user_cid_with_matching_ip_addr	40	static
C:/dev/DEMO-CERTIFY-BOOTSTRAPPING-v3/Middlewares/ST/STM32_Cellular/Core/AT_Core/Src/at_modem_signalling.c:440:13:fCmdBuild_NoParams	16	static
C:/dev/DEMO-CERTIFY-BOOTSTRAPPING-v3/Middlewares/ST/STM32_Cellular/Core/AT_Core/Src/at_modem_signalling.c:452:13:fCmdBuild_CGSN	24	static
C:/dev/DEMO-CERTIFY-BOOTSTRAPPING-v3/Middlewares/ST/STM32_Cellular/Core/AT_Core/Src/at_modem_signalling.c:474:13:fCmdBuild_CMEE	24	static
C:/dev/DEMO-CERTIFY-BOOTSTRAPPING-v3/Middlewares/ST/STM32_Cellular/Core/AT_Core/Src/at_modem_signalling.c:492:13:fCmdBuild_CPIN	24	static
C:/dev/DEMO-CERTIFY-BOOTSTRAPPING-v3/Middlewares/ST/STM32_Cellular/Core/AT_Core/Src/at_modem_signalling.c:508:13:fCmdBuild_CFUN	24	static
C:/dev/DEMO-CERTIFY-BOOTSTRAPPING-v3/Middlewares/ST/STM32_Cellular/Core/AT_Core/Src/at_modem_signalling.c:559:13:fCmdBuild_COPS	32	static
C:/dev/DEMO-CERTIFY-BOOTSTRAPPING-v3/Middlewares/ST/STM32_Cellular/Core/AT_Core/Src/at_modem_signalling.c:643:13:fCmdBuild_CGATT	24	static
C:/dev/DEMO-CERTIFY-BOOTSTRAPPING-v3/Middlewares/ST/STM32_Cellular/Core/AT_Core/Src/at_modem_signalling.c:676:13:fCmdBuild_CREG	24	static
C:/dev/DEMO-CERTIFY-BOOTSTRAPPING-v3/Middlewares/ST/STM32_Cellular/Core/AT_Core/Src/at_modem_signalling.c:705:13:fCmdBuild_CGREG	24	static
C:/dev/DEMO-CERTIFY-BOOTSTRAPPING-v3/Middlewares/ST/STM32_Cellular/Core/AT_Core/Src/at_modem_signalling.c:742:13:fCmdBuild_CEREG	24	static
C:/dev/DEMO-CERTIFY-BOOTSTRAPPING-v3/Middlewares/ST/STM32_Cellular/Core/AT_Core/Src/at_modem_signalling.c:779:13:fCmdBuild_CGEREP	16	static
C:/dev/DEMO-CERTIFY-BOOTSTRAPPING-v3/Middlewares/ST/STM32_Cellular/Core/AT_Core/Src/at_modem_signalling.c:818:13:fCmdBuild_CGDCONT	32	static
C:/dev/DEMO-CERTIFY-BOOTSTRAPPING-v3/Middlewares/ST/STM32_Cellular/Core/AT_Core/Src/at_modem_signalling.c:848:13:fCmdBuild_CGACT	24	static
C:/dev/DEMO-CERTIFY-BOOTSTRAPPING-v3/Middlewares/ST/STM32_Cellular/Core/AT_Core/Src/at_modem_signalling.c:878:13:fCmdBuild_CGAUTH	32	static
C:/dev/DEMO-CERTIFY-BOOTSTRAPPING-v3/Middlewares/ST/STM32_Cellular/Core/AT_Core/Src/at_modem_signalling.c:929:13:fCmdBuild_CGDATA	24	static
C:/dev/DEMO-CERTIFY-BOOTSTRAPPING-v3/Middlewares/ST/STM32_Cellular/Core/AT_Core/Src/at_modem_signalling.c:958:13:fCmdBuild_CGPADDR	24	static
C:/dev/DEMO-CERTIFY-BOOTSTRAPPING-v3/Middlewares/ST/STM32_Cellular/Core/AT_Core/Src/at_modem_signalling.c:989:13:fCmdBuild_ATD	16	static
C:/dev/DEMO-CERTIFY-BOOTSTRAPPING-v3/Middlewares/ST/STM32_Cellular/Core/AT_Core/Src/at_modem_signalling.c:1007:13:fCmdBuild_ATE	24	static
C:/dev/DEMO-CERTIFY-BOOTSTRAPPING-v3/Middlewares/ST/STM32_Cellular/Core/AT_Core/Src/at_modem_signalling.c:1028:13:fCmdBuild_ATV	24	static
C:/dev/DEMO-CERTIFY-BOOTSTRAPPING-v3/Middlewares/ST/STM32_Cellular/Core/AT_Core/Src/at_modem_signalling.c:1049:13:fCmdBuild_ATX	16	static
C:/dev/DEMO-CERTIFY-BOOTSTRAPPING-v3/Middlewares/ST/STM32_Cellular/Core/AT_Core/Src/at_modem_signalling.c:1067:13:fCmdBuild_ATZ	16	static
C:/dev/DEMO-CERTIFY-BOOTSTRAPPING-v3/Middlewares/ST/STM32_Cellular/Core/AT_Core/Src/at_modem_signalling.c:1083:13:fCmdBuild_IPR	24	static
C:/dev/DEMO-CERTIFY-BOOTSTRAPPING-v3/Middlewares/ST/STM32_Cellular/Core/AT_Core/Src/at_modem_signalling.c:1097:13:fCmdBuild_IFC	24	static
C:/dev/DEMO-CERTIFY-BOOTSTRAPPING-v3/Middlewares/ST/STM32_Cellular/Core/AT_Core/Src/at_modem_signalling.c:1120:13:fCmdBuild_ESCAPE_CMD	16	static
C:/dev/DEMO-CERTIFY-BOOTSTRAPPING-v3/Middlewares/ST/STM32_Cellular/Core/AT_Core/Src/at_modem_signalling.c:1142:13:fCmdBuild_AT_AND_D	16	static
C:/dev/DEMO-CERTIFY-BOOTSTRAPPING-v3/Middlewares/ST/STM32_Cellular/Core/AT_Core/Src/at_modem_signalling.c:1161:13:fCmdBuild_CPSMS	80	static
C:/dev/DEMO-CERTIFY-BOOTSTRAPPING-v3/Middlewares/ST/STM32_Cellular/Core/AT_Core/Src/at_modem_signalling.c:1293:13:fCmdBuild_CEDRXS	40	static
C:/dev/DEMO-CERTIFY-BOOTSTRAPPING-v3/Middlewares/ST/STM32_Cellular/Core/AT_Core/Src/at_modem_signalling.c:1366:13:fCmdBuild_CSIM	32	static
C:/dev/DEMO-CERTIFY-BOOTSTRAPPING-v3/Middlewares/ST/STM32_Cellular/Core/AT_Core/Src/at_modem_signalling.c:1394:13:fCmdBuild_DIRECT_CMD	24	static
C:/dev/DEMO-CERTIFY-BOOTSTRAPPING-v3/Middlewares/ST/STM32_Cellular/Core/AT_Core/Src/at_modem_signalling.c:1428:17:fRspAnalyze_None	16	static
C:/dev/DEMO-CERTIFY-BOOTSTRAPPING-v3/Middlewares/ST/STM32_Cellular/Core/AT_Core/Src/at_modem_signalling.c:1457:17:fRspAnalyze_CmeErr	32	static
C:/dev/DEMO-CERTIFY-BOOTSTRAPPING-v3/Middlewares/ST/STM32_Cellular/Core/AT_Core/Src/at_modem_signalling.c:1444:17:fRspAnalyze_Error	32	static
C:/dev/DEMO-CERTIFY-BOOTSTRAPPING-v3/Middlewares/ST/STM32_Cellular/Core/AT_Core/Src/at_modem_signalling.c:1549:17:fRspAnalyze_CmsErr	16	static
C:/dev/DEMO-CERTIFY-BOOTSTRAPPING-v3/Middlewares/ST/STM32_Cellular/Core/AT_Core/Src/at_modem_signalling.c:1566:17:fRspAnalyze_CGMI	32	static
C:/dev/DEMO-CERTIFY-BOOTSTRAPPING-v3/Middlewares/ST/STM32_Cellular/Core/AT_Core/Src/at_modem_signalling.c:1588:17:fRspAnalyze_CGMM	32	static
C:/dev/DEMO-CERTIFY-BOOTSTRAPPING-v3/Middlewares/ST/STM32_Cellular/Core/AT_Core/Src/at_modem_signalling.c:1610:17:fRspAnalyze_CGMR	32	static
C:/dev/DEMO-CERTIFY-BOOTSTRAPPING-v3/Middlewares/ST/STM32_Cellular/Core/AT_Core/Src/at_modem_signalling.c:1632:17:fRspAnalyze_CGSN	96	static
C:/dev/DEMO-CERTIFY-BOOTSTRAPPING-v3/Middlewares/ST/STM32_Cellular/Core/AT_Core/Src/at_modem_signalling.c:1706:17:fRspAnalyze_CIMI	32	static
C:/dev/DEMO-CERTIFY-BOOTSTRAPPING-v3/Middlewares/ST/STM32_Cellular/Core/AT_Core/Src/at_modem_signalling.c:1728:17:fRspAnalyze_CEER	16	static
C:/dev/DEMO-CERTIFY-BOOTSTRAPPING-v3/Middlewares/ST/STM32_Cellular/Core/AT_Core/Src/at_modem_signalling.c:1744:17:fRspAnalyze_CPIN	64	static
C:/dev/DEMO-CERTIFY-BOOTSTRAPPING-v3/Middlewares/ST/STM32_Cellular/Core/AT_Core/Src/at_modem_signalling.c:1819:17:fRspAnalyze_CFUN	32	static
C:/dev/DEMO-CERTIFY-BOOTSTRAPPING-v3/Middlewares/ST/STM32_Cellular/Core/AT_Core/Src/at_modem_signalling.c:1857:17:fRspAnalyze_COPS	40	static
C:/dev/DEMO-CERTIFY-BOOTSTRAPPING-v3/Middlewares/ST/STM32_Cellular/Core/AT_Core/Src/at_modem_signalling.c:2008:17:fRspAnalyze_CNUM	16	static
C:/dev/DEMO-CERTIFY-BOOTSTRAPPING-v3/Middlewares/ST/STM32_Cellular/Core/AT_Core/Src/at_modem_signalling.c:2024:17:fRspAnalyze_CGATT	32	static
C:/dev/DEMO-CERTIFY-BOOTSTRAPPING-v3/Middlewares/ST/STM32_Cellular/Core/AT_Core/Src/at_modem_signalling.c:2059:17:fRspAnalyze_CREG	32	static
C:/dev/DEMO-CERTIFY-BOOTSTRAPPING-v3/Middlewares/ST/STM32_Cellular/Core/AT_Core/Src/at_modem_signalling.c:2171:17:fRspAnalyze_CGREG	32	static
C:/dev/DEMO-CERTIFY-BOOTSTRAPPING-v3/Middlewares/ST/STM32_Cellular/Core/AT_Core/Src/at_modem_signalling.c:2362:17:fRspAnalyze_CEREG	40	static
C:/dev/DEMO-CERTIFY-BOOTSTRAPPING-v3/Middlewares/ST/STM32_Cellular/Core/AT_Core/Src/at_modem_signalling.c:2551:17:fRspAnalyze_CGEV	120	static
C:/dev/DEMO-CERTIFY-BOOTSTRAPPING-v3/Middlewares/ST/STM32_Cellular/Core/AT_Core/Src/at_modem_signalling.c:2781:17:fRspAnalyze_CSQ	32	static
C:/dev/DEMO-CERTIFY-BOOTSTRAPPING-v3/Middlewares/ST/STM32_Cellular/Core/AT_Core/Src/at_modem_signalling.c:2827:17:fRspAnalyze_CGPADDR	104	static
C:/dev/DEMO-CERTIFY-BOOTSTRAPPING-v3/Middlewares/ST/STM32_Cellular/Core/AT_Core/Src/at_modem_signalling.c:2888:17:fRspAnalyze_CPSMS	24	static
C:/dev/DEMO-CERTIFY-BOOTSTRAPPING-v3/Middlewares/ST/STM32_Cellular/Core/AT_Core/Src/at_modem_signalling.c:2952:17:fRspAnalyze_CEDRXS	24	static
C:/dev/DEMO-CERTIFY-BOOTSTRAPPING-v3/Middlewares/ST/STM32_Cellular/Core/AT_Core/Src/at_modem_signalling.c:3000:17:fRspAnalyze_CEDRXP	24	static
C:/dev/DEMO-CERTIFY-BOOTSTRAPPING-v3/Middlewares/ST/STM32_Cellular/Core/AT_Core/Src/at_modem_signalling.c:3052:17:fRspAnalyze_CEDRXRDP	24	static
C:/dev/DEMO-CERTIFY-BOOTSTRAPPING-v3/Middlewares/ST/STM32_Cellular/Core/AT_Core/Src/at_modem_signalling.c:3106:17:fRspAnalyze_CSIM	32	static
C:/dev/DEMO-CERTIFY-BOOTSTRAPPING-v3/Middlewares/ST/STM32_Cellular/Core/AT_Core/Src/at_modem_signalling.c:3163:17:fRspAnalyze_GSN	32	static
C:/dev/DEMO-CERTIFY-BOOTSTRAPPING-v3/Middlewares/ST/STM32_Cellular/Core/AT_Core/Src/at_modem_signalling.c:3185:17:fRspAnalyze_IPR	32	static
C:/dev/DEMO-CERTIFY-BOOTSTRAPPING-v3/Middlewares/ST/STM32_Cellular/Core/AT_Core/Src/at_modem_signalling.c:3215:17:fRspAnalyze_IFC	32	static
C:/dev/DEMO-CERTIFY-BOOTSTRAPPING-v3/Middlewares/ST/STM32_Cellular/Core/AT_Core/Src/at_modem_signalling.c:3274:17:fRspAnalyze_DIRECT_CMD	16	static
