../../../../../../../Drivers/STM32L4xx_HAL_Driver/Inc/stm32l4xx_ll_adc.h:4714:22:LL_ADC_SetChannelSamplingTime	12	static
../../../../../../../Drivers/STM32L4xx_HAL_Driver/Inc/stm32l4xx_ll_adc.h:6351:26:LL_ADC_INJ_IsConversionOngoing	0	static
C:/Dev/DEMO-CERTIFY-BOOTSTRAPPING/Drivers/STM32L4xx_HAL_Driver/Src/stm32l4xx_hal_adc_ex.c:128:19:HAL_ADCEx_Calibration_Start	24	static
C:/Dev/DEMO-CERTIFY-BOOTSTRAPPING/Drivers/STM32L4xx_HAL_Driver/Src/stm32l4xx_hal_adc_ex.c:202:10:HAL_ADCEx_Calibration_GetValue	0	static
C:/Dev/DEMO-CERTIFY-BOOTSTRAPPING/Drivers/STM32L4xx_HAL_Driver/Src/stm32l4xx_hal_adc_ex.c:222:19:HAL_ADCEx_Calibration_SetValue	24	static
C:/Dev/DEMO-CERTIFY-BOOTSTRAPPING/Drivers/STM32L4xx_HAL_Driver/Src/stm32l4xx_hal_adc_ex.c:279:19:HAL_ADCEx_InjectedStart	8	static
C:/Dev/DEMO-CERTIFY-BOOTSTRAPPING/Drivers/STM32L4xx_HAL_Driver/Src/stm32l4xx_hal_adc_ex.c:428:19:HAL_ADCEx_InjectedStop	16	static
C:/Dev/DEMO-CERTIFY-BOOTSTRAPPING/Drivers/STM32L4xx_HAL_Driver/Src/stm32l4xx_hal_adc_ex.c:483:19:HAL_ADCEx_InjectedPollForConversion	24	static
C:/Dev/DEMO-CERTIFY-BOOTSTRAPPING/Drivers/STM32L4xx_HAL_Driver/Src/stm32l4xx_hal_adc_ex.c:620:19:HAL_ADCEx_InjectedStart_IT	8	static
C:/Dev/DEMO-CERTIFY-BOOTSTRAPPING/Drivers/STM32L4xx_HAL_Driver/Src/stm32l4xx_hal_adc_ex.c:793:19:HAL_ADCEx_InjectedStop_IT	16	static
C:/Dev/DEMO-CERTIFY-BOOTSTRAPPING/Drivers/STM32L4xx_HAL_Driver/Src/stm32l4xx_hal_adc_ex.c:1135:10:HAL_ADCEx_InjectedGetValue	0	static
C:/Dev/DEMO-CERTIFY-BOOTSTRAPPING/Drivers/STM32L4xx_HAL_Driver/Src/stm32l4xx_hal_adc_ex.c:1170:13:HAL_ADCEx_InjectedConvCpltCallback	0	static
C:/Dev/DEMO-CERTIFY-BOOTSTRAPPING/Drivers/STM32L4xx_HAL_Driver/Src/stm32l4xx_hal_adc_ex.c:1189:13:HAL_ADCEx_InjectedQueueOverflowCallback	0	static
C:/Dev/DEMO-CERTIFY-BOOTSTRAPPING/Drivers/STM32L4xx_HAL_Driver/Src/stm32l4xx_hal_adc_ex.c:1204:13:HAL_ADCEx_LevelOutOfWindow2Callback	0	static
C:/Dev/DEMO-CERTIFY-BOOTSTRAPPING/Drivers/STM32L4xx_HAL_Driver/Src/stm32l4xx_hal_adc_ex.c:1219:13:HAL_ADCEx_LevelOutOfWindow3Callback	0	static
C:/Dev/DEMO-CERTIFY-BOOTSTRAPPING/Drivers/STM32L4xx_HAL_Driver/Src/stm32l4xx_hal_adc_ex.c:1235:13:HAL_ADCEx_EndOfSamplingCallback	0	static
C:/Dev/DEMO-CERTIFY-BOOTSTRAPPING/Drivers/STM32L4xx_HAL_Driver/Src/stm32l4xx_hal_adc_ex.c:1252:19:HAL_ADCEx_RegularStop	16	static
C:/Dev/DEMO-CERTIFY-BOOTSTRAPPING/Drivers/STM32L4xx_HAL_Driver/Src/stm32l4xx_hal_adc_ex.c:1310:19:HAL_ADCEx_RegularStop_IT	16	static
C:/Dev/DEMO-CERTIFY-BOOTSTRAPPING/Drivers/STM32L4xx_HAL_Driver/Src/stm32l4xx_hal_adc_ex.c:1370:19:HAL_ADCEx_RegularStop_DMA	16	static
C:/Dev/DEMO-CERTIFY-BOOTSTRAPPING/Drivers/STM32L4xx_HAL_Driver/Src/stm32l4xx_hal_adc_ex.c:1631:19:HAL_ADCEx_InjectedConfigChannel	32	static,ignoring_inline_asm
C:/Dev/DEMO-CERTIFY-BOOTSTRAPPING/Drivers/STM32L4xx_HAL_Driver/Src/stm32l4xx_hal_adc_ex.c:2189:19:HAL_ADCEx_EnableInjectedQueue	8	static
C:/Dev/DEMO-CERTIFY-BOOTSTRAPPING/Drivers/STM32L4xx_HAL_Driver/Src/stm32l4xx_hal_adc_ex.c:2230:19:HAL_ADCEx_DisableInjectedQueue	8	static
C:/Dev/DEMO-CERTIFY-BOOTSTRAPPING/Drivers/STM32L4xx_HAL_Driver/Src/stm32l4xx_hal_adc_ex.c:2267:19:HAL_ADCEx_DisableVoltageRegulator	0	static
C:/Dev/DEMO-CERTIFY-BOOTSTRAPPING/Drivers/STM32L4xx_HAL_Driver/Src/stm32l4xx_hal_adc_ex.c:2304:19:HAL_ADCEx_EnterADCDeepPowerDownMode	0	static
