C:/dev/DEMO-CERTIFY-BOOTSTRAPPING-v3/Drivers/BSP/X_STMOD_PLUS_MODEMS/TYPE1SC/AT_modem_type1sc/Src/at_custom_modem_socket.c:1081:16:convertToASCII	0	static
C:/dev/DEMO-CERTIFY-BOOTSTRAPPING-v3/Drivers/BSP/X_STMOD_PLUS_MODEMS/TYPE1SC/AT_modem_type1sc/Src/at_custom_modem_socket.c:1104:13:convertCharToHEX	16	static
C:/dev/DEMO-CERTIFY-BOOTSTRAPPING-v3/Drivers/BSP/X_STMOD_PLUS_MODEMS/TYPE1SC/AT_modem_type1sc/Src/at_custom_modem_socket.c:1116:20:convertDigitToValue	0	static
C:/dev/DEMO-CERTIFY-BOOTSTRAPPING-v3/Drivers/BSP/X_STMOD_PLUS_MODEMS/TYPE1SC/AT_modem_type1sc/Src/at_custom_modem_socket.c:1151:20:convertHEXToChar	24	static
C:/dev/DEMO-CERTIFY-BOOTSTRAPPING-v3/Drivers/BSP/X_STMOD_PLUS_MODEMS/TYPE1SC/AT_modem_type1sc/Src/at_custom_modem_socket.c:96:13:fCmdBuild_PDNACT	24	static
C:/dev/DEMO-CERTIFY-BOOTSTRAPPING-v3/Drivers/BSP/X_STMOD_PLUS_MODEMS/TYPE1SC/AT_modem_type1sc/Src/at_custom_modem_socket.c:126:13:fCmdBuild_SOCKETCMD_ALLOCATE	48	static
C:/dev/DEMO-CERTIFY-BOOTSTRAPPING-v3/Drivers/BSP/X_STMOD_PLUS_MODEMS/TYPE1SC/AT_modem_type1sc/Src/at_custom_modem_socket.c:221:13:fCmdBuild_SOCKETCMD_ACTIVATE	24	static
C:/dev/DEMO-CERTIFY-BOOTSTRAPPING-v3/Drivers/BSP/X_STMOD_PLUS_MODEMS/TYPE1SC/AT_modem_type1sc/Src/at_custom_modem_socket.c:249:13:fCmdBuild_SOCKETCMD_INFO	24	static
C:/dev/DEMO-CERTIFY-BOOTSTRAPPING-v3/Drivers/BSP/X_STMOD_PLUS_MODEMS/TYPE1SC/AT_modem_type1sc/Src/at_custom_modem_socket.c:281:13:fCmdBuild_SOCKETCMD_DEACTIVATE	24	static
C:/dev/DEMO-CERTIFY-BOOTSTRAPPING-v3/Drivers/BSP/X_STMOD_PLUS_MODEMS/TYPE1SC/AT_modem_type1sc/Src/at_custom_modem_socket.c:310:13:fCmdBuild_SOCKETCMD_DELETE	24	static
C:/dev/DEMO-CERTIFY-BOOTSTRAPPING-v3/Drivers/BSP/X_STMOD_PLUS_MODEMS/TYPE1SC/AT_modem_type1sc/Src/at_custom_modem_socket.c:339:13:fCmdBuild_SOCKETDATA_SEND	56	static
C:/dev/DEMO-CERTIFY-BOOTSTRAPPING-v3/Drivers/BSP/X_STMOD_PLUS_MODEMS/TYPE1SC/AT_modem_type1sc/Src/at_custom_modem_socket.c:421:13:fCmdBuild_SOCKETDATA_RECEIVE	24	static
C:/dev/DEMO-CERTIFY-BOOTSTRAPPING-v3/Drivers/BSP/X_STMOD_PLUS_MODEMS/TYPE1SC/AT_modem_type1sc/Src/at_custom_modem_socket.c:446:13:fCmdBuild_DNSRSLV	24	static
C:/dev/DEMO-CERTIFY-BOOTSTRAPPING-v3/Drivers/BSP/X_STMOD_PLUS_MODEMS/TYPE1SC/AT_modem_type1sc/Src/at_custom_modem_socket.c:470:13:fCmdBuild_PINGCMD	40	static
C:/dev/DEMO-CERTIFY-BOOTSTRAPPING-v3/Drivers/BSP/X_STMOD_PLUS_MODEMS/TYPE1SC/AT_modem_type1sc/Src/at_custom_modem_socket.c:502:17:fRspAnalyze_PDNACT	16	static
C:/dev/DEMO-CERTIFY-BOOTSTRAPPING-v3/Drivers/BSP/X_STMOD_PLUS_MODEMS/TYPE1SC/AT_modem_type1sc/Src/at_custom_modem_socket.c:515:17:fRspAnalyze_SOCKETCMD	32	static
C:/dev/DEMO-CERTIFY-BOOTSTRAPPING-v3/Drivers/BSP/X_STMOD_PLUS_MODEMS/TYPE1SC/AT_modem_type1sc/Src/at_custom_modem_socket.c:653:17:fRspAnalyze_SOCKETDATA	56	static
C:/dev/DEMO-CERTIFY-BOOTSTRAPPING-v3/Drivers/BSP/X_STMOD_PLUS_MODEMS/TYPE1SC/AT_modem_type1sc/Src/at_custom_modem_socket.c:847:17:fRspAnalyze_SOCKETEV	48	static
C:/dev/DEMO-CERTIFY-BOOTSTRAPPING-v3/Drivers/BSP/X_STMOD_PLUS_MODEMS/TYPE1SC/AT_modem_type1sc/Src/at_custom_modem_socket.c:924:17:fRspAnalyze_DNSRSLV	104	static
C:/dev/DEMO-CERTIFY-BOOTSTRAPPING-v3/Drivers/BSP/X_STMOD_PLUS_MODEMS/TYPE1SC/AT_modem_type1sc/Src/at_custom_modem_socket.c:1062:6:clear_ping_resp_struct	16	static
C:/dev/DEMO-CERTIFY-BOOTSTRAPPING-v3/Drivers/BSP/X_STMOD_PLUS_MODEMS/TYPE1SC/AT_modem_type1sc/Src/at_custom_modem_socket.c:986:17:fRspAnalyze_PINGCMD	40	static
