C:/dev/DEMO-CERTIFY-BOOTSTRAPPING-v3/Drivers/BSP/X_STMOD_PLUS_MODEMS/TYPE1SC/AT_modem_type1sc/Src/at_custom_modem_specific.c:2052:13:reinitSyntaxAutomaton_TYPE1SC	0	static
C:/dev/DEMO-CERTIFY-BOOTSTRAPPING-v3/Drivers/BSP/X_STMOD_PLUS_MODEMS/TYPE1SC/AT_modem_type1sc/Src/at_custom_modem_specific.c:2057:13:reset_variables_TYPE1SC	0	static
C:/dev/DEMO-CERTIFY-BOOTSTRAPPING-v3/Drivers/BSP/X_STMOD_PLUS_MODEMS/TYPE1SC/AT_modem_type1sc/Src/at_custom_modem_specific.c:2105:18:init_type1sc_low_power	0	static
C:/dev/DEMO-CERTIFY-BOOTSTRAPPING-v3/Drivers/BSP/X_STMOD_PLUS_MODEMS/TYPE1SC/AT_modem_type1sc/Src/at_custom_modem_specific.c:2144:13:low_power_state_requested	0	static
C:/dev/DEMO-CERTIFY-BOOTSTRAPPING-v3/Drivers/BSP/X_STMOD_PLUS_MODEMS/TYPE1SC/AT_modem_type1sc/Src/at_custom_modem_specific.c:2150:13:low_power_state_enter	0	static
C:/dev/DEMO-CERTIFY-BOOTSTRAPPING-v3/Drivers/BSP/X_STMOD_PLUS_MODEMS/TYPE1SC/AT_modem_type1sc/Src/at_custom_modem_specific.c:2156:13:low_power_state_cancel	0	static
C:/dev/DEMO-CERTIFY-BOOTSTRAPPING-v3/Drivers/BSP/X_STMOD_PLUS_MODEMS/TYPE1SC/AT_modem_type1sc/Src/at_custom_modem_specific.c:2162:13:is_waiting_modem_low_power_ack	0	static
C:/dev/DEMO-CERTIFY-BOOTSTRAPPING-v3/Drivers/BSP/X_STMOD_PLUS_MODEMS/TYPE1SC/AT_modem_type1sc/Src/at_custom_modem_specific.c:2167:13:is_modem_in_low_power_state	0	static
C:/dev/DEMO-CERTIFY-BOOTSTRAPPING-v3/Drivers/BSP/X_STMOD_PLUS_MODEMS/TYPE1SC/AT_modem_type1sc/Src/at_custom_modem_specific.c:2069:13:type1sc_modem_init	16	static
C:/dev/DEMO-CERTIFY-BOOTSTRAPPING-v3/Drivers/BSP/X_STMOD_PLUS_MODEMS/TYPE1SC/AT_modem_type1sc/Src/at_custom_modem_specific.c:2089:13:type1sc_modem_reset	16	static
C:/dev/DEMO-CERTIFY-BOOTSTRAPPING-v3/Drivers/BSP/X_STMOD_PLUS_MODEMS/TYPE1SC/AT_modem_type1sc/Src/at_custom_modem_specific.c:133:6:ATCustom_TYPE1SC_init	16	static
C:/dev/DEMO-CERTIFY-BOOTSTRAPPING-v3/Drivers/BSP/X_STMOD_PLUS_MODEMS/TYPE1SC/AT_modem_type1sc/Src/at_custom_modem_specific.c:264:9:ATCustom_TYPE1SC_checkEndOfMsgCallback	0	static,ignoring_inline_asm
C:/dev/DEMO-CERTIFY-BOOTSTRAPPING-v3/Drivers/BSP/X_STMOD_PLUS_MODEMS/TYPE1SC/AT_modem_type1sc/Src/at_custom_modem_specific.c:345:13:ATCustom_TYPE1SC_getCmd	40	static
C:/dev/DEMO-CERTIFY-BOOTSTRAPPING-v3/Drivers/BSP/X_STMOD_PLUS_MODEMS/TYPE1SC/AT_modem_type1sc/Src/at_custom_modem_specific.c:1493:13:ATCustom_TYPE1SC_extractElement	24	static
C:/dev/DEMO-CERTIFY-BOOTSTRAPPING-v3/Drivers/BSP/X_STMOD_PLUS_MODEMS/TYPE1SC/AT_modem_type1sc/Src/at_custom_modem_specific.c:1590:17:ATCustom_TYPE1SC_analyzeCmd	32	static
C:/dev/DEMO-CERTIFY-BOOTSTRAPPING-v3/Drivers/BSP/X_STMOD_PLUS_MODEMS/TYPE1SC/AT_modem_type1sc/Src/at_custom_modem_specific.c:1830:17:ATCustom_TYPE1SC_analyzeParam	24	static
C:/dev/DEMO-CERTIFY-BOOTSTRAPPING-v3/Drivers/BSP/X_STMOD_PLUS_MODEMS/TYPE1SC/AT_modem_type1sc/Src/at_custom_modem_specific.c:1849:17:ATCustom_TYPE1SC_terminateCmd	24	static
C:/dev/DEMO-CERTIFY-BOOTSTRAPPING-v3/Drivers/BSP/X_STMOD_PLUS_MODEMS/TYPE1SC/AT_modem_type1sc/Src/at_custom_modem_specific.c:1892:13:ATCustom_TYPE1SC_get_rsp	24	static
C:/dev/DEMO-CERTIFY-BOOTSTRAPPING-v3/Drivers/BSP/X_STMOD_PLUS_MODEMS/TYPE1SC/AT_modem_type1sc/Src/at_custom_modem_specific.c:1962:13:ATCustom_TYPE1SC_get_urc	24	static
C:/dev/DEMO-CERTIFY-BOOTSTRAPPING-v3/Drivers/BSP/X_STMOD_PLUS_MODEMS/TYPE1SC/AT_modem_type1sc/Src/at_custom_modem_specific.c:1980:13:ATCustom_TYPE1SC_get_error	24	static
C:/dev/DEMO-CERTIFY-BOOTSTRAPPING-v3/Drivers/BSP/X_STMOD_PLUS_MODEMS/TYPE1SC/AT_modem_type1sc/Src/at_custom_modem_specific.c:1998:13:ATCustom_TYPE1SC_hw_event	8	static
