../Middlewares/Cellular/Modules/PKCS11/Src/st_comm_layer.c:1566:10:composePKCS11Return	0	static
../Middlewares/Cellular/Modules/PKCS11/Src/st_comm_layer.c:32:10:InitCommunicationLayer	80	static
../Middlewares/Cellular/Modules/PKCS11/Src/st_comm_layer.c:103:10:CloseCommunication	8	static
../Middlewares/Cellular/Modules/PKCS11/Src/st_comm_layer.c:122:10:ComputeSignature	192	static
../Middlewares/Cellular/Modules/PKCS11/Src/st_comm_layer.c:207:10:encrypt	552	static
../Middlewares/Cellular/Modules/PKCS11/Src/st_comm_layer.c:283:10:decrypt	552	static
../Middlewares/Cellular/Modules/PKCS11/Src/st_comm_layer.c:362:10:retrieveSecretKeysPresence	144	static
../Middlewares/Cellular/Modules/PKCS11/Src/st_comm_layer.c:923:17:SelectEx	208	static
../Middlewares/Cellular/Modules/PKCS11/Src/st_comm_layer.c:1036:17:PathSelect	24	static
../Middlewares/Cellular/Modules/PKCS11/Src/st_comm_layer.c:1024:10:PathSelectWORD	32	static
../Middlewares/Cellular/Modules/PKCS11/Src/st_comm_layer.c:426:10:GenerateKeyPair	88	static
../Middlewares/Cellular/Modules/PKCS11/Src/st_comm_layer.c:500:10:ReadBinary	600	static
../Middlewares/Cellular/Modules/PKCS11/Src/st_comm_layer.c:710:10:ReadRecord	72	static
../Middlewares/Cellular/Modules/PKCS11/Src/st_comm_layer.c:775:10:UpdateBinary	560	static
../Middlewares/Cellular/Modules/PKCS11/Src/st_comm_layer.c:1064:10:GetChallenge	432	static
../Middlewares/Cellular/Modules/PKCS11/Src/st_comm_layer.c:1123:10:GenerateSecret	312	static
../Middlewares/Cellular/Modules/PKCS11/Src/st_comm_layer.c:1224:10:DeriveSecret	312	static
../Middlewares/Cellular/Modules/PKCS11/Src/st_comm_layer.c:1321:10:VerifySignature	328	static
../Middlewares/Cellular/Modules/PKCS11/Src/st_comm_layer.c:1429:10:SelectPublicKey	64	static
../Middlewares/Cellular/Modules/PKCS11/Src/st_comm_layer.c:1547:10:ExecuteVerifySignature	16	static
../Middlewares/Cellular/Modules/PKCS11/Src/st_comm_layer.c:1483:10:UpdateKey	128	static
