../Middlewares/Cellular/Modules/PKCS11/Src/st_util.c:148:6:findObjectInListByLabel	24	static
../Middlewares/Cellular/Modules/PKCS11/Src/st_util.c:231:7:removeObjectFromList	0	static
../Middlewares/Cellular/Modules/PKCS11/Src/st_util.c:258:7:removeSessionObjectFromList	4	static
../Middlewares/Cellular/Modules/PKCS11/Src/st_util.c:281:6:removeSessionKeyPairsFromList	8	static
../Middlewares/Cellular/Modules/PKCS11/Src/st_util.c:309:6:findObjectInListByHandle	8	static
../Middlewares/Cellular/Modules/PKCS11/Src/st_util.c:336:6:updateHandleForObject	24	static
../Middlewares/Cellular/Modules/PKCS11/Src/st_util.c:359:6:hexstr_to_char	16	static
../Middlewares/Cellular/Modules/PKCS11/Src/st_util.c:387:6:TLV_Get	20	static
../Middlewares/Cellular/Modules/PKCS11/Src/st_util.c:494:6:TLV_Validate	12	static
../Middlewares/Cellular/Modules/PKCS11/Src/st_util.c:571:7:getPublicKeyValue	112	static
../Middlewares/Cellular/Modules/PKCS11/Src/st_util.c:618:7:getCertificateFileContentLength	24	static
../Middlewares/Cellular/Modules/PKCS11/Src/st_util.c:650:7:getDataObjectLengthAndValue	176	static
../Middlewares/Cellular/Modules/PKCS11/Src/st_util.c:691:7:getCertificateFileContent	2024	static
../Middlewares/Cellular/Modules/PKCS11/Src/st_util.c:762:7:checkGenerateKeyPairPrivatePublicTemplates	136	static
../Middlewares/Cellular/Modules/PKCS11/Src/st_util.c:1302:9:GetAttributePos	0	static
../Middlewares/Cellular/Modules/PKCS11/Src/st_util.c:1333:10:GetAttribute	16	static
../Middlewares/Cellular/Modules/PKCS11/Src/st_util.c:1367:7:DeleteCertificateValue	32	static
../Middlewares/Cellular/Modules/PKCS11/Src/st_util.c:1400:7:WriteCertificateValue	40	static
../Middlewares/Cellular/Modules/PKCS11/Src/st_util.c:1424:7:UpdateFileValue	40	static
../Middlewares/Cellular/Modules/PKCS11/Src/st_util.c:1449:7:ParseECParam	0	static
../Middlewares/Cellular/Modules/PKCS11/Src/st_util.c:1504:7:ParseHKDFParam	16	static
../Middlewares/Cellular/Modules/PKCS11/Src/st_util.c:1579:6:is9000	0	static
../Middlewares/Cellular/Modules/PKCS11/Src/st_util.c:1610:9:getX509Attribute	336	static
../Middlewares/Cellular/Modules/PKCS11/Src/st_util.c:1666:6:setEnvironmentTarget	16	static
../Middlewares/Cellular/Modules/PKCS11/Src/st_util.c:1703:6:setPrivateKeyEnvironmentTarget	16	static
../Middlewares/Cellular/Modules/PKCS11/Src/st_util.c:1736:6:setThirdPrivateKeyEnvironmentTarget	8	static
../Middlewares/Cellular/Modules/PKCS11/Src/st_util.c:1761:6:setPublicKeyEnvironmentTarget	16	static
../Middlewares/Cellular/Modules/PKCS11/Src/st_util.c:1790:6:setCompleteKeyEnvironmentTarget	16	static
../Middlewares/Cellular/Modules/PKCS11/Src/st_util.c:1810:6:setGlobalEnvironmentTarget	16	static
../Middlewares/Cellular/Modules/PKCS11/Src/st_util.c:1857:6:setSignKeyEnvironmentTarget	16	static
../Middlewares/Cellular/Modules/PKCS11/Src/st_util.c:1911:10:generateRandom	32	static
../Middlewares/Cellular/Modules/PKCS11/Src/st_util.c:46:7:LoadTokenObjects	208	static
../Middlewares/Cellular/Modules/PKCS11/Src/st_util.c:1970:8:nibbleToChar	0	static
../Middlewares/Cellular/Modules/PKCS11/Src/st_util.c:1944:8:convertHexByteToAscii	16	static
../Middlewares/Cellular/Modules/PKCS11/Src/st_util.c:1994:8:checkAndAdaptPrivateKeySizeAndValue	0	static
