C:/dev/DEMO-CERTIFY-BOOTSTRAPPING-v3/Middlewares/ST/STM32_Cellular/Core/Ipc/Src/ipc_uart.c:684:16:find_Device_Id	0	static
C:/dev/DEMO-CERTIFY-BOOTSTRAPPING-v3/Middlewares/ST/STM32_Cellular/Core/Ipc/Src/ipc_uart.c:711:21:change_ipc_channel	24	static
C:/dev/DEMO-CERTIFY-BOOTSTRAPPING-v3/Middlewares/ST/STM32_Cellular/Core/Ipc/Src/ipc_uart.c:70:14:IPC_UART_init	8	static
C:/dev/DEMO-CERTIFY-BOOTSTRAPPING-v3/Middlewares/ST/STM32_Cellular/Core/Ipc/Src/ipc_uart.c:98:14:IPC_UART_deinit	0	static
C:/dev/DEMO-CERTIFY-BOOTSTRAPPING-v3/Middlewares/ST/STM32_Cellular/Core/Ipc/Src/ipc_uart.c:121:14:IPC_UART_open	40	static
C:/dev/DEMO-CERTIFY-BOOTSTRAPPING-v3/Middlewares/ST/STM32_Cellular/Core/Ipc/Src/ipc_uart.c:225:14:IPC_UART_close	16	static
C:/dev/DEMO-CERTIFY-BOOTSTRAPPING-v3/Middlewares/ST/STM32_Cellular/Core/Ipc/Src/ipc_uart.c:299:14:IPC_UART_reset	24	static
C:/dev/DEMO-CERTIFY-BOOTSTRAPPING-v3/Middlewares/ST/STM32_Cellular/Core/Ipc/Src/ipc_uart.c:330:14:IPC_UART_abort	16	static
C:/dev/DEMO-CERTIFY-BOOTSTRAPPING-v3/Middlewares/ST/STM32_Cellular/Core/Ipc/Src/ipc_uart.c:351:14:IPC_UART_select	16	static
C:/dev/DEMO-CERTIFY-BOOTSTRAPPING-v3/Middlewares/ST/STM32_Cellular/Core/Ipc/Src/ipc_uart.c:367:15:IPC_UART_get_other_channel	4	static
C:/dev/DEMO-CERTIFY-BOOTSTRAPPING-v3/Middlewares/ST/STM32_Cellular/Core/Ipc/Src/ipc_uart.c:394:14:IPC_UART_send	8	static
C:/dev/DEMO-CERTIFY-BOOTSTRAPPING-v3/Middlewares/ST/STM32_Cellular/Core/Ipc/Src/ipc_uart.c:420:14:IPC_UART_receive	16	static
C:/dev/DEMO-CERTIFY-BOOTSTRAPPING-v3/Middlewares/ST/STM32_Cellular/Core/Ipc/Src/ipc_uart.c:548:6:IPC_UART_rearm_RX_IT	8	static
C:/dev/DEMO-CERTIFY-BOOTSTRAPPING-v3/Middlewares/ST/STM32_Cellular/Core/Ipc/Src/ipc_uart.c:631:6:IPC_UART_RxCpltCallback	8	static
C:/dev/DEMO-CERTIFY-BOOTSTRAPPING-v3/Middlewares/ST/STM32_Cellular/Core/Ipc/Src/ipc_uart.c:650:6:IPC_UART_TxCpltCallback	8	static
C:/dev/DEMO-CERTIFY-BOOTSTRAPPING-v3/Middlewares/ST/STM32_Cellular/Core/Ipc/Src/ipc_uart.c:672:6:IPC_UART_ErrorCallback	0	static
