C:/dev/DEMO-CERTIFY-BOOTSTRAPPING-v3/Middlewares/ST/STM32_Cellular/Core/Ipc/Src/ipc_rxfifo.c:438:13:RXFIFO_incrementTail	0	static
C:/dev/DEMO-CERTIFY-BOOTSTRAPPING-v3/Middlewares/ST/STM32_Cellular/Core/Ipc/Src/ipc_rxfifo.c:474:13:RXFIFO_updateMsgHeader	0	static
C:/dev/DEMO-CERTIFY-BOOTSTRAPPING-v3/Middlewares/ST/STM32_Cellular/Core/Ipc/Src/ipc_rxfifo.c:516:13:RXFIFO_rearm_RX_IT	8	static
C:/dev/DEMO-CERTIFY-BOOTSTRAPPING-v3/Middlewares/ST/STM32_Cellular/Core/Ipc/Src/ipc_rxfifo.c:78:6:IPC_RXFIFO_init	8	static
C:/dev/DEMO-CERTIFY-BOOTSTRAPPING-v3/Middlewares/ST/STM32_Cellular/Core/Ipc/Src/ipc_rxfifo.c:290:10:IPC_RXFIFO_getFreeBytes	0	static
C:/dev/DEMO-CERTIFY-BOOTSTRAPPING-v3/Middlewares/ST/STM32_Cellular/Core/Ipc/Src/ipc_rxfifo.c:448:13:RXFIFO_incrementHead	8	static
C:/dev/DEMO-CERTIFY-BOOTSTRAPPING-v3/Middlewares/ST/STM32_Cellular/Core/Ipc/Src/ipc_rxfifo.c:505:13:RXFIFO_prepareNextMsgHeader	16	static
C:/dev/DEMO-CERTIFY-BOOTSTRAPPING-v3/Middlewares/ST/STM32_Cellular/Core/Ipc/Src/ipc_rxfifo.c:105:6:IPC_RXFIFO_writeCharacter	16	static
C:/dev/DEMO-CERTIFY-BOOTSTRAPPING-v3/Middlewares/ST/STM32_Cellular/Core/Ipc/Src/ipc_rxfifo.c:322:6:IPC_RXFIFO_readMsgHeader_at_pos	24	static
C:/dev/DEMO-CERTIFY-BOOTSTRAPPING-v3/Middlewares/ST/STM32_Cellular/Core/Ipc/Src/ipc_rxfifo.c:154:9:IPC_RXFIFO_read	24	static
