C:/Dev/DEMO-CERTIFY-BOOTSTRAPPING/Middlewares/Third_Party/LwIP/src/netif/ppp/ipcp.c:746:12:ipcp_cilen	0	static
C:/Dev/DEMO-CERTIFY-BOOTSTRAPPING/Middlewares/Third_Party/LwIP/src/netif/ppp/ipcp.c:664:13:ipcp_close	0	static
C:/Dev/DEMO-CERTIFY-BOOTSTRAPPING/Middlewares/Third_Party/LwIP/src/netif/ppp/ipcp.c:654:13:ipcp_open	8	static
C:/Dev/DEMO-CERTIFY-BOOTSTRAPPING/Middlewares/Third_Party/LwIP/src/netif/ppp/ipcp.c:682:13:ipcp_lowerdown	0	static
C:/Dev/DEMO-CERTIFY-BOOTSTRAPPING/Middlewares/Third_Party/LwIP/src/netif/ppp/ipcp.c:673:13:ipcp_lowerup	0	static
C:/Dev/DEMO-CERTIFY-BOOTSTRAPPING/Middlewares/Third_Party/LwIP/src/netif/ppp/ipcp.c:691:13:ipcp_input	0	static
C:/Dev/DEMO-CERTIFY-BOOTSTRAPPING/Middlewares/Third_Party/LwIP/src/netif/ppp/ipcp.c:592:13:ipcp_init	8	static
C:/Dev/DEMO-CERTIFY-BOOTSTRAPPING/Middlewares/Third_Party/LwIP/src/netif/ppp/ipcp.c:2209:13:ipcp_finished	0	static
C:/Dev/DEMO-CERTIFY-BOOTSTRAPPING/Middlewares/Third_Party/LwIP/src/netif/ppp/ipcp.c:2118:13:ipcp_down	16	static
C:/Dev/DEMO-CERTIFY-BOOTSTRAPPING/Middlewares/Third_Party/LwIP/src/netif/ppp/ipcp.c:1341:12:ipcp_rejci	72	static
C:/Dev/DEMO-CERTIFY-BOOTSTRAPPING/Middlewares/Third_Party/LwIP/src/netif/ppp/ipcp.c:921:12:ipcp_ackci	24	static
C:/Dev/DEMO-CERTIFY-BOOTSTRAPPING/Middlewares/Third_Party/LwIP/src/netif/ppp/ipcp.c:806:13:ipcp_addci	24	static
C:/Dev/DEMO-CERTIFY-BOOTSTRAPPING/Middlewares/Third_Party/LwIP/src/netif/ppp/ipcp.c:1885:13:ipcp_up	16	static
C:/Dev/DEMO-CERTIFY-BOOTSTRAPPING/Middlewares/Third_Party/LwIP/src/netif/ppp/ipcp.c:1076:12:ipcp_nakci	144	static
C:/Dev/DEMO-CERTIFY-BOOTSTRAPPING/Middlewares/Third_Party/LwIP/src/netif/ppp/ipcp.c:712:13:ipcp_resetci	16	static
C:/Dev/DEMO-CERTIFY-BOOTSTRAPPING/Middlewares/Third_Party/LwIP/src/netif/ppp/ipcp.c:1506:12:ipcp_reqci	56	static
C:/Dev/DEMO-CERTIFY-BOOTSTRAPPING/Middlewares/Third_Party/LwIP/src/netif/ppp/ipcp.c:702:13:ipcp_protrej	0	static
