C:/Dev/DEMO-CERTIFY-BOOTSTRAPPING/Middlewares/Third_Party/LwIP/src/netif/ppp/ppp.c:467:14:ppp_netif_init_cb	0	static
C:/Dev/DEMO-CERTIFY-BOOTSTRAPPING/Middlewares/Third_Party/LwIP/src/netif/ppp/ppp.c:488:14:ppp_netif_output_ip4	24	static
C:/Dev/DEMO-CERTIFY-BOOTSTRAPPING/Middlewares/Third_Party/LwIP/src/netif/ppp/ppp.c:218:6:ppp_set_auth	8	static
C:/Dev/DEMO-CERTIFY-BOOTSTRAPPING/Middlewares/Third_Party/LwIP/src/netif/ppp/ppp.c:254:6:ppp_set_notify_phase_callback	4	static
C:/Dev/DEMO-CERTIFY-BOOTSTRAPPING/Middlewares/Third_Party/LwIP/src/netif/ppp/ppp.c:393:7:ppp_free	16	static
C:/Dev/DEMO-CERTIFY-BOOTSTRAPPING/Middlewares/Third_Party/LwIP/src/netif/ppp/ppp.c:413:1:ppp_ioctl	0	static
C:/Dev/DEMO-CERTIFY-BOOTSTRAPPING/Middlewares/Third_Party/LwIP/src/netif/ppp/ppp.c:611:5:ppp_init	8	static
C:/Dev/DEMO-CERTIFY-BOOTSTRAPPING/Middlewares/Third_Party/LwIP/src/netif/ppp/ppp.c:773:6:ppp_input	32	static
C:/Dev/DEMO-CERTIFY-BOOTSTRAPPING/Middlewares/Third_Party/LwIP/src/netif/ppp/ppp.c:989:7:ppp_write	4	static
C:/Dev/DEMO-CERTIFY-BOOTSTRAPPING/Middlewares/Third_Party/LwIP/src/netif/ppp/ppp.c:996:6:ppp_link_terminated	0	static
C:/Dev/DEMO-CERTIFY-BOOTSTRAPPING/Middlewares/Third_Party/LwIP/src/netif/ppp/ppp.c:1011:6:new_phase	4	static
C:/Dev/DEMO-CERTIFY-BOOTSTRAPPING/Middlewares/Third_Party/LwIP/src/netif/ppp/ppp.c:455:13:ppp_do_connect	8	static
C:/Dev/DEMO-CERTIFY-BOOTSTRAPPING/Middlewares/Third_Party/LwIP/src/netif/ppp/ppp.c:271:7:ppp_connect	16	static
C:/Dev/DEMO-CERTIFY-BOOTSTRAPPING/Middlewares/Third_Party/LwIP/src/netif/ppp/ppp.c:300:7:ppp_listen	16	static
C:/Dev/DEMO-CERTIFY-BOOTSTRAPPING/Middlewares/Third_Party/LwIP/src/netif/ppp/ppp.c:331:1:ppp_close	16	static
C:/Dev/DEMO-CERTIFY-BOOTSTRAPPING/Middlewares/Third_Party/LwIP/src/netif/ppp/ppp.c:646:10:ppp_new	40	static
C:/Dev/DEMO-CERTIFY-BOOTSTRAPPING/Middlewares/Third_Party/LwIP/src/netif/ppp/ppp.c:728:6:ppp_start	8	static
C:/Dev/DEMO-CERTIFY-BOOTSTRAPPING/Middlewares/Third_Party/LwIP/src/netif/ppp/ppp.c:752:6:ppp_link_failed	8	static
C:/Dev/DEMO-CERTIFY-BOOTSTRAPPING/Middlewares/Third_Party/LwIP/src/netif/ppp/ppp.c:760:6:ppp_link_end	8	static
C:/Dev/DEMO-CERTIFY-BOOTSTRAPPING/Middlewares/Third_Party/LwIP/src/netif/ppp/ppp.c:1025:5:ppp_send_config	24	static
C:/Dev/DEMO-CERTIFY-BOOTSTRAPPING/Middlewares/Third_Party/LwIP/src/netif/ppp/ppp.c:1041:5:ppp_recv_config	24	static
C:/Dev/DEMO-CERTIFY-BOOTSTRAPPING/Middlewares/Third_Party/LwIP/src/netif/ppp/ppp.c:1056:5:sifaddr	24	static
C:/Dev/DEMO-CERTIFY-BOOTSTRAPPING/Middlewares/Third_Party/LwIP/src/netif/ppp/ppp.c:1071:5:cifaddr	8	static
C:/Dev/DEMO-CERTIFY-BOOTSTRAPPING/Middlewares/Third_Party/LwIP/src/netif/ppp/ppp.c:1107:5:sdns	16	static
C:/Dev/DEMO-CERTIFY-BOOTSTRAPPING/Middlewares/Third_Party/LwIP/src/netif/ppp/ppp.c:1122:5:cdns	16	static
C:/Dev/DEMO-CERTIFY-BOOTSTRAPPING/Middlewares/Third_Party/LwIP/src/netif/ppp/ppp.c:1146:5:sifvjcomp	8	static
C:/Dev/DEMO-CERTIFY-BOOTSTRAPPING/Middlewares/Third_Party/LwIP/src/netif/ppp/ppp.c:1159:5:sifup	8	static
C:/Dev/DEMO-CERTIFY-BOOTSTRAPPING/Middlewares/Third_Party/LwIP/src/netif/ppp/ppp.c:1174:5:sifdown	8	static
C:/Dev/DEMO-CERTIFY-BOOTSTRAPPING/Middlewares/Third_Party/LwIP/src/netif/ppp/ppp.c:1200:7:get_mask	0	static
C:/Dev/DEMO-CERTIFY-BOOTSTRAPPING/Middlewares/Third_Party/LwIP/src/netif/ppp/ppp.c:1315:6:netif_set_mtu	0	static
C:/Dev/DEMO-CERTIFY-BOOTSTRAPPING/Middlewares/Third_Party/LwIP/src/netif/ppp/ppp.c:1324:5:netif_get_mtu	0	static
