C:/Dev/DEMO-CERTIFY-BOOTSTRAPPING/Middlewares/Third_Party/LwIP/src/netif/ppp/pppapi.c:58:1:pppapi_do_ppp_set_default	8	static
C:/Dev/DEMO-CERTIFY-BOOTSTRAPPING/Middlewares/Third_Party/LwIP/src/netif/ppp/pppapi.c:91:1:pppapi_do_ppp_set_notify_phase_callback	8	static
C:/Dev/DEMO-CERTIFY-BOOTSTRAPPING/Middlewares/Third_Party/LwIP/src/netif/ppp/pppapi.c:126:1:pppapi_do_pppos_create	8	static
C:/Dev/DEMO-CERTIFY-BOOTSTRAPPING/Middlewares/Third_Party/LwIP/src/netif/ppp/pppapi.c:271:1:pppapi_do_ppp_connect	0	static
C:/Dev/DEMO-CERTIFY-BOOTSTRAPPING/Middlewares/Third_Party/LwIP/src/netif/ppp/pppapi.c:304:1:pppapi_do_ppp_listen	0	static
C:/Dev/DEMO-CERTIFY-BOOTSTRAPPING/Middlewares/Third_Party/LwIP/src/netif/ppp/pppapi.c:336:1:pppapi_do_ppp_close	0	static
C:/Dev/DEMO-CERTIFY-BOOTSTRAPPING/Middlewares/Third_Party/LwIP/src/netif/ppp/pppapi.c:368:1:pppapi_do_ppp_free	0	static
C:/Dev/DEMO-CERTIFY-BOOTSTRAPPING/Middlewares/Third_Party/LwIP/src/netif/ppp/pppapi.c:399:1:pppapi_do_ppp_ioctl	0	static
C:/Dev/DEMO-CERTIFY-BOOTSTRAPPING/Middlewares/Third_Party/LwIP/src/netif/ppp/pppapi.c:73:1:pppapi_set_default	32	static
C:/Dev/DEMO-CERTIFY-BOOTSTRAPPING/Middlewares/Third_Party/LwIP/src/netif/ppp/pppapi.c:106:1:pppapi_set_notify_phase_callback	32	static
C:/Dev/DEMO-CERTIFY-BOOTSTRAPPING/Middlewares/Third_Party/LwIP/src/netif/ppp/pppapi.c:142:1:pppapi_pppos_create	32	static
C:/Dev/DEMO-CERTIFY-BOOTSTRAPPING/Middlewares/Third_Party/LwIP/src/netif/ppp/pppapi.c:285:1:pppapi_connect	32	static
C:/Dev/DEMO-CERTIFY-BOOTSTRAPPING/Middlewares/Third_Party/LwIP/src/netif/ppp/pppapi.c:318:1:pppapi_listen	32	static
C:/Dev/DEMO-CERTIFY-BOOTSTRAPPING/Middlewares/Third_Party/LwIP/src/netif/ppp/pppapi.c:350:1:pppapi_close	32	static
C:/Dev/DEMO-CERTIFY-BOOTSTRAPPING/Middlewares/Third_Party/LwIP/src/netif/ppp/pppapi.c:382:1:pppapi_free	32	static
C:/Dev/DEMO-CERTIFY-BOOTSTRAPPING/Middlewares/Third_Party/LwIP/src/netif/ppp/pppapi.c:413:1:pppapi_ioctl	32	static
