C:/Dev/DEMO-CERTIFY-BOOTSTRAPPING/Middlewares/Third_Party/LwIP/src/netif/ppp/upap.c:137:13:upap_init	0	static
C:/Dev/DEMO-CERTIFY-BOOTSTRAPPING/Middlewares/Third_Party/LwIP/src/netif/ppp/upap.c:265:13:upap_lowerdown	8	static
C:/Dev/DEMO-CERTIFY-BOOTSTRAPPING/Middlewares/Third_Party/LwIP/src/netif/ppp/upap.c:286:13:upap_protrej	8	static
C:/Dev/DEMO-CERTIFY-BOOTSTRAPPING/Middlewares/Third_Party/LwIP/src/netif/ppp/upap.c:567:13:upap_sresp	32	static
C:/Dev/DEMO-CERTIFY-BOOTSTRAPPING/Middlewares/Third_Party/LwIP/src/netif/ppp/upap.c:529:13:upap_sauthreq	24	static
C:/Dev/DEMO-CERTIFY-BOOTSTRAPPING/Middlewares/Third_Party/LwIP/src/netif/ppp/upap.c:359:13:upap_rauthreq	328	static
C:/Dev/DEMO-CERTIFY-BOOTSTRAPPING/Middlewares/Third_Party/LwIP/src/netif/ppp/upap.c:223:13:upap_reqtimeout	8	static
C:/Dev/DEMO-CERTIFY-BOOTSTRAPPING/Middlewares/Third_Party/LwIP/src/netif/ppp/upap.c:201:13:upap_timeout	8	static
C:/Dev/DEMO-CERTIFY-BOOTSTRAPPING/Middlewares/Third_Party/LwIP/src/netif/ppp/upap.c:305:13:upap_input	16	static
C:/Dev/DEMO-CERTIFY-BOOTSTRAPPING/Middlewares/Third_Party/LwIP/src/netif/ppp/upap.c:240:13:upap_lowerup	8	static
C:/Dev/DEMO-CERTIFY-BOOTSTRAPPING/Middlewares/Third_Party/LwIP/src/netif/ppp/upap.c:155:6:upap_authwithpeer	16	static
C:/Dev/DEMO-CERTIFY-BOOTSTRAPPING/Middlewares/Third_Party/LwIP/src/netif/ppp/upap.c:183:6:upap_authpeer	8	static
