C:/Dev/DEMO-CERTIFY-BOOTSTRAPPING/Middlewares/ST/STM32_Cellular/Core/Rtosal/Src/rtosal.c:45:14:rtosalKernelInitialize	0	static
C:/Dev/DEMO-CERTIFY-BOOTSTRAPPING/Middlewares/ST/STM32_Cellular/Core/Rtosal/Src/rtosal.c:60:14:rtosalKernelStart	0	static
C:/Dev/DEMO-CERTIFY-BOOTSTRAPPING/Middlewares/ST/STM32_Cellular/Core/Rtosal/Src/rtosal.c:71:10:rtosalGetSysTimerCount	0	static
C:/Dev/DEMO-CERTIFY-BOOTSTRAPPING/Middlewares/ST/STM32_Cellular/Core/Rtosal/Src/rtosal.c:97:12:rtosalThreadNew	32	static
C:/Dev/DEMO-CERTIFY-BOOTSTRAPPING/Middlewares/ST/STM32_Cellular/Core/Rtosal/Src/rtosal.c:137:14:rtosalThreadTerminate	0	static
C:/Dev/DEMO-CERTIFY-BOOTSTRAPPING/Middlewares/ST/STM32_Cellular/Core/Rtosal/Src/rtosal.c:154:15:rtosalSemaphoreNew	16	static
C:/Dev/DEMO-CERTIFY-BOOTSTRAPPING/Middlewares/ST/STM32_Cellular/Core/Rtosal/Src/rtosal.c:184:14:rtosalSemaphoreAcquire	0	static
C:/Dev/DEMO-CERTIFY-BOOTSTRAPPING/Middlewares/ST/STM32_Cellular/Core/Rtosal/Src/rtosal.c:204:14:rtosalSemaphoreRelease	0	static
C:/Dev/DEMO-CERTIFY-BOOTSTRAPPING/Middlewares/ST/STM32_Cellular/Core/Rtosal/Src/rtosal.c:216:14:rtosalSemaphoreDelete	0	static
C:/Dev/DEMO-CERTIFY-BOOTSTRAPPING/Middlewares/ST/STM32_Cellular/Core/Rtosal/Src/rtosal.c:232:11:rtosalMutexNew	16	static
C:/Dev/DEMO-CERTIFY-BOOTSTRAPPING/Middlewares/ST/STM32_Cellular/Core/Rtosal/Src/rtosal.c:263:14:rtosalMutexAcquire	0	static
C:/Dev/DEMO-CERTIFY-BOOTSTRAPPING/Middlewares/ST/STM32_Cellular/Core/Rtosal/Src/rtosal.c:281:14:rtosalMutexRelease	0	static
C:/Dev/DEMO-CERTIFY-BOOTSTRAPPING/Middlewares/ST/STM32_Cellular/Core/Rtosal/Src/rtosal.c:293:14:rtosalMutexDelete	0	static
C:/Dev/DEMO-CERTIFY-BOOTSTRAPPING/Middlewares/ST/STM32_Cellular/Core/Rtosal/Src/rtosal.c:310:14:rtosalMessageQueueNew	16	static
C:/Dev/DEMO-CERTIFY-BOOTSTRAPPING/Middlewares/ST/STM32_Cellular/Core/Rtosal/Src/rtosal.c:347:14:rtosalMessageQueuePut	0	static
C:/Dev/DEMO-CERTIFY-BOOTSTRAPPING/Middlewares/ST/STM32_Cellular/Core/Rtosal/Src/rtosal.c:373:14:rtosalMessageQueueGet	24	static
C:/Dev/DEMO-CERTIFY-BOOTSTRAPPING/Middlewares/ST/STM32_Cellular/Core/Rtosal/Src/rtosal.c:415:11:rtosalTimerNew	16	static
C:/Dev/DEMO-CERTIFY-BOOTSTRAPPING/Middlewares/ST/STM32_Cellular/Core/Rtosal/Src/rtosal.c:442:14:rtosalTimerStart	0	static
C:/Dev/DEMO-CERTIFY-BOOTSTRAPPING/Middlewares/ST/STM32_Cellular/Core/Rtosal/Src/rtosal.c:456:14:rtosalTimerStop	0	static
C:/Dev/DEMO-CERTIFY-BOOTSTRAPPING/Middlewares/ST/STM32_Cellular/Core/Rtosal/Src/rtosal.c:468:14:rtosalTimerDelete	0	static
C:/Dev/DEMO-CERTIFY-BOOTSTRAPPING/Middlewares/ST/STM32_Cellular/Core/Rtosal/Src/rtosal.c:482:14:rtosalDelay	0	static
