C:/dev/DEMO-CERTIFY-BOOTSTRAPPING-v3/Middlewares/ST/STM32_Cellular/Interface/Com/Src/com_sockets.c:76:13:com_help_cmd	16	static
C:/dev/DEMO-CERTIFY-BOOTSTRAPPING-v3/Middlewares/ST/STM32_Cellular/Interface/Com/Src/com_sockets.c:89:21:com_sockets_cmd	56	static
C:/dev/DEMO-CERTIFY-BOOTSTRAPPING-v3/Middlewares/ST/STM32_Cellular/Interface/Com/Src/com_sockets.c:158:9:com_socket	8	static
C:/dev/DEMO-CERTIFY-BOOTSTRAPPING-v3/Middlewares/ST/STM32_Cellular/Interface/Com/Src/com_sockets.c:182:9:com_setsockopt	16	static
C:/dev/DEMO-CERTIFY-BOOTSTRAPPING-v3/Middlewares/ST/STM32_Cellular/Interface/Com/Src/com_sockets.c:207:9:com_getsockopt	16	static
C:/dev/DEMO-CERTIFY-BOOTSTRAPPING-v3/Middlewares/ST/STM32_Cellular/Interface/Com/Src/com_sockets.c:230:9:com_bind	8	static
C:/dev/DEMO-CERTIFY-BOOTSTRAPPING-v3/Middlewares/ST/STM32_Cellular/Interface/Com/Src/com_sockets.c:252:9:com_listen	8	static
C:/dev/DEMO-CERTIFY-BOOTSTRAPPING-v3/Middlewares/ST/STM32_Cellular/Interface/Com/Src/com_sockets.c:275:9:com_accept	8	static
C:/dev/DEMO-CERTIFY-BOOTSTRAPPING-v3/Middlewares/ST/STM32_Cellular/Interface/Com/Src/com_sockets.c:298:9:com_connect	8	static
C:/dev/DEMO-CERTIFY-BOOTSTRAPPING-v3/Middlewares/ST/STM32_Cellular/Interface/Com/Src/com_sockets.c:322:9:com_send	8	static
C:/dev/DEMO-CERTIFY-BOOTSTRAPPING-v3/Middlewares/ST/STM32_Cellular/Interface/Com/Src/com_sockets.c:349:9:com_sendto	16	static
C:/dev/DEMO-CERTIFY-BOOTSTRAPPING-v3/Middlewares/ST/STM32_Cellular/Interface/Com/Src/com_sockets.c:375:9:com_recv	8	static
C:/dev/DEMO-CERTIFY-BOOTSTRAPPING-v3/Middlewares/ST/STM32_Cellular/Interface/Com/Src/com_sockets.c:402:9:com_recvfrom	16	static
C:/dev/DEMO-CERTIFY-BOOTSTRAPPING-v3/Middlewares/ST/STM32_Cellular/Interface/Com/Src/com_sockets.c:425:9:com_closesocket	8	static
C:/dev/DEMO-CERTIFY-BOOTSTRAPPING-v3/Middlewares/ST/STM32_Cellular/Interface/Com/Src/com_sockets.c:448:9:com_gethostbyname	8	static
C:/dev/DEMO-CERTIFY-BOOTSTRAPPING-v3/Middlewares/ST/STM32_Cellular/Interface/Com/Src/com_sockets.c:471:9:com_getpeername	8	static
C:/dev/DEMO-CERTIFY-BOOTSTRAPPING-v3/Middlewares/ST/STM32_Cellular/Interface/Com/Src/com_sockets.c:494:9:com_getsockname	8	static
C:/dev/DEMO-CERTIFY-BOOTSTRAPPING-v3/Middlewares/ST/STM32_Cellular/Interface/Com/Src/com_sockets.c:590:6:com_sockets_init	8	static
C:/dev/DEMO-CERTIFY-BOOTSTRAPPING-v3/Middlewares/ST/STM32_Cellular/Interface/Com/Src/com_sockets.c:616:6:com_sockets_start	8	static
