C:/dev/DEMO-CERTIFY-BOOTSTRAPPING-v3/Middlewares/ST/STM32_Cellular/Interface/Com/Src/com_sockets_ip_modem.c:515:23:com_ip_modem_find_socket	4	static
C:/dev/DEMO-CERTIFY-BOOTSTRAPPING-v3/Middlewares/ST/STM32_Cellular/Interface/Com/Src/com_sockets_ip_modem.c:757:13:com_convert_sockaddr_to_ipaddr_port	0	static
C:/dev/DEMO-CERTIFY-BOOTSTRAPPING-v3/Middlewares/ST/STM32_Cellular/Interface/Com/Src/com_sockets_ip_modem.c:771:13:com_ip_modem_is_network_up	0	static
C:/dev/DEMO-CERTIFY-BOOTSTRAPPING-v3/Middlewares/ST/STM32_Cellular/Interface/Com/Src/com_sockets_ip_modem.c:783:17:com_ip_modem_new_local_port	4	static
C:/dev/DEMO-CERTIFY-BOOTSTRAPPING-v3/Middlewares/ST/STM32_Cellular/Interface/Com/Src/com_sockets_ip_modem.c:996:13:com_ip_modem_wakeup_request	0	static,ignoring_inline_asm
C:/dev/DEMO-CERTIFY-BOOTSTRAPPING-v3/Middlewares/ST/STM32_Cellular/Interface/Com/Src/com_sockets_ip_modem.c:1080:13:com_ip_modem_closing_cb	32	static
C:/dev/DEMO-CERTIFY-BOOTSTRAPPING-v3/Middlewares/ST/STM32_Cellular/Interface/Com/Src/com_sockets_ip_modem.c:1028:13:com_ip_modem_data_ready_cb	24	static
C:/dev/DEMO-CERTIFY-BOOTSTRAPPING-v3/Middlewares/ST/STM32_Cellular/Interface/Com/Src/com_sockets_ip_modem.c:303:13:com_ip_modem_init_socket_desc	0	static
C:/dev/DEMO-CERTIFY-BOOTSTRAPPING-v3/Middlewares/ST/STM32_Cellular/Interface/Com/Src/com_sockets_ip_modem.c:327:23:com_ip_modem_create_socket_desc	16	static
C:/dev/DEMO-CERTIFY-BOOTSTRAPPING-v3/Middlewares/ST/STM32_Cellular/Interface/Com/Src/com_sockets_ip_modem.c:359:23:com_ip_modem_provide_socket_desc	24	static
C:/dev/DEMO-CERTIFY-BOOTSTRAPPING-v3/Middlewares/ST/STM32_Cellular/Interface/Com/Src/com_sockets_ip_modem.c:464:13:com_ip_modem_delete_socket_desc	16	static
C:/dev/DEMO-CERTIFY-BOOTSTRAPPING-v3/Middlewares/ST/STM32_Cellular/Interface/Com/Src/com_sockets_ip_modem.c:735:13:com_convert_ipaddr_port_to_sockaddr	0	static
C:/dev/DEMO-CERTIFY-BOOTSTRAPPING-v3/Middlewares/ST/STM32_Cellular/Interface/Com/Src/com_sockets_ip_modem.c:620:13:com_translate_ip_address	24	static
C:/dev/DEMO-CERTIFY-BOOTSTRAPPING-v3/Middlewares/ST/STM32_Cellular/Interface/Com/Src/com_sockets_ip_modem.c:852:16:com_ip_modem_connect_udp_service	24	static
C:/dev/DEMO-CERTIFY-BOOTSTRAPPING-v3/Middlewares/ST/STM32_Cellular/Interface/Com/Src/com_sockets_ip_modem.c:557:13:com_ip_modem_empty_queue	24	static
C:/dev/DEMO-CERTIFY-BOOTSTRAPPING-v3/Middlewares/ST/STM32_Cellular/Interface/Com/Src/com_sockets_ip_modem.c:677:13:com_convert_IPString_to_sockaddr	40	static
C:/dev/DEMO-CERTIFY-BOOTSTRAPPING-v3/Middlewares/ST/STM32_Cellular/Interface/Com/Src/com_sockets_ip_modem.c:1124:13:com_socket_datacache_cb	24	static
C:/dev/DEMO-CERTIFY-BOOTSTRAPPING-v3/Middlewares/ST/STM32_Cellular/Interface/Com/Src/com_sockets_ip_modem.c:1512:9:com_setsockopt_ip_modem	24	static
C:/dev/DEMO-CERTIFY-BOOTSTRAPPING-v3/Middlewares/ST/STM32_Cellular/Interface/Com/Src/com_sockets_ip_modem.c:1610:9:com_getsockopt_ip_modem	24	static
C:/dev/DEMO-CERTIFY-BOOTSTRAPPING-v3/Middlewares/ST/STM32_Cellular/Interface/Com/Src/com_sockets_ip_modem.c:1697:9:com_bind_ip_modem	72	static
C:/dev/DEMO-CERTIFY-BOOTSTRAPPING-v3/Middlewares/ST/STM32_Cellular/Interface/Com/Src/com_sockets_ip_modem.c:1756:9:com_listen_ip_modem	0	static
C:/dev/DEMO-CERTIFY-BOOTSTRAPPING-v3/Middlewares/ST/STM32_Cellular/Interface/Com/Src/com_sockets_ip_modem.c:1774:9:com_accept_ip_modem	0	static
C:/dev/DEMO-CERTIFY-BOOTSTRAPPING-v3/Middlewares/ST/STM32_Cellular/Interface/Com/Src/com_sockets_ip_modem.c:1793:9:com_connect_ip_modem	80	static
C:/dev/DEMO-CERTIFY-BOOTSTRAPPING-v3/Middlewares/ST/STM32_Cellular/Interface/Com/Src/com_sockets_ip_modem.c:2106:9:com_sendto_ip_modem	104	static
C:/dev/DEMO-CERTIFY-BOOTSTRAPPING-v3/Middlewares/ST/STM32_Cellular/Interface/Com/Src/com_sockets_ip_modem.c:1941:9:com_send_ip_modem	40	static
C:/dev/DEMO-CERTIFY-BOOTSTRAPPING-v3/Middlewares/ST/STM32_Cellular/Interface/Com/Src/com_sockets_ip_modem.c:2333:9:com_recv_ip_modem	32	static
C:/dev/DEMO-CERTIFY-BOOTSTRAPPING-v3/Middlewares/ST/STM32_Cellular/Interface/Com/Src/com_sockets_ip_modem.c:2500:9:com_recvfrom_ip_modem	96	static
C:/dev/DEMO-CERTIFY-BOOTSTRAPPING-v3/Middlewares/ST/STM32_Cellular/Interface/Com/Src/com_sockets_ip_modem.c:2725:9:com_closesocket_ip_modem	16	static
C:/dev/DEMO-CERTIFY-BOOTSTRAPPING-v3/Middlewares/ST/STM32_Cellular/Interface/Com/Src/com_sockets_ip_modem.c:1360:9:com_socket_ip_modem	32	static
C:/dev/DEMO-CERTIFY-BOOTSTRAPPING-v3/Middlewares/ST/STM32_Cellular/Interface/Com/Src/com_sockets_ip_modem.c:2780:9:com_gethostbyname_ip_modem	144	static
C:/dev/DEMO-CERTIFY-BOOTSTRAPPING-v3/Middlewares/ST/STM32_Cellular/Interface/Com/Src/com_sockets_ip_modem.c:2841:9:com_getpeername_ip_modem	0	static
C:/dev/DEMO-CERTIFY-BOOTSTRAPPING-v3/Middlewares/ST/STM32_Cellular/Interface/Com/Src/com_sockets_ip_modem.c:2860:9:com_getsockname_ip_modem	0	static
C:/dev/DEMO-CERTIFY-BOOTSTRAPPING-v3/Middlewares/ST/STM32_Cellular/Interface/Com/Src/com_sockets_ip_modem.c:3170:6:com_init_ip_modem	8	static
C:/dev/DEMO-CERTIFY-BOOTSTRAPPING-v3/Middlewares/ST/STM32_Cellular/Interface/Com/Src/com_sockets_ip_modem.c:3232:6:com_start_ip_modem	16	static
