C:/dev/DEMO-CERTIFY-BOOTSTRAPPING-v3/Middlewares/ST/STM32_Cellular/Interface/Data_Cache/Src/dc_common.c:61:17:dc_com_register_serv	24	static
C:/dev/DEMO-CERTIFY-BOOTSTRAPPING-v3/Middlewares/ST/STM32_Cellular/Interface/Data_Cache/Src/dc_common.c:103:17:dc_com_register_gen_event_cb	24	static
C:/dev/DEMO-CERTIFY-BOOTSTRAPPING-v3/Middlewares/ST/STM32_Cellular/Interface/Data_Cache/Src/dc_common.c:135:17:dc_com_write	24	static
C:/dev/DEMO-CERTIFY-BOOTSTRAPPING-v3/Middlewares/ST/STM32_Cellular/Interface/Data_Cache/Src/dc_common.c:182:17:dc_com_read	8	static
C:/dev/DEMO-CERTIFY-BOOTSTRAPPING-v3/Middlewares/ST/STM32_Cellular/Interface/Data_Cache/Src/dc_common.c:204:6:dc_com_init	8	static
C:/dev/DEMO-CERTIFY-BOOTSTRAPPING-v3/Middlewares/ST/STM32_Cellular/Interface/Data_Cache/Src/dc_common.c:220:6:dc_com_start	0	static,ignoring_inline_asm
C:/dev/DEMO-CERTIFY-BOOTSTRAPPING-v3/Middlewares/ST/STM32_Cellular/Interface/Data_Cache/Src/dc_common.c:233:17:dc_com_write_event	16	static
