C:/dev/DEMO-CERTIFY-BOOTSTRAPPING-v3/Middlewares/ST/STM32_Cellular/Modules/Setup/Src/feeprom_utils.c:73:13:feeprom_utils_open_flash	8	static
C:/dev/DEMO-CERTIFY-BOOTSTRAPPING-v3/Middlewares/ST/STM32_Cellular/Modules/Setup/Src/feeprom_utils.c:90:13:feeprom_utils_close_flash	8	static
C:/dev/DEMO-CERTIFY-BOOTSTRAPPING-v3/Middlewares/ST/STM32_Cellular/Modules/Setup/Src/feeprom_utils.c:225:17:feeprom_utils_flash_erase	24	static
C:/dev/DEMO-CERTIFY-BOOTSTRAPPING-v3/Middlewares/ST/STM32_Cellular/Modules/Setup/Src/feeprom_utils.c:156:17:feeprom_utils_find_bank	40	static
C:/dev/DEMO-CERTIFY-BOOTSTRAPPING-v3/Middlewares/ST/STM32_Cellular/Modules/Setup/Src/feeprom_utils.c:105:17:feeprom_utils_flash_write	24	static
C:/dev/DEMO-CERTIFY-BOOTSTRAPPING-v3/Middlewares/ST/STM32_Cellular/Modules/Setup/Src/feeprom_utils.c:258:10:feeprom_utils_setup_erase	16	static
C:/dev/DEMO-CERTIFY-BOOTSTRAPPING-v3/Middlewares/ST/STM32_Cellular/Modules/Setup/Src/feeprom_utils.c:281:6:feeprom_utils_flash_erase_all	8	static
C:/dev/DEMO-CERTIFY-BOOTSTRAPPING-v3/Middlewares/ST/STM32_Cellular/Modules/Setup/Src/feeprom_utils.c:298:10:feeprom_utils_save_config_flash	48	static
C:/dev/DEMO-CERTIFY-BOOTSTRAPPING-v3/Middlewares/ST/STM32_Cellular/Modules/Setup/Src/feeprom_utils.c:358:10:feeprom_utils_read_config_flash	24	static
