C:/dev/DEMO-CERTIFY-BOOTSTRAPPING-v3/Middlewares/ST/STM32_Cellular/Core/Rtosal/Src/rtosal.c:45:14:rtosalKernelInitialize	0	static
C:/dev/DEMO-CERTIFY-BOOTSTRAPPING-v3/Middlewares/ST/STM32_Cellular/Core/Rtosal/Src/rtosal.c:60:14:rtosalKernelStart	8	static
C:/dev/DEMO-CERTIFY-BOOTSTRAPPING-v3/Middlewares/ST/STM32_Cellular/Core/Rtosal/Src/rtosal.c:71:10:rtosalGetSysTimerCount	8	static
C:/dev/DEMO-CERTIFY-BOOTSTRAPPING-v3/Middlewares/ST/STM32_Cellular/Core/Rtosal/Src/rtosal.c:97:12:rtosalThreadNew	32	static
C:/dev/DEMO-CERTIFY-BOOTSTRAPPING-v3/Middlewares/ST/STM32_Cellular/Core/Rtosal/Src/rtosal.c:137:14:rtosalThreadTerminate	8	static
C:/dev/DEMO-CERTIFY-BOOTSTRAPPING-v3/Middlewares/ST/STM32_Cellular/Core/Rtosal/Src/rtosal.c:154:15:rtosalSemaphoreNew	16	static
C:/dev/DEMO-CERTIFY-BOOTSTRAPPING-v3/Middlewares/ST/STM32_Cellular/Core/Rtosal/Src/rtosal.c:184:14:rtosalSemaphoreAcquire	8	static
C:/dev/DEMO-CERTIFY-BOOTSTRAPPING-v3/Middlewares/ST/STM32_Cellular/Core/Rtosal/Src/rtosal.c:204:14:rtosalSemaphoreRelease	8	static
C:/dev/DEMO-CERTIFY-BOOTSTRAPPING-v3/Middlewares/ST/STM32_Cellular/Core/Rtosal/Src/rtosal.c:216:14:rtosalSemaphoreDelete	8	static
C:/dev/DEMO-CERTIFY-BOOTSTRAPPING-v3/Middlewares/ST/STM32_Cellular/Core/Rtosal/Src/rtosal.c:232:11:rtosalMutexNew	16	static
C:/dev/DEMO-CERTIFY-BOOTSTRAPPING-v3/Middlewares/ST/STM32_Cellular/Core/Rtosal/Src/rtosal.c:263:14:rtosalMutexAcquire	8	static
C:/dev/DEMO-CERTIFY-BOOTSTRAPPING-v3/Middlewares/ST/STM32_Cellular/Core/Rtosal/Src/rtosal.c:281:14:rtosalMutexRelease	8	static
C:/dev/DEMO-CERTIFY-BOOTSTRAPPING-v3/Middlewares/ST/STM32_Cellular/Core/Rtosal/Src/rtosal.c:293:14:rtosalMutexDelete	8	static
C:/dev/DEMO-CERTIFY-BOOTSTRAPPING-v3/Middlewares/ST/STM32_Cellular/Core/Rtosal/Src/rtosal.c:310:14:rtosalMessageQueueNew	16	static
C:/dev/DEMO-CERTIFY-BOOTSTRAPPING-v3/Middlewares/ST/STM32_Cellular/Core/Rtosal/Src/rtosal.c:347:14:rtosalMessageQueuePut	8	static
C:/dev/DEMO-CERTIFY-BOOTSTRAPPING-v3/Middlewares/ST/STM32_Cellular/Core/Rtosal/Src/rtosal.c:373:14:rtosalMessageQueueGet	24	static
C:/dev/DEMO-CERTIFY-BOOTSTRAPPING-v3/Middlewares/ST/STM32_Cellular/Core/Rtosal/Src/rtosal.c:415:11:rtosalTimerNew	16	static
C:/dev/DEMO-CERTIFY-BOOTSTRAPPING-v3/Middlewares/ST/STM32_Cellular/Core/Rtosal/Src/rtosal.c:442:14:rtosalTimerStart	8	static
C:/dev/DEMO-CERTIFY-BOOTSTRAPPING-v3/Middlewares/ST/STM32_Cellular/Core/Rtosal/Src/rtosal.c:456:14:rtosalTimerStop	8	static
C:/dev/DEMO-CERTIFY-BOOTSTRAPPING-v3/Middlewares/ST/STM32_Cellular/Core/Rtosal/Src/rtosal.c:468:14:rtosalTimerDelete	8	static
C:/dev/DEMO-CERTIFY-BOOTSTRAPPING-v3/Middlewares/ST/STM32_Cellular/Core/Rtosal/Src/rtosal.c:482:14:rtosalDelay	8	static
