C:/Dev/DEMO-CERTIFY-BOOTSTRAPPING/Middlewares/ST/STM32_Cellular/Core/AT_Core/Src/at_parser.c:457:13:reset_current_command	16	static
C:/Dev/DEMO-CERTIFY-BOOTSTRAPPING/Middlewares/ST/STM32_Cellular/Core/AT_Core/Src/at_parser.c:443:13:reset_parser_context	16	static
C:/Dev/DEMO-CERTIFY-BOOTSTRAPPING/Middlewares/ST/STM32_Cellular/Core/AT_Core/Src/at_parser.c:466:13:display_buffer	24	static
C:/Dev/DEMO-CERTIFY-BOOTSTRAPPING/Middlewares/ST/STM32_Cellular/Core/AT_Core/Src/at_parser.c:132:13:write_data2buffer.isra	16	static
C:/Dev/DEMO-CERTIFY-BOOTSTRAPPING/Middlewares/ST/STM32_Cellular/Core/AT_Core/Src/at_parser.c:87:13:ATParser_initParsers	0	static
C:/Dev/DEMO-CERTIFY-BOOTSTRAPPING/Middlewares/ST/STM32_Cellular/Core/AT_Core/Src/at_parser.c:92:6:ATParser_init	16	static
C:/Dev/DEMO-CERTIFY-BOOTSTRAPPING/Middlewares/ST/STM32_Cellular/Core/AT_Core/Src/at_parser.c:110:7:ATParser_process_request	16	static
C:/Dev/DEMO-CERTIFY-BOOTSTRAPPING/Middlewares/ST/STM32_Cellular/Core/AT_Core/Src/at_parser.c:272:19:ATParser_get_ATcmd	56	static
C:/Dev/DEMO-CERTIFY-BOOTSTRAPPING/Middlewares/ST/STM32_Cellular/Core/AT_Core/Src/at_parser.c:333:17:ATParser_parse_rsp	56	static
C:/Dev/DEMO-CERTIFY-BOOTSTRAPPING/Middlewares/ST/STM32_Cellular/Core/AT_Core/Src/at_parser.c:409:13:ATParser_get_rsp	16	static
C:/Dev/DEMO-CERTIFY-BOOTSTRAPPING/Middlewares/ST/STM32_Cellular/Core/AT_Core/Src/at_parser.c:421:13:ATParser_get_urc	0	static
C:/Dev/DEMO-CERTIFY-BOOTSTRAPPING/Middlewares/ST/STM32_Cellular/Core/AT_Core/Src/at_parser.c:429:13:ATParser_get_error	0	static
C:/Dev/DEMO-CERTIFY-BOOTSTRAPPING/Middlewares/ST/STM32_Cellular/Core/AT_Core/Src/at_parser.c:437:6:ATParser_abort_request	0	static
