C:/Dev/DEMO-CERTIFY-BOOTSTRAPPING/Middlewares/ST/STM32_Cellular/Core/AT_Core/Src/at_util.c:35:10:ATutil_ipow	0	static
C:/Dev/DEMO-CERTIFY-BOOTSTRAPPING/Middlewares/ST/STM32_Cellular/Core/AT_Core/Src/at_util.c:90:10:ATutil_convertHexaStringToInt32	40	static
C:/Dev/DEMO-CERTIFY-BOOTSTRAPPING/Middlewares/ST/STM32_Cellular/Core/AT_Core/Src/at_util.c:55:10:ATutil_convertStringToInt	32	static
C:/Dev/DEMO-CERTIFY-BOOTSTRAPPING/Middlewares/ST/STM32_Cellular/Core/AT_Core/Src/at_util.c:158:9:ATutil_convertHexaStringToInt64	32	static
C:/Dev/DEMO-CERTIFY-BOOTSTRAPPING/Middlewares/ST/STM32_Cellular/Core/AT_Core/Src/at_util.c:226:10:ATutil_convertBinStringToInt32	24	static
C:/Dev/DEMO-CERTIFY-BOOTSTRAPPING/Middlewares/ST/STM32_Cellular/Core/AT_Core/Src/at_util.c:242:9:ATutil_isNegative	0	static
C:/Dev/DEMO-CERTIFY-BOOTSTRAPPING/Middlewares/ST/STM32_Cellular/Core/AT_Core/Src/at_util.c:266:6:ATutil_convertStringToUpperCase	0	static
C:/Dev/DEMO-CERTIFY-BOOTSTRAPPING/Middlewares/ST/STM32_Cellular/Core/AT_Core/Src/at_util.c:291:9:ATutil_convert_uint8_to_binary_string	12	static
C:/Dev/DEMO-CERTIFY-BOOTSTRAPPING/Middlewares/ST/STM32_Cellular/Core/AT_Core/Src/at_util.c:324:10:ATutil_remove_quotes	24	static
