C:/Dev/DEMO-CERTIFY-BOOTSTRAPPING/Middlewares/ST/STM32_Cellular/Interface/Com/Src/com_sockets_ip_modem.c:852:16:com_ip_modem_connect_udp_service	24	static,ignoring_inline_asm
C:/Dev/DEMO-CERTIFY-BOOTSTRAPPING/Middlewares/ST/STM32_Cellular/Interface/Com/Src/com_sockets_ip_modem.c:557:13:com_ip_modem_empty_queue	32	static
C:/Dev/DEMO-CERTIFY-BOOTSTRAPPING/Middlewares/ST/STM32_Cellular/Interface/Com/Src/com_sockets_ip_modem.c:677:13:com_convert_IPString_to_sockaddr	48	static
C:/Dev/DEMO-CERTIFY-BOOTSTRAPPING/Middlewares/ST/STM32_Cellular/Interface/Com/Src/com_sockets_ip_modem.c:1124:13:com_socket_datacache_cb	24	static
C:/Dev/DEMO-CERTIFY-BOOTSTRAPPING/Middlewares/ST/STM32_Cellular/Interface/Com/Src/com_sockets_ip_modem.c:620:13:com_translate_ip_address	24	static
C:/Dev/DEMO-CERTIFY-BOOTSTRAPPING/Middlewares/ST/STM32_Cellular/Interface/Com/Src/com_sockets_ip_modem.c:515:23:com_ip_modem_find_socket.constprop	0	static
C:/Dev/DEMO-CERTIFY-BOOTSTRAPPING/Middlewares/ST/STM32_Cellular/Interface/Com/Src/com_sockets_ip_modem.c:1028:13:com_ip_modem_data_ready_cb	24	static
C:/Dev/DEMO-CERTIFY-BOOTSTRAPPING/Middlewares/ST/STM32_Cellular/Interface/Com/Src/com_sockets_ip_modem.c:1080:13:com_ip_modem_closing_cb	24	static
C:/Dev/DEMO-CERTIFY-BOOTSTRAPPING/Middlewares/ST/STM32_Cellular/Interface/Com/Src/com_sockets_ip_modem.c:327:23:com_ip_modem_create_socket_desc	8	static
C:/Dev/DEMO-CERTIFY-BOOTSTRAPPING/Middlewares/ST/STM32_Cellular/Interface/Com/Src/com_sockets_ip_modem.c:1512:9:com_setsockopt_ip_modem	24	static,ignoring_inline_asm
C:/Dev/DEMO-CERTIFY-BOOTSTRAPPING/Middlewares/ST/STM32_Cellular/Interface/Com/Src/com_sockets_ip_modem.c:1610:9:com_getsockopt_ip_modem	24	static,ignoring_inline_asm
C:/Dev/DEMO-CERTIFY-BOOTSTRAPPING/Middlewares/ST/STM32_Cellular/Interface/Com/Src/com_sockets_ip_modem.c:1697:9:com_bind_ip_modem	72	static,ignoring_inline_asm
C:/Dev/DEMO-CERTIFY-BOOTSTRAPPING/Middlewares/ST/STM32_Cellular/Interface/Com/Src/com_sockets_ip_modem.c:1756:9:com_listen_ip_modem	0	static
C:/Dev/DEMO-CERTIFY-BOOTSTRAPPING/Middlewares/ST/STM32_Cellular/Interface/Com/Src/com_sockets_ip_modem.c:1774:9:com_accept_ip_modem	0	static
C:/Dev/DEMO-CERTIFY-BOOTSTRAPPING/Middlewares/ST/STM32_Cellular/Interface/Com/Src/com_sockets_ip_modem.c:1793:9:com_connect_ip_modem	64	static,ignoring_inline_asm
C:/Dev/DEMO-CERTIFY-BOOTSTRAPPING/Middlewares/ST/STM32_Cellular/Interface/Com/Src/com_sockets_ip_modem.c:2106:9:com_sendto_ip_modem	112	static,ignoring_inline_asm
C:/Dev/DEMO-CERTIFY-BOOTSTRAPPING/Middlewares/ST/STM32_Cellular/Interface/Com/Src/com_sockets_ip_modem.c:1941:9:com_send_ip_modem	48	static,ignoring_inline_asm
C:/Dev/DEMO-CERTIFY-BOOTSTRAPPING/Middlewares/ST/STM32_Cellular/Interface/Com/Src/com_sockets_ip_modem.c:2333:9:com_recv_ip_modem	40	static,ignoring_inline_asm
C:/Dev/DEMO-CERTIFY-BOOTSTRAPPING/Middlewares/ST/STM32_Cellular/Interface/Com/Src/com_sockets_ip_modem.c:2500:9:com_recvfrom_ip_modem	104	static,ignoring_inline_asm
C:/Dev/DEMO-CERTIFY-BOOTSTRAPPING/Middlewares/ST/STM32_Cellular/Interface/Com/Src/com_sockets_ip_modem.c:2725:9:com_closesocket_ip_modem	16	static,ignoring_inline_asm
C:/Dev/DEMO-CERTIFY-BOOTSTRAPPING/Middlewares/ST/STM32_Cellular/Interface/Com/Src/com_sockets_ip_modem.c:1360:9:com_socket_ip_modem	32	static,ignoring_inline_asm
C:/Dev/DEMO-CERTIFY-BOOTSTRAPPING/Middlewares/ST/STM32_Cellular/Interface/Com/Src/com_sockets_ip_modem.c:2780:9:com_gethostbyname_ip_modem	144	static,ignoring_inline_asm
C:/Dev/DEMO-CERTIFY-BOOTSTRAPPING/Middlewares/ST/STM32_Cellular/Interface/Com/Src/com_sockets_ip_modem.c:2841:9:com_getpeername_ip_modem	0	static
C:/Dev/DEMO-CERTIFY-BOOTSTRAPPING/Middlewares/ST/STM32_Cellular/Interface/Com/Src/com_sockets_ip_modem.c:2860:9:com_getsockname_ip_modem	0	static
C:/Dev/DEMO-CERTIFY-BOOTSTRAPPING/Middlewares/ST/STM32_Cellular/Interface/Com/Src/com_sockets_ip_modem.c:3170:6:com_init_ip_modem	8	static
C:/Dev/DEMO-CERTIFY-BOOTSTRAPPING/Middlewares/ST/STM32_Cellular/Interface/Com/Src/com_sockets_ip_modem.c:3232:6:com_start_ip_modem	16	static
