C:/Dev/DEMO-CERTIFY-BOOTSTRAPPING/Projects/B_L462E/Demonstrations/Cellular/STM32_Cellular/Target/board_leds.c:43:6:board_leds_on	0	static
C:/Dev/DEMO-CERTIFY-BOOTSTRAPPING/Projects/B_L462E/Demonstrations/Cellular/STM32_Cellular/Target/board_leds.c:56:6:board_leds_off	0	static
C:/Dev/DEMO-CERTIFY-BOOTSTRAPPING/Projects/B_L462E/Demonstrations/Cellular/STM32_Cellular/Target/board_leds.c:69:6:board_leds_init	8	static
C:/Dev/DEMO-CERTIFY-BOOTSTRAPPING/Projects/B_L462E/Demonstrations/Cellular/STM32_Cellular/Target/board_leds.c:95:6:board_leds_start	0	static
