C:/Dev/DEMO-CERTIFY-BOOTSTRAPPING/Middlewares/ST/STM32_Cellular/Core/Cellular_Service/Src/cellular_service_task.c:225:7:CST_send_message	8	static
C:/Dev/DEMO-CERTIFY-BOOTSTRAPPING/Middlewares/ST/STM32_Cellular/Core/Cellular_Service/Src/cellular_service_task.c:411:13:CST_fota_timer_callback	0	static
C:/Dev/DEMO-CERTIFY-BOOTSTRAPPING/Middlewares/ST/STM32_Cellular/Core/Cellular_Service/Src/cellular_service_task.c:396:13:CST_network_status_timer_callback	0	static
C:/Dev/DEMO-CERTIFY-BOOTSTRAPPING/Middlewares/ST/STM32_Cellular/Core/Cellular_Service/Src/cellular_service_task.c:365:13:CST_pdn_activate_retry_timer_callback	8	static
C:/Dev/DEMO-CERTIFY-BOOTSTRAPPING/Middlewares/ST/STM32_Cellular/Core/Cellular_Service/Src/cellular_service_task.c:336:13:CST_polling_timer_callback	0	static
C:/Dev/DEMO-CERTIFY-BOOTSTRAPPING/Middlewares/ST/STM32_Cellular/Core/Cellular_Service/Src/cellular_service_task.c:254:13:CST_pdn_event_callback	16	static
C:/Dev/DEMO-CERTIFY-BOOTSTRAPPING/Middlewares/ST/STM32_Cellular/Core/Cellular_Service/Src/cellular_service_task.c:2445:6:CST_set_state	8	static
C:/Dev/DEMO-CERTIFY-BOOTSTRAPPING/Middlewares/ST/STM32_Cellular/Core/Cellular_Service/Src/cellular_service_task.c:381:13:CST_register_retry_timer_callback	8	static
C:/Dev/DEMO-CERTIFY-BOOTSTRAPPING/Middlewares/ST/STM32_Cellular/Core/Cellular_Service/Src/cellular_service_task.c:575:13:CST_reboot_modem_event_mngt	8	static
C:/Dev/DEMO-CERTIFY-BOOTSTRAPPING/Middlewares/ST/STM32_Cellular/Core/Cellular_Service/Src/cellular_service_task.c:1275:13:CST_target_state_cmd_event_mngt	16	static,ignoring_inline_asm
C:/Dev/DEMO-CERTIFY-BOOTSTRAPPING/Middlewares/ST/STM32_Cellular/Core/Cellular_Service/Src/cellular_service_task.c:596:13:CST_fota_start_event_mngt	16	static
C:/Dev/DEMO-CERTIFY-BOOTSTRAPPING/Middlewares/ST/STM32_Cellular/Core/Cellular_Service/Src/cellular_service_task.c:867:14:CST_network_event_mngt	8	static
C:/Dev/DEMO-CERTIFY-BOOTSTRAPPING/Middlewares/ST/STM32_Cellular/Core/Cellular_Service/Src/cellular_service_task.c:1172:13:CST_modem_activate_pdn_mngt	16	static
C:/Dev/DEMO-CERTIFY-BOOTSTRAPPING/Middlewares/ST/STM32_Cellular/Core/Cellular_Service/Src/cellular_service_task.c:1242:13:CST_pdn_event_mngt	16	static
C:/Dev/DEMO-CERTIFY-BOOTSTRAPPING/Middlewares/ST/STM32_Cellular/Core/Cellular_Service/Src/cellular_service_task.c:274:13:CST_notif_callback	32	static,ignoring_inline_asm
C:/Dev/DEMO-CERTIFY-BOOTSTRAPPING/Middlewares/ST/STM32_Cellular/Core/Cellular_Service/Src/cellular_service_task.c:2462:19:CST_get_state	0	static
C:/Dev/DEMO-CERTIFY-BOOTSTRAPPING/Middlewares/ST/STM32_Cellular/Core/Cellular_Service/Src/cellular_service_task.c:2473:14:CST_radio_on	8	static
C:/Dev/DEMO-CERTIFY-BOOTSTRAPPING/Middlewares/ST/STM32_Cellular/Core/Cellular_Service/Src/cellular_service_task.c:2486:14:CST_modem_power_on	8	static
C:/Dev/DEMO-CERTIFY-BOOTSTRAPPING/Middlewares/ST/STM32_Cellular/Core/Cellular_Service/Src/cellular_service_task.c:2500:13:CST_get_dev_IP_address	16	static
C:/Dev/DEMO-CERTIFY-BOOTSTRAPPING/Middlewares/ST/STM32_Cellular/Core/Cellular_Service/Src/cellular_service_task.c:2264:13:CST_cellular_service_task	120	static,ignoring_inline_asm
C:/Dev/DEMO-CERTIFY-BOOTSTRAPPING/Middlewares/ST/STM32_Cellular/Core/Cellular_Service/Src/cellular_service_task.c:2512:13:CST_cellular_service_init	16	static
C:/Dev/DEMO-CERTIFY-BOOTSTRAPPING/Middlewares/ST/STM32_Cellular/Core/Cellular_Service/Src/cellular_service_task.c:2558:13:CST_cellular_service_start	80	static
