C:/Dev/DEMO-CERTIFY-BOOTSTRAPPING/Middlewares/ST/STM32_Cellular/Core/Cellular_Service/Src/cellular_service.c:2524:13:CELLULAR_reset_context	0	static
C:/Dev/DEMO-CERTIFY-BOOTSTRAPPING/Middlewares/ST/STM32_Cellular/Core/Cellular_Service/Src/cellular_service.c:2599:13:CELLULAR_idle_event_notif	0	static
C:/Dev/DEMO-CERTIFY-BOOTSTRAPPING/Middlewares/ST/STM32_Cellular/Core/Cellular_Service/Src/cellular_service.c:2468:20:perform_SW_reset	16	static
C:/Dev/DEMO-CERTIFY-BOOTSTRAPPING/Middlewares/ST/STM32_Cellular/Core/Cellular_Service/Src/cellular_service.c:2437:20:perform_HW_reset	24	static
C:/Dev/DEMO-CERTIFY-BOOTSTRAPPING/Middlewares/ST/STM32_Cellular/Core/Cellular_Service/Src/cellular_service.c:3101:23:convert_to_PDN_event.isra	0	static
C:/Dev/DEMO-CERTIFY-BOOTSTRAPPING/Middlewares/ST/STM32_Cellular/Core/Cellular_Service/Src/cellular_service.c:2613:13:CELLULAR_urc_notif	168	static
C:/Dev/DEMO-CERTIFY-BOOTSTRAPPING/Middlewares/ST/STM32_Cellular/Core/Cellular_Service/Src/cellular_service.c:3038:20:CELLULAR_analyze_error_report.constprop	16	static
C:/Dev/DEMO-CERTIFY-BOOTSTRAPPING/Middlewares/ST/STM32_Cellular/Core/Cellular_Service/Src/cellular_service.c:184:13:CS_init	16	static
C:/Dev/DEMO-CERTIFY-BOOTSTRAPPING/Middlewares/ST/STM32_Cellular/Core/Cellular_Service/Src/cellular_service.c:200:13:CS_power_on	8	static
C:/Dev/DEMO-CERTIFY-BOOTSTRAPPING/Middlewares/ST/STM32_Cellular/Core/Cellular_Service/Src/cellular_service.c:245:13:CS_power_off	16	static
C:/Dev/DEMO-CERTIFY-BOOTSTRAPPING/Middlewares/ST/STM32_Cellular/Core/Cellular_Service/Src/cellular_service.c:294:13:CS_check_connection	8	static
C:/Dev/DEMO-CERTIFY-BOOTSTRAPPING/Middlewares/ST/STM32_Cellular/Core/Cellular_Service/Src/cellular_service.c:326:13:CS_sim_select	16	static
C:/Dev/DEMO-CERTIFY-BOOTSTRAPPING/Middlewares/ST/STM32_Cellular/Core/Cellular_Service/Src/cellular_service.c:360:9:CS_sim_generic_access	24	static
C:/Dev/DEMO-CERTIFY-BOOTSTRAPPING/Middlewares/ST/STM32_Cellular/Core/Cellular_Service/Src/cellular_service.c:438:13:CS_init_modem	40	static
C:/Dev/DEMO-CERTIFY-BOOTSTRAPPING/Middlewares/ST/STM32_Cellular/Core/Cellular_Service/Src/cellular_service.c:481:13:CS_get_device_info	16	static
C:/Dev/DEMO-CERTIFY-BOOTSTRAPPING/Middlewares/ST/STM32_Cellular/Core/Cellular_Service/Src/cellular_service.c:527:13:CS_register_net	16	static
C:/Dev/DEMO-CERTIFY-BOOTSTRAPPING/Middlewares/ST/STM32_Cellular/Core/Cellular_Service/Src/cellular_service.c:578:13:CS_subscribe_net_event	16	static
C:/Dev/DEMO-CERTIFY-BOOTSTRAPPING/Middlewares/ST/STM32_Cellular/Core/Cellular_Service/Src/cellular_service.c:658:13:CS_unsubscribe_net_event	16	static
C:/Dev/DEMO-CERTIFY-BOOTSTRAPPING/Middlewares/ST/STM32_Cellular/Core/Cellular_Service/Src/cellular_service.c:736:13:CS_attach_PS_domain	8	static
C:/Dev/DEMO-CERTIFY-BOOTSTRAPPING/Middlewares/ST/STM32_Cellular/Core/Cellular_Service/Src/cellular_service.c:767:13:CS_detach_PS_domain	8	static
C:/Dev/DEMO-CERTIFY-BOOTSTRAPPING/Middlewares/ST/STM32_Cellular/Core/Cellular_Service/Src/cellular_service.c:798:13:CS_get_attach_status	16	static
C:/Dev/DEMO-CERTIFY-BOOTSTRAPPING/Middlewares/ST/STM32_Cellular/Core/Cellular_Service/Src/cellular_service.c:836:13:CS_get_net_status	8	static
C:/Dev/DEMO-CERTIFY-BOOTSTRAPPING/Middlewares/ST/STM32_Cellular/Core/Cellular_Service/Src/cellular_service.c:879:13:CS_get_signal_quality	24	static
C:/Dev/DEMO-CERTIFY-BOOTSTRAPPING/Middlewares/ST/STM32_Cellular/Core/Cellular_Service/Src/cellular_service.c:920:13:CS_activate_pdn	16	static
C:/Dev/DEMO-CERTIFY-BOOTSTRAPPING/Middlewares/ST/STM32_Cellular/Core/Cellular_Service/Src/cellular_service.c:953:13:CS_deactivate_pdn	16	static
C:/Dev/DEMO-CERTIFY-BOOTSTRAPPING/Middlewares/ST/STM32_Cellular/Core/Cellular_Service/Src/cellular_service.c:986:13:CS_define_pdn	152	static
C:/Dev/DEMO-CERTIFY-BOOTSTRAPPING/Middlewares/ST/STM32_Cellular/Core/Cellular_Service/Src/cellular_service.c:1038:13:CS_set_default_pdn	16	static
C:/Dev/DEMO-CERTIFY-BOOTSTRAPPING/Middlewares/ST/STM32_Cellular/Core/Cellular_Service/Src/cellular_service.c:1071:13:CS_get_dev_IP_address	104	static
C:/Dev/DEMO-CERTIFY-BOOTSTRAPPING/Middlewares/ST/STM32_Cellular/Core/Cellular_Service/Src/cellular_service.c:1119:13:CS_subscribe_modem_event	24	static
C:/Dev/DEMO-CERTIFY-BOOTSTRAPPING/Middlewares/ST/STM32_Cellular/Core/Cellular_Service/Src/cellular_service.c:1155:14:CS_register_pdn_event	16	static
C:/Dev/DEMO-CERTIFY-BOOTSTRAPPING/Middlewares/ST/STM32_Cellular/Core/Cellular_Service/Src/cellular_service.c:1197:13:CS_deregister_pdn_event	8	static
C:/Dev/DEMO-CERTIFY-BOOTSTRAPPING/Middlewares/ST/STM32_Cellular/Core/Cellular_Service/Src/cellular_service.c:1248:17:CDS_socket_create	32	static
C:/Dev/DEMO-CERTIFY-BOOTSTRAPPING/Middlewares/ST/STM32_Cellular/Core/Cellular_Service/Src/cellular_service.c:1283:13:CDS_socket_bind	16	static
C:/Dev/DEMO-CERTIFY-BOOTSTRAPPING/Middlewares/ST/STM32_Cellular/Core/Cellular_Service/Src/cellular_service.c:1318:13:CDS_socket_set_callbacks	24	static
C:/Dev/DEMO-CERTIFY-BOOTSTRAPPING/Middlewares/ST/STM32_Cellular/Core/Cellular_Service/Src/cellular_service.c:1387:13:CDS_socket_set_option	24	static
C:/Dev/DEMO-CERTIFY-BOOTSTRAPPING/Middlewares/ST/STM32_Cellular/Core/Cellular_Service/Src/cellular_service.c:1405:13:CDS_socket_get_option	0	static
C:/Dev/DEMO-CERTIFY-BOOTSTRAPPING/Middlewares/ST/STM32_Cellular/Core/Cellular_Service/Src/cellular_service.c:1423:13:CDS_socket_connect	24	static
C:/Dev/DEMO-CERTIFY-BOOTSTRAPPING/Middlewares/ST/STM32_Cellular/Core/Cellular_Service/Src/cellular_service.c:1482:13:CDS_socket_listen	0	static
C:/Dev/DEMO-CERTIFY-BOOTSTRAPPING/Middlewares/ST/STM32_Cellular/Core/Cellular_Service/Src/cellular_service.c:1499:13:CDS_socket_send	112	static
C:/Dev/DEMO-CERTIFY-BOOTSTRAPPING/Middlewares/ST/STM32_Cellular/Core/Cellular_Service/Src/cellular_service.c:1572:13:CDS_socket_sendto	120	static
C:/Dev/DEMO-CERTIFY-BOOTSTRAPPING/Middlewares/ST/STM32_Cellular/Core/Cellular_Service/Src/cellular_service.c:1659:9:CDS_socket_receive	120	static
C:/Dev/DEMO-CERTIFY-BOOTSTRAPPING/Middlewares/ST/STM32_Cellular/Core/Cellular_Service/Src/cellular_service.c:1748:9:CDS_socket_receivefrom	184	static
C:/Dev/DEMO-CERTIFY-BOOTSTRAPPING/Middlewares/ST/STM32_Cellular/Core/Cellular_Service/Src/cellular_service.c:1841:13:CDS_socket_close	16	static
C:/Dev/DEMO-CERTIFY-BOOTSTRAPPING/Middlewares/ST/STM32_Cellular/Core/Cellular_Service/Src/cellular_service.c:1903:13:CDS_socket_cnx_status	24	static
C:/Dev/DEMO-CERTIFY-BOOTSTRAPPING/Middlewares/ST/STM32_Cellular/Core/Cellular_Service/Src/cellular_service.c:1949:13:CS_suspend_data	8	static
C:/Dev/DEMO-CERTIFY-BOOTSTRAPPING/Middlewares/ST/STM32_Cellular/Core/Cellular_Service/Src/cellular_service.c:1980:13:CS_resume_data	8	static
C:/Dev/DEMO-CERTIFY-BOOTSTRAPPING/Middlewares/ST/STM32_Cellular/Core/Cellular_Service/Src/cellular_service.c:2011:13:CS_reset	24	static
C:/Dev/DEMO-CERTIFY-BOOTSTRAPPING/Middlewares/ST/STM32_Cellular/Core/Cellular_Service/Src/cellular_service.c:2084:13:CS_dns_request	152	static
C:/Dev/DEMO-CERTIFY-BOOTSTRAPPING/Middlewares/ST/STM32_Cellular/Core/Cellular_Service/Src/cellular_service.c:2139:13:CDS_ping	240	static
C:/Dev/DEMO-CERTIFY-BOOTSTRAPPING/Middlewares/ST/STM32_Cellular/Core/Cellular_Service/Src/cellular_service.c:2209:13:CS_direct_cmd	8	static
C:/Dev/DEMO-CERTIFY-BOOTSTRAPPING/Middlewares/ST/STM32_Cellular/Core/Cellular_Service/Src/cellular_service.c:2255:13:CS_InitPowerConfig	8	static
C:/Dev/DEMO-CERTIFY-BOOTSTRAPPING/Middlewares/ST/STM32_Cellular/Core/Cellular_Service/Src/cellular_service.c:2292:13:CS_SetPowerConfig	8	static
C:/Dev/DEMO-CERTIFY-BOOTSTRAPPING/Middlewares/ST/STM32_Cellular/Core/Cellular_Service/Src/cellular_service.c:2329:13:CS_SleepRequest	8	static
C:/Dev/DEMO-CERTIFY-BOOTSTRAPPING/Middlewares/ST/STM32_Cellular/Core/Cellular_Service/Src/cellular_service.c:2357:13:CS_SleepComplete	8	static
C:/Dev/DEMO-CERTIFY-BOOTSTRAPPING/Middlewares/ST/STM32_Cellular/Core/Cellular_Service/Src/cellular_service.c:2386:13:CS_SleepCancel	8	static
C:/Dev/DEMO-CERTIFY-BOOTSTRAPPING/Middlewares/ST/STM32_Cellular/Core/Cellular_Service/Src/cellular_service.c:2414:13:CS_PowerWakeup	16	static
