C:/dev/DEMO-CERTIFY-BOOTSTRAPPING-v3/Drivers/BSP/B_L462E_CELL01/stm32l462e_cell01.c:360:13:I2Cx_Error	8	static
C:/dev/DEMO-CERTIFY-BOOTSTRAPPING-v3/Drivers/BSP/B_L462E_CELL01/stm32l462e_cell01.c:325:26:I2Cx_WriteMultiple	32	static
C:/dev/DEMO-CERTIFY-BOOTSTRAPPING-v3/Drivers/BSP/B_L462E_CELL01/stm32l462e_cell01.c:298:26:I2Cx_ReadMultiple	32	static
C:/dev/DEMO-CERTIFY-BOOTSTRAPPING-v3/Drivers/BSP/B_L462E_CELL01/stm32l462e_cell01.c:349:26:I2Cx_IsDeviceReady	8	static
C:/dev/DEMO-CERTIFY-BOOTSTRAPPING-v3/Drivers/BSP/B_L462E_CELL01/stm32l462e_cell01.c:119:10:BSP_GetVersion	0	static
C:/dev/DEMO-CERTIFY-BOOTSTRAPPING-v3/Drivers/BSP/B_L462E_CELL01/stm32l462e_cell01.c:133:6:BSP_LED_Init	48	static
C:/dev/DEMO-CERTIFY-BOOTSTRAPPING-v3/Drivers/BSP/B_L462E_CELL01/stm32l462e_cell01.c:158:6:BSP_LED_DeInit	40	static
C:/dev/DEMO-CERTIFY-BOOTSTRAPPING-v3/Drivers/BSP/B_L462E_CELL01/stm32l462e_cell01.c:179:6:BSP_LED_On	8	static
C:/dev/DEMO-CERTIFY-BOOTSTRAPPING-v3/Drivers/BSP/B_L462E_CELL01/stm32l462e_cell01.c:193:6:BSP_LED_Off	8	static
C:/dev/DEMO-CERTIFY-BOOTSTRAPPING-v3/Drivers/BSP/B_L462E_CELL01/stm32l462e_cell01.c:207:6:BSP_LED_Toggle	8	static
C:/dev/DEMO-CERTIFY-BOOTSTRAPPING-v3/Drivers/BSP/B_L462E_CELL01/stm32l462e_cell01.c:224:6:BSP_PB_Init	40	static
C:/dev/DEMO-CERTIFY-BOOTSTRAPPING-v3/Drivers/BSP/B_L462E_CELL01/stm32l462e_cell01.c:261:6:BSP_PB_DeInit	40	static
C:/dev/DEMO-CERTIFY-BOOTSTRAPPING-v3/Drivers/BSP/B_L462E_CELL01/stm32l462e_cell01.c:278:10:BSP_PB_GetState	8	static
C:/dev/DEMO-CERTIFY-BOOTSTRAPPING-v3/Drivers/BSP/B_L462E_CELL01/stm32l462e_cell01.c:381:6:SENSOR_IO_Init	0	static,ignoring_inline_asm
C:/dev/DEMO-CERTIFY-BOOTSTRAPPING-v3/Drivers/BSP/B_L462E_CELL01/stm32l462e_cell01.c:390:6:SENSOR_IO_DeInit	0	static,ignoring_inline_asm
C:/dev/DEMO-CERTIFY-BOOTSTRAPPING-v3/Drivers/BSP/B_L462E_CELL01/stm32l462e_cell01.c:402:6:SENSOR_IO_Write	24	static
C:/dev/DEMO-CERTIFY-BOOTSTRAPPING-v3/Drivers/BSP/B_L462E_CELL01/stm32l462e_cell01.c:413:9:SENSOR_IO_Read	24	static
C:/dev/DEMO-CERTIFY-BOOTSTRAPPING-v3/Drivers/BSP/B_L462E_CELL01/stm32l462e_cell01.c:431:10:SENSOR_IO_ReadMultiple	16	static
C:/dev/DEMO-CERTIFY-BOOTSTRAPPING-v3/Drivers/BSP/B_L462E_CELL01/stm32l462e_cell01.c:445:6:SENSOR_IO_WriteMultiple	16	static
C:/dev/DEMO-CERTIFY-BOOTSTRAPPING-v3/Drivers/BSP/B_L462E_CELL01/stm32l462e_cell01.c:457:19:SENSOR_IO_IsDeviceReady	8	static
C:/dev/DEMO-CERTIFY-BOOTSTRAPPING-v3/Drivers/BSP/B_L462E_CELL01/stm32l462e_cell01.c:467:6:SENSOR_IO_Delay	8	static
C:/dev/DEMO-CERTIFY-BOOTSTRAPPING-v3/Drivers/BSP/B_L462E_CELL01/stm32l462e_cell01.c:478:6:LCD_IO_Init	64	static
C:/dev/DEMO-CERTIFY-BOOTSTRAPPING-v3/Drivers/BSP/B_L462E_CELL01/stm32l462e_cell01.c:522:6:LCD_IO_DeInit	8	static
C:/dev/DEMO-CERTIFY-BOOTSTRAPPING-v3/Drivers/BSP/B_L462E_CELL01/stm32l462e_cell01.c:539:6:LCD_BUS_Init	48	static
C:/dev/DEMO-CERTIFY-BOOTSTRAPPING-v3/Drivers/BSP/B_L462E_CELL01/stm32l462e_cell01.c:583:6:LCD_BUS_DeInit	8	static
C:/dev/DEMO-CERTIFY-BOOTSTRAPPING-v3/Drivers/BSP/B_L462E_CELL01/stm32l462e_cell01.c:600:6:LCD_IO_WriteCommand	24	static
C:/dev/DEMO-CERTIFY-BOOTSTRAPPING-v3/Drivers/BSP/B_L462E_CELL01/stm32l462e_cell01.c:614:6:LCD_IO_WriteData	24	static
C:/dev/DEMO-CERTIFY-BOOTSTRAPPING-v3/Drivers/BSP/B_L462E_CELL01/stm32l462e_cell01.c:627:6:LCD_IO_WriteMultipleData	24	static
C:/dev/DEMO-CERTIFY-BOOTSTRAPPING-v3/Drivers/BSP/B_L462E_CELL01/stm32l462e_cell01.c:640:6:LCD_Delay	8	static
