C:/dev/DEMO-CERTIFY-BOOTSTRAPPING-v3/Drivers/BSP/B_L462E_CELL01/stm32l462e_cell01_lcd.c:120:9:BSP_LCD_DeInit	8	static
C:/dev/DEMO-CERTIFY-BOOTSTRAPPING-v3/Drivers/BSP/B_L462E_CELL01/stm32l462e_cell01_lcd.c:134:6:BSP_LCD_Start	8	static
C:/dev/DEMO-CERTIFY-BOOTSTRAPPING-v3/Drivers/BSP/B_L462E_CELL01/stm32l462e_cell01_lcd.c:139:6:BSP_LCD_Stop	8	static
C:/dev/DEMO-CERTIFY-BOOTSTRAPPING-v3/Drivers/BSP/B_L462E_CELL01/stm32l462e_cell01_lcd.c:149:10:BSP_LCD_GetXSize	8	static
C:/dev/DEMO-CERTIFY-BOOTSTRAPPING-v3/Drivers/BSP/B_L462E_CELL01/stm32l462e_cell01_lcd.c:158:10:BSP_LCD_GetYSize	8	static
C:/dev/DEMO-CERTIFY-BOOTSTRAPPING-v3/Drivers/BSP/B_L462E_CELL01/stm32l462e_cell01_lcd.c:167:10:BSP_LCD_GetTextColor	0	static
C:/dev/DEMO-CERTIFY-BOOTSTRAPPING-v3/Drivers/BSP/B_L462E_CELL01/stm32l462e_cell01_lcd.c:176:10:BSP_LCD_GetBackColor	0	static
C:/dev/DEMO-CERTIFY-BOOTSTRAPPING-v3/Drivers/BSP/B_L462E_CELL01/stm32l462e_cell01_lcd.c:186:6:BSP_LCD_SetTextColor	0	static
C:/dev/DEMO-CERTIFY-BOOTSTRAPPING-v3/Drivers/BSP/B_L462E_CELL01/stm32l462e_cell01_lcd.c:196:6:BSP_LCD_SetBackColor	0	static
C:/dev/DEMO-CERTIFY-BOOTSTRAPPING-v3/Drivers/BSP/B_L462E_CELL01/stm32l462e_cell01_lcd.c:206:6:BSP_LCD_SetFont	0	static
C:/dev/DEMO-CERTIFY-BOOTSTRAPPING-v3/Drivers/BSP/B_L462E_CELL01/stm32l462e_cell01_lcd.c:94:9:BSP_LCD_Init	8	static
C:/dev/DEMO-CERTIFY-BOOTSTRAPPING-v3/Drivers/BSP/B_L462E_CELL01/stm32l462e_cell01_lcd.c:215:8:BSP_LCD_GetFont	0	static
C:/dev/DEMO-CERTIFY-BOOTSTRAPPING-v3/Drivers/BSP/B_L462E_CELL01/stm32l462e_cell01_lcd.c:225:6:BSP_LCD_Clear	8	static
C:/dev/DEMO-CERTIFY-BOOTSTRAPPING-v3/Drivers/BSP/B_L462E_CELL01/stm32l462e_cell01_lcd.c:361:6:BSP_LCD_ScrollingSetup	8	static
C:/dev/DEMO-CERTIFY-BOOTSTRAPPING-v3/Drivers/BSP/B_L462E_CELL01/stm32l462e_cell01_lcd.c:374:6:BSP_LCD_ScrollingStart	8	static
C:/dev/DEMO-CERTIFY-BOOTSTRAPPING-v3/Drivers/BSP/B_L462E_CELL01/stm32l462e_cell01_lcd.c:383:6:BSP_LCD_ScrollingStop	8	static
C:/dev/DEMO-CERTIFY-BOOTSTRAPPING-v3/Drivers/BSP/B_L462E_CELL01/stm32l462e_cell01_lcd.c:394:10:BSP_LCD_ReadPixel	8	static
C:/dev/DEMO-CERTIFY-BOOTSTRAPPING-v3/Drivers/BSP/B_L462E_CELL01/stm32l462e_cell01_lcd.c:685:6:BSP_LCD_DrawBitmap	8	static
C:/dev/DEMO-CERTIFY-BOOTSTRAPPING-v3/Drivers/BSP/B_L462E_CELL01/stm32l462e_cell01_lcd.c:807:6:BSP_LCD_DisplayOn	8	static
C:/dev/DEMO-CERTIFY-BOOTSTRAPPING-v3/Drivers/BSP/B_L462E_CELL01/stm32l462e_cell01_lcd.c:816:6:BSP_LCD_DisplayOff	8	static
C:/dev/DEMO-CERTIFY-BOOTSTRAPPING-v3/Drivers/BSP/B_L462E_CELL01/stm32l462e_cell01_lcd.c:828:6:BSP_LCD_DrawPixel	8	static
C:/dev/DEMO-CERTIFY-BOOTSTRAPPING-v3/Drivers/BSP/B_L462E_CELL01/stm32l462e_cell01_lcd.c:871:13:LCD_DrawChar	48	static
C:/dev/DEMO-CERTIFY-BOOTSTRAPPING-v3/Drivers/BSP/B_L462E_CELL01/stm32l462e_cell01_lcd.c:258:6:BSP_LCD_DisplayChar	16	static
C:/dev/DEMO-CERTIFY-BOOTSTRAPPING-v3/Drivers/BSP/B_L462E_CELL01/stm32l462e_cell01_lcd.c:276:6:BSP_LCD_DisplayStringAt	24	static
C:/dev/DEMO-CERTIFY-BOOTSTRAPPING-v3/Drivers/BSP/B_L462E_CELL01/stm32l462e_cell01_lcd.c:346:6:BSP_LCD_DisplayStringAtLine	16	static
C:/dev/DEMO-CERTIFY-BOOTSTRAPPING-v3/Drivers/BSP/B_L462E_CELL01/stm32l462e_cell01_lcd.c:413:6:BSP_LCD_DrawHLine	24	static
C:/dev/DEMO-CERTIFY-BOOTSTRAPPING-v3/Drivers/BSP/B_L462E_CELL01/stm32l462e_cell01_lcd.c:701:6:BSP_LCD_FillRect	24	static
C:/dev/DEMO-CERTIFY-BOOTSTRAPPING-v3/Drivers/BSP/B_L462E_CELL01/stm32l462e_cell01_lcd.c:239:6:BSP_LCD_ClearStringLine	16	static
C:/dev/DEMO-CERTIFY-BOOTSTRAPPING-v3/Drivers/BSP/B_L462E_CELL01/stm32l462e_cell01_lcd.c:435:6:BSP_LCD_DrawVLine	24	static
C:/dev/DEMO-CERTIFY-BOOTSTRAPPING-v3/Drivers/BSP/B_L462E_CELL01/stm32l462e_cell01_lcd.c:542:6:BSP_LCD_DrawRect	24	static
C:/dev/DEMO-CERTIFY-BOOTSTRAPPING-v3/Drivers/BSP/B_L462E_CELL01/stm32l462e_cell01_lcd.c:767:6:BSP_LCD_FillEllipse	56	static
C:/dev/DEMO-CERTIFY-BOOTSTRAPPING-v3/Drivers/BSP/B_L462E_CELL01/stm32l462e_cell01_lcd.c:458:6:BSP_LCD_DrawLine	48	static
C:/dev/DEMO-CERTIFY-BOOTSTRAPPING-v3/Drivers/BSP/B_L462E_CELL01/stm32l462e_cell01_lcd.c:610:6:BSP_LCD_DrawPolygon	16	static
C:/dev/DEMO-CERTIFY-BOOTSTRAPPING-v3/Drivers/BSP/B_L462E_CELL01/stm32l462e_cell01_lcd.c:560:6:BSP_LCD_DrawCircle	64	static
C:/dev/DEMO-CERTIFY-BOOTSTRAPPING-v3/Drivers/BSP/B_L462E_CELL01/stm32l462e_cell01_lcd.c:717:6:BSP_LCD_FillCircle	48	static
C:/dev/DEMO-CERTIFY-BOOTSTRAPPING-v3/Drivers/BSP/B_L462E_CELL01/stm32l462e_cell01_lcd.c:640:6:BSP_LCD_DrawEllipse	64	static
C:/dev/DEMO-CERTIFY-BOOTSTRAPPING-v3/Drivers/BSP/B_L462E_CELL01/stm32l462e_cell01_lcd.c:840:6:BSP_LCD_Refresh	8	static
C:/dev/DEMO-CERTIFY-BOOTSTRAPPING-v3/Drivers/BSP/B_L462E_CELL01/stm32l462e_cell01_lcd.c:847:6:BSP_LCD_DrawRawFrameBuffer	8	static
