C:/dev/DEMO-CERTIFY-BOOTSTRAPPING-v3/Middlewares/ST/STM32_Cellular/Core/Cellular_Service/Src/cellular_service_task.c:631:13:CST_fota_timeout_event_mngt	16	static
C:/dev/DEMO-CERTIFY-BOOTSTRAPPING-v3/Middlewares/ST/STM32_Cellular/Core/Cellular_Service/Src/cellular_service_task.c:1471:13:CST_modem_off_mngt	16	static
C:/dev/DEMO-CERTIFY-BOOTSTRAPPING-v3/Middlewares/ST/STM32_Cellular/Core/Cellular_Service/Src/cellular_service_task.c:964:13:CST_nw_reg_timeout_expiration_mngt	16	static
C:/dev/DEMO-CERTIFY-BOOTSTRAPPING-v3/Middlewares/ST/STM32_Cellular/Core/Cellular_Service/Src/cellular_service_task.c:480:13:CST_off_state_target_cmd_state_mngt	16	static
C:/dev/DEMO-CERTIFY-BOOTSTRAPPING-v3/Middlewares/ST/STM32_Cellular/Core/Cellular_Service/Src/cellular_service_task.c:1326:13:CST_polling_timer_mngt	16	static
C:/dev/DEMO-CERTIFY-BOOTSTRAPPING-v3/Middlewares/ST/STM32_Cellular/Core/Cellular_Service/Src/cellular_service_task.c:614:13:CST_fota_end_event_mngt	16	static
C:/dev/DEMO-CERTIFY-BOOTSTRAPPING-v3/Middlewares/ST/STM32_Cellular/Core/Cellular_Service/Src/cellular_service_task.c:1936:13:CST_modem_reprog_state	8	static,ignoring_inline_asm
C:/dev/DEMO-CERTIFY-BOOTSTRAPPING-v3/Middlewares/ST/STM32_Cellular/Core/Cellular_Service/Src/cellular_service_task.c:225:7:CST_send_message	16	static
C:/dev/DEMO-CERTIFY-BOOTSTRAPPING-v3/Middlewares/ST/STM32_Cellular/Core/Cellular_Service/Src/cellular_service_task.c:411:13:CST_fota_timer_callback	8	static
C:/dev/DEMO-CERTIFY-BOOTSTRAPPING-v3/Middlewares/ST/STM32_Cellular/Core/Cellular_Service/Src/cellular_service_task.c:396:13:CST_network_status_timer_callback	8	static
C:/dev/DEMO-CERTIFY-BOOTSTRAPPING-v3/Middlewares/ST/STM32_Cellular/Core/Cellular_Service/Src/cellular_service_task.c:365:13:CST_pdn_activate_retry_timer_callback	16	static
C:/dev/DEMO-CERTIFY-BOOTSTRAPPING-v3/Middlewares/ST/STM32_Cellular/Core/Cellular_Service/Src/cellular_service_task.c:336:13:CST_polling_timer_callback	8	static
C:/dev/DEMO-CERTIFY-BOOTSTRAPPING-v3/Middlewares/ST/STM32_Cellular/Core/Cellular_Service/Src/cellular_service_task.c:254:13:CST_pdn_event_callback	16	static
C:/dev/DEMO-CERTIFY-BOOTSTRAPPING-v3/Middlewares/ST/STM32_Cellular/Core/Cellular_Service/Src/cellular_service_task.c:2445:6:CST_set_state	8	static
C:/dev/DEMO-CERTIFY-BOOTSTRAPPING-v3/Middlewares/ST/STM32_Cellular/Core/Cellular_Service/Src/cellular_service_task.c:381:13:CST_register_retry_timer_callback	8	static
C:/dev/DEMO-CERTIFY-BOOTSTRAPPING-v3/Middlewares/ST/STM32_Cellular/Core/Cellular_Service/Src/cellular_service_task.c:471:13:CST_boot_event_mngt	16	static
C:/dev/DEMO-CERTIFY-BOOTSTRAPPING-v3/Middlewares/ST/STM32_Cellular/Core/Cellular_Service/Src/cellular_service_task.c:575:13:CST_reboot_modem_event_mngt	16	static
C:/dev/DEMO-CERTIFY-BOOTSTRAPPING-v3/Middlewares/ST/STM32_Cellular/Core/Cellular_Service/Src/cellular_service_task.c:1865:13:CST_modem_off_state	8	static
C:/dev/DEMO-CERTIFY-BOOTSTRAPPING-v3/Middlewares/ST/STM32_Cellular/Core/Cellular_Service/Src/cellular_service_task.c:2061:13:CST_fail_state	8	static
C:/dev/DEMO-CERTIFY-BOOTSTRAPPING-v3/Middlewares/ST/STM32_Cellular/Core/Cellular_Service/Src/cellular_service_task.c:445:13:CST_boot_power_on_only_modem_mngt	16	static
C:/dev/DEMO-CERTIFY-BOOTSTRAPPING-v3/Middlewares/ST/STM32_Cellular/Core/Cellular_Service/Src/cellular_service_task.c:1490:13:CST_boot_state	8	static
C:/dev/DEMO-CERTIFY-BOOTSTRAPPING-v3/Middlewares/ST/STM32_Cellular/Core/Cellular_Service/Src/cellular_service_task.c:523:13:CST_init_state_mngt	16	static
C:/dev/DEMO-CERTIFY-BOOTSTRAPPING-v3/Middlewares/ST/STM32_Cellular/Core/Cellular_Service/Src/cellular_service_task.c:458:13:CST_init_power_on_only_modem_mngt	16	static
C:/dev/DEMO-CERTIFY-BOOTSTRAPPING-v3/Middlewares/ST/STM32_Cellular/Core/Cellular_Service/Src/cellular_service_task.c:1275:13:CST_target_state_cmd_event_mngt	24	static,ignoring_inline_asm
C:/dev/DEMO-CERTIFY-BOOTSTRAPPING-v3/Middlewares/ST/STM32_Cellular/Core/Cellular_Service/Src/cellular_service_task.c:1419:13:CST_data_mode_target_state_event_mngt	8	static
C:/dev/DEMO-CERTIFY-BOOTSTRAPPING-v3/Middlewares/ST/STM32_Cellular/Core/Cellular_Service/Src/cellular_service_task.c:596:13:CST_fota_start_event_mngt	16	static
C:/dev/DEMO-CERTIFY-BOOTSTRAPPING-v3/Middlewares/ST/STM32_Cellular/Core/Cellular_Service/Src/cellular_service_task.c:1520:13:CST_init_state	8	static
C:/dev/DEMO-CERTIFY-BOOTSTRAPPING-v3/Middlewares/ST/STM32_Cellular/Core/Cellular_Service/Src/cellular_service_task.c:684:14:CST_net_register_mngt	96	static
C:/dev/DEMO-CERTIFY-BOOTSTRAPPING-v3/Middlewares/ST/STM32_Cellular/Core/Cellular_Service/Src/cellular_service_task.c:1561:13:CST_modem_ready_state	8	static
C:/dev/DEMO-CERTIFY-BOOTSTRAPPING-v3/Middlewares/ST/STM32_Cellular/Core/Cellular_Service/Src/cellular_service_task.c:738:14:CST_signal_quality_test_mngt	16	static
C:/dev/DEMO-CERTIFY-BOOTSTRAPPING-v3/Middlewares/ST/STM32_Cellular/Core/Cellular_Service/Src/cellular_service_task.c:867:14:CST_network_event_mngt	8	static
C:/dev/DEMO-CERTIFY-BOOTSTRAPPING-v3/Middlewares/ST/STM32_Cellular/Core/Cellular_Service/Src/cellular_service_task.c:1595:13:CST_waiting_for_signal_quality_ok_state	16	static
C:/dev/DEMO-CERTIFY-BOOTSTRAPPING-v3/Middlewares/ST/STM32_Cellular/Core/Cellular_Service/Src/cellular_service_task.c:762:14:CST_network_status_test_mngt	16	static
C:/dev/DEMO-CERTIFY-BOOTSTRAPPING-v3/Middlewares/ST/STM32_Cellular/Core/Cellular_Service/Src/cellular_service_task.c:1635:13:CST_waiting_for_network_status_state	8	static
C:/dev/DEMO-CERTIFY-BOOTSTRAPPING-v3/Middlewares/ST/STM32_Cellular/Core/Cellular_Service/Src/cellular_service_task.c:995:14:CST_attach_modem_mngt	104	static
C:/dev/DEMO-CERTIFY-BOOTSTRAPPING-v3/Middlewares/ST/STM32_Cellular/Core/Cellular_Service/Src/cellular_service_task.c:1676:13:CST_network_status_ok_state	8	static
C:/dev/DEMO-CERTIFY-BOOTSTRAPPING-v3/Middlewares/ST/STM32_Cellular/Core/Cellular_Service/Src/cellular_service_task.c:1172:13:CST_modem_activate_pdn_mngt	16	static
C:/dev/DEMO-CERTIFY-BOOTSTRAPPING-v3/Middlewares/ST/STM32_Cellular/Core/Cellular_Service/Src/cellular_service_task.c:1710:13:CST_modem_registered_state	8	static
C:/dev/DEMO-CERTIFY-BOOTSTRAPPING-v3/Middlewares/ST/STM32_Cellular/Core/Cellular_Service/Src/cellular_service_task.c:819:14:CST_pdn_event_nw_detach_mngt	16	static
C:/dev/DEMO-CERTIFY-BOOTSTRAPPING-v3/Middlewares/ST/STM32_Cellular/Core/Cellular_Service/Src/cellular_service_task.c:1242:13:CST_pdn_event_mngt	16	static
C:/dev/DEMO-CERTIFY-BOOTSTRAPPING-v3/Middlewares/ST/STM32_Cellular/Core/Cellular_Service/Src/cellular_service_task.c:916:14:CST_data_ready_state_network_event_mngt	8	static
C:/dev/DEMO-CERTIFY-BOOTSTRAPPING-v3/Middlewares/ST/STM32_Cellular/Core/Cellular_Service/Src/cellular_service_task.c:1222:13:CST_cellular_data_fail_mngt	8	static
C:/dev/DEMO-CERTIFY-BOOTSTRAPPING-v3/Middlewares/ST/STM32_Cellular/Core/Cellular_Service/Src/cellular_service_task.c:1795:13:CST_data_ready_state	8	static
C:/dev/DEMO-CERTIFY-BOOTSTRAPPING-v3/Middlewares/ST/STM32_Cellular/Core/Cellular_Service/Src/cellular_service_task.c:1444:13:CST_sim_only_target_state_event_mngt	8	static,ignoring_inline_asm
C:/dev/DEMO-CERTIFY-BOOTSTRAPPING-v3/Middlewares/ST/STM32_Cellular/Core/Cellular_Service/Src/cellular_service_task.c:1895:13:CST_modem_sim_only_state	8	static
C:/dev/DEMO-CERTIFY-BOOTSTRAPPING-v3/Middlewares/ST/STM32_Cellular/Core/Cellular_Service/Src/cellular_service_task.c:1368:13:CST_apn_set_new_config_mngt	16	static
C:/dev/DEMO-CERTIFY-BOOTSTRAPPING-v3/Middlewares/ST/STM32_Cellular/Core/Cellular_Service/Src/cellular_service_task.c:1967:13:CST_apn_config_state	8	static
C:/dev/DEMO-CERTIFY-BOOTSTRAPPING-v3/Middlewares/ST/STM32_Cellular/Core/Cellular_Service/Src/cellular_service_task.c:645:13:CST_modem_reset_mngt	16	static
C:/dev/DEMO-CERTIFY-BOOTSTRAPPING-v3/Middlewares/ST/STM32_Cellular/Core/Cellular_Service/Src/cellular_service_task.c:1921:13:CST_modem_reset_state	8	static
C:/dev/DEMO-CERTIFY-BOOTSTRAPPING-v3/Middlewares/ST/STM32_Cellular/Core/Cellular_Service/Src/cellular_service_task.c:274:13:CST_notif_callback	8	static,ignoring_inline_asm
C:/dev/DEMO-CERTIFY-BOOTSTRAPPING-v3/Middlewares/ST/STM32_Cellular/Core/Cellular_Service/Src/cellular_service_task.c:2462:19:CST_get_state	0	static
C:/dev/DEMO-CERTIFY-BOOTSTRAPPING-v3/Middlewares/ST/STM32_Cellular/Core/Cellular_Service/Src/cellular_service_task.c:2473:14:CST_radio_on	8	static
C:/dev/DEMO-CERTIFY-BOOTSTRAPPING-v3/Middlewares/ST/STM32_Cellular/Core/Cellular_Service/Src/cellular_service_task.c:2486:14:CST_modem_power_on	8	static
C:/dev/DEMO-CERTIFY-BOOTSTRAPPING-v3/Middlewares/ST/STM32_Cellular/Core/Cellular_Service/Src/cellular_service_task.c:2500:13:CST_get_dev_IP_address	16	static
C:/dev/DEMO-CERTIFY-BOOTSTRAPPING-v3/Middlewares/ST/STM32_Cellular/Core/Cellular_Service/Src/cellular_service_task.c:1079:13:CST_data_ready_mngt	32	static
C:/dev/DEMO-CERTIFY-BOOTSTRAPPING-v3/Middlewares/ST/STM32_Cellular/Core/Cellular_Service/Src/cellular_service_task.c:1158:14:CST_modem_activated_mngt	8	static
C:/dev/DEMO-CERTIFY-BOOTSTRAPPING-v3/Middlewares/ST/STM32_Cellular/Core/Cellular_Service/Src/cellular_service_task.c:1749:13:CST_modem_pdn_activating_state	8	static
C:/dev/DEMO-CERTIFY-BOOTSTRAPPING-v3/Middlewares/ST/STM32_Cellular/Core/Cellular_Service/Src/cellular_service_task.c:2264:13:CST_cellular_service_task	24	static
C:/dev/DEMO-CERTIFY-BOOTSTRAPPING-v3/Middlewares/ST/STM32_Cellular/Core/Cellular_Service/Src/cellular_service_task.c:2512:13:CST_cellular_service_init	16	static
C:/dev/DEMO-CERTIFY-BOOTSTRAPPING-v3/Middlewares/ST/STM32_Cellular/Core/Cellular_Service/Src/cellular_service_task.c:2558:13:CST_cellular_service_start	72	static
