../Middlewares/Cellular/Modules/PKCS11/Src/st_p11.c:164:1:C_GetFunctionList	0	static
../Middlewares/Cellular/Modules/PKCS11/Src/st_p11.c:589:1:C_FindObjectsFinal	16	static
../Middlewares/Cellular/Modules/PKCS11/Src/st_p11.c:128:1:C_Finalize	0	static
../Middlewares/Cellular/Modules/PKCS11/Src/st_p11.c:434:1:C_FindObjectsInit	48	static
../Middlewares/Cellular/Modules/PKCS11/Src/st_p11.c:508:1:C_FindObjects	48	static
../Middlewares/Cellular/Modules/PKCS11/Src/st_p11.c:631:1:C_GetAttributeValue	2224	static
../Middlewares/Cellular/Modules/PKCS11/Src/st_p11.c:891:1:C_SignInit	48	static
../Middlewares/Cellular/Modules/PKCS11/Src/st_p11.c:1095:3:C_Sign	64	static
../Middlewares/Cellular/Modules/PKCS11/Src/st_p11.c:2633:1:C_EncryptInit	48	static
../Middlewares/Cellular/Modules/PKCS11/Src/st_p11.c:2821:1:C_DecryptInit	48	static
../Middlewares/Cellular/Modules/PKCS11/Src/st_p11.c:1897:1:C_CreateObject	88	static
../Middlewares/Cellular/Modules/PKCS11/Src/st_p11.c:2389:1:C_DeriveKey	224	static
../Middlewares/Cellular/Modules/PKCS11/Src/st_p11.c:2741:1:C_Encrypt	32	static
../Middlewares/Cellular/Modules/PKCS11/Src/st_p11.c:2930:1:C_Decrypt	32	static
../Middlewares/Cellular/Modules/PKCS11/Src/st_p11.c:1535:1:C_GetSlotList	8	static
../Middlewares/Cellular/Modules/PKCS11/Src/st_p11.c:1670:1:C_GetMechanismList	12	static
../Middlewares/Cellular/Modules/PKCS11/Src/st_p11.c:1766:1:C_GetMechanismInfo	12	static
../Middlewares/Cellular/Modules/PKCS11/Src/st_p11.c:278:1:C_OpenSession	24	static
../Middlewares/Cellular/Modules/PKCS11/Src/st_p11.c:84:1:C_Initialize	8	static
../Middlewares/Cellular/Modules/PKCS11/Src/st_p11.c:364:1:C_CloseSession	16	static
../Middlewares/Cellular/Modules/PKCS11/Src/st_p11.c:1440:1:C_GetInfo	8	static
../Middlewares/Cellular/Modules/PKCS11/Src/st_p11.c:1483:1:C_GetSlotInfo	8	static
../Middlewares/Cellular/Modules/PKCS11/Src/st_p11.c:1199:1:C_GenerateRandom	0	static
../Middlewares/Cellular/Modules/PKCS11/Src/st_p11.c:1593:1:C_GetTokenInfo	8	static
