C:/Dev/DEMO-CERTIFY-BOOTSTRAPPING/Middlewares/ST/STM32_Cellular/Modules/Cmd/Src/cmd.c:291:21:CMD_Help	56	static
C:/Dev/DEMO-CERTIFY-BOOTSTRAPPING/Middlewares/ST/STM32_Cellular/Modules/Cmd/Src/cmd.c:343:13:cmd_thread	120	static,ignoring_inline_asm
C:/Dev/DEMO-CERTIFY-BOOTSTRAPPING/Middlewares/ST/STM32_Cellular/Modules/Cmd/Src/cmd.c:121:6:CMD_SetLine	16	static
C:/Dev/DEMO-CERTIFY-BOOTSTRAPPING/Middlewares/ST/STM32_Cellular/Modules/Cmd/Src/cmd.c:361:10:CMD_GetValue	16	static
C:/Dev/DEMO-CERTIFY-BOOTSTRAPPING/Middlewares/ST/STM32_Cellular/Modules/Cmd/Src/cmd.c:404:6:CMD_Declare	16	static
C:/Dev/DEMO-CERTIFY-BOOTSTRAPPING/Middlewares/ST/STM32_Cellular/Modules/Cmd/Src/cmd.c:426:6:CMD_RxCpltCallback	16	static,ignoring_inline_asm
C:/Dev/DEMO-CERTIFY-BOOTSTRAPPING/Middlewares/ST/STM32_Cellular/Modules/Cmd/Src/cmd.c:543:6:CMD_print_help	8	static
C:/Dev/DEMO-CERTIFY-BOOTSTRAPPING/Middlewares/ST/STM32_Cellular/Modules/Cmd/Src/cmd.c:554:6:CMD_init	16	static
C:/Dev/DEMO-CERTIFY-BOOTSTRAPPING/Middlewares/ST/STM32_Cellular/Modules/Cmd/Src/cmd.c:604:6:CMD_start	16	static
