C:/dev/DEMO-CERTIFY-BOOTSTRAPPING-v3/Middlewares/ST/STM32_Cellular/Modules/Ndlc/Interface/Src/spi_ndlc.c:84:13:MX_LOC_SPI_Init	40	static
C:/dev/DEMO-CERTIFY-BOOTSTRAPPING-v3/Middlewares/ST/STM32_Cellular/Modules/Ndlc/Interface/Src/spi_ndlc.c:116:13:MX_LOC_SPI_DeInit	8	static
C:/dev/DEMO-CERTIFY-BOOTSTRAPPING-v3/Middlewares/ST/STM32_Cellular/Modules/Ndlc/Interface/Src/spi_ndlc.c:60:13:print_buffer_line	24	static
C:/dev/DEMO-CERTIFY-BOOTSTRAPPING-v3/Middlewares/ST/STM32_Cellular/Modules/Ndlc/Interface/Src/spi_ndlc.c:124:6:spi_ndlc_init	8	static
C:/dev/DEMO-CERTIFY-BOOTSTRAPPING-v3/Middlewares/ST/STM32_Cellular/Modules/Ndlc/Interface/Src/spi_ndlc.c:165:6:spi_ndlc_deinit	8	static
C:/dev/DEMO-CERTIFY-BOOTSTRAPPING-v3/Middlewares/ST/STM32_Cellular/Modules/Ndlc/Interface/Src/spi_ndlc.c:179:6:spi_ndlc_power	8	static
C:/dev/DEMO-CERTIFY-BOOTSTRAPPING-v3/Middlewares/ST/STM32_Cellular/Modules/Ndlc/Interface/Src/spi_ndlc.c:219:9:spi_ndlc_atr	8	static
C:/dev/DEMO-CERTIFY-BOOTSTRAPPING-v3/Middlewares/ST/STM32_Cellular/Modules/Ndlc/Interface/Src/spi_ndlc.c:237:9:spi_ndlc_transceive_apdu	24	static
C:/dev/DEMO-CERTIFY-BOOTSTRAPPING-v3/Middlewares/ST/STM32_Cellular/Modules/Ndlc/Interface/Src/spi_ndlc.c:252:9:spi_ndlc_abort_apdu	8	static
C:/dev/DEMO-CERTIFY-BOOTSTRAPPING-v3/Middlewares/ST/STM32_Cellular/Modules/Ndlc/Interface/Src/spi_ndlc.c:268:9:spi_ndlc_send_receive_phy	32	static
