C:/dev/DEMO-CERTIFY-BOOTSTRAPPING-v3/Middlewares/ST/STM32_Cellular/Modules/Cmd/Src/cmd.c:107:13:CMD_GetLine	16	static
C:/dev/DEMO-CERTIFY-BOOTSTRAPPING-v3/Middlewares/ST/STM32_Cellular/Modules/Cmd/Src/cmd.c:274:13:CMD_BoardReset	8	static,ignoring_inline_asm
C:/dev/DEMO-CERTIFY-BOOTSTRAPPING-v3/Middlewares/ST/STM32_Cellular/Modules/Cmd/Src/cmd.c:291:21:CMD_Help	40	static
C:/dev/DEMO-CERTIFY-BOOTSTRAPPING-v3/Middlewares/ST/STM32_Cellular/Modules/Cmd/Src/cmd.c:134:13:CMD_process	120	static,ignoring_inline_asm
C:/dev/DEMO-CERTIFY-BOOTSTRAPPING-v3/Middlewares/ST/STM32_Cellular/Modules/Cmd/Src/cmd.c:343:13:cmd_thread	8	static
C:/dev/DEMO-CERTIFY-BOOTSTRAPPING-v3/Middlewares/ST/STM32_Cellular/Modules/Cmd/Src/cmd.c:121:6:CMD_SetLine	16	static
C:/dev/DEMO-CERTIFY-BOOTSTRAPPING-v3/Middlewares/ST/STM32_Cellular/Modules/Cmd/Src/cmd.c:361:10:CMD_GetValue	16	static
C:/dev/DEMO-CERTIFY-BOOTSTRAPPING-v3/Middlewares/ST/STM32_Cellular/Modules/Cmd/Src/cmd.c:404:6:CMD_Declare	8	static
C:/dev/DEMO-CERTIFY-BOOTSTRAPPING-v3/Middlewares/ST/STM32_Cellular/Modules/Cmd/Src/cmd.c:426:6:CMD_RxCpltCallback	16	static,ignoring_inline_asm
C:/dev/DEMO-CERTIFY-BOOTSTRAPPING-v3/Middlewares/ST/STM32_Cellular/Modules/Cmd/Src/cmd.c:543:6:CMD_print_help	8	static
C:/dev/DEMO-CERTIFY-BOOTSTRAPPING-v3/Middlewares/ST/STM32_Cellular/Modules/Cmd/Src/cmd.c:554:6:CMD_init	16	static
C:/dev/DEMO-CERTIFY-BOOTSTRAPPING-v3/Middlewares/ST/STM32_Cellular/Modules/Cmd/Src/cmd.c:604:6:CMD_start	8	static
