C:/Dev/DEMO-CERTIFY-BOOTSTRAPPING/Drivers/BSP/B_L462E_CELL01/stm32l462e_cell01.c:119:10:BSP_GetVersion	0	static
C:/Dev/DEMO-CERTIFY-BOOTSTRAPPING/Drivers/BSP/B_L462E_CELL01/stm32l462e_cell01.c:133:6:BSP_LED_Init	48	static
C:/Dev/DEMO-CERTIFY-BOOTSTRAPPING/Drivers/BSP/B_L462E_CELL01/stm32l462e_cell01.c:158:6:BSP_LED_DeInit	16	static
C:/Dev/DEMO-CERTIFY-BOOTSTRAPPING/Drivers/BSP/B_L462E_CELL01/stm32l462e_cell01.c:179:6:BSP_LED_On	0	static
C:/Dev/DEMO-CERTIFY-BOOTSTRAPPING/Drivers/BSP/B_L462E_CELL01/stm32l462e_cell01.c:193:6:BSP_LED_Off	0	static
C:/Dev/DEMO-CERTIFY-BOOTSTRAPPING/Drivers/BSP/B_L462E_CELL01/stm32l462e_cell01.c:207:6:BSP_LED_Toggle	0	static
C:/Dev/DEMO-CERTIFY-BOOTSTRAPPING/Drivers/BSP/B_L462E_CELL01/stm32l462e_cell01.c:224:6:BSP_PB_Init	32	static
C:/Dev/DEMO-CERTIFY-BOOTSTRAPPING/Drivers/BSP/B_L462E_CELL01/stm32l462e_cell01.c:261:6:BSP_PB_DeInit	8	static
C:/Dev/DEMO-CERTIFY-BOOTSTRAPPING/Drivers/BSP/B_L462E_CELL01/stm32l462e_cell01.c:278:10:BSP_PB_GetState	8	static
C:/Dev/DEMO-CERTIFY-BOOTSTRAPPING/Drivers/BSP/B_L462E_CELL01/stm32l462e_cell01.c:381:6:SENSOR_IO_Init	0	static,ignoring_inline_asm
C:/Dev/DEMO-CERTIFY-BOOTSTRAPPING/Drivers/BSP/B_L462E_CELL01/stm32l462e_cell01.c:390:6:SENSOR_IO_DeInit	0	static,ignoring_inline_asm
C:/Dev/DEMO-CERTIFY-BOOTSTRAPPING/Drivers/BSP/B_L462E_CELL01/stm32l462e_cell01.c:402:6:SENSOR_IO_Write	32	static
C:/Dev/DEMO-CERTIFY-BOOTSTRAPPING/Drivers/BSP/B_L462E_CELL01/stm32l462e_cell01.c:413:9:SENSOR_IO_Read	32	static
C:/Dev/DEMO-CERTIFY-BOOTSTRAPPING/Drivers/BSP/B_L462E_CELL01/stm32l462e_cell01.c:431:10:SENSOR_IO_ReadMultiple	24	static
C:/Dev/DEMO-CERTIFY-BOOTSTRAPPING/Drivers/BSP/B_L462E_CELL01/stm32l462e_cell01.c:445:6:SENSOR_IO_WriteMultiple	24	static
C:/Dev/DEMO-CERTIFY-BOOTSTRAPPING/Drivers/BSP/B_L462E_CELL01/stm32l462e_cell01.c:457:19:SENSOR_IO_IsDeviceReady	0	static
C:/Dev/DEMO-CERTIFY-BOOTSTRAPPING/Drivers/BSP/B_L462E_CELL01/stm32l462e_cell01.c:467:6:SENSOR_IO_Delay	0	static
C:/Dev/DEMO-CERTIFY-BOOTSTRAPPING/Drivers/BSP/B_L462E_CELL01/stm32l462e_cell01.c:478:6:LCD_IO_Init	64	static
C:/Dev/DEMO-CERTIFY-BOOTSTRAPPING/Drivers/BSP/B_L462E_CELL01/stm32l462e_cell01.c:522:6:LCD_IO_DeInit	8	static
C:/Dev/DEMO-CERTIFY-BOOTSTRAPPING/Drivers/BSP/B_L462E_CELL01/stm32l462e_cell01.c:539:6:LCD_BUS_Init	48	static
C:/Dev/DEMO-CERTIFY-BOOTSTRAPPING/Drivers/BSP/B_L462E_CELL01/stm32l462e_cell01.c:583:6:LCD_BUS_DeInit	8	static
C:/Dev/DEMO-CERTIFY-BOOTSTRAPPING/Drivers/BSP/B_L462E_CELL01/stm32l462e_cell01.c:600:6:LCD_IO_WriteCommand	24	static
C:/Dev/DEMO-CERTIFY-BOOTSTRAPPING/Drivers/BSP/B_L462E_CELL01/stm32l462e_cell01.c:614:6:LCD_IO_WriteData	24	static
C:/Dev/DEMO-CERTIFY-BOOTSTRAPPING/Drivers/BSP/B_L462E_CELL01/stm32l462e_cell01.c:627:6:LCD_IO_WriteMultipleData	24	static
C:/Dev/DEMO-CERTIFY-BOOTSTRAPPING/Drivers/BSP/B_L462E_CELL01/stm32l462e_cell01.c:640:6:LCD_Delay	0	static
