C:/dev/DEMO-CERTIFY-BOOTSTRAPPING-v3/Projects/B_L462E/Demonstrations/Cellular/Core/Src/main.c:246:6:HAL_TIM_PeriodElapsedCallback	8	static
C:/dev/DEMO-CERTIFY-BOOTSTRAPPING-v3/Projects/B_L462E/Demonstrations/Cellular/Core/Src/main.c:263:6:Error_Handler	0	static
C:/dev/DEMO-CERTIFY-BOOTSTRAPPING-v3/Projects/B_L462E/Demonstrations/Cellular/Core/Src/main.c:146:6:SystemClock_Config	200	static
C:/dev/DEMO-CERTIFY-BOOTSTRAPPING-v3/Projects/B_L462E/Demonstrations/Cellular/Core/Src/main.c:76:5:main	8	static
