C:/dev/DEMO-CERTIFY-BOOTSTRAPPING-v3/Middlewares/Third_Party/FreeRTOS/Source/timers.c:619:19:prvGetNextExpireTime	0	static
C:/dev/DEMO-CERTIFY-BOOTSTRAPPING-v3/Middlewares/Third_Party/FreeRTOS/Source/timers.c:668:19:prvInsertTimerInActiveList	8	static
C:/dev/DEMO-CERTIFY-BOOTSTRAPPING-v3/Middlewares/Third_Party/FreeRTOS/Source/timers.c:916:13:prvCheckForValidListAndQueue	16	static
C:/dev/DEMO-CERTIFY-BOOTSTRAPPING-v3/Middlewares/Third_Party/FreeRTOS/Source/timers.c:349:13:prvInitialiseNewTimer	24	static,ignoring_inline_asm
C:/dev/DEMO-CERTIFY-BOOTSTRAPPING-v3/Middlewares/Third_Party/FreeRTOS/Source/timers.c:227:12:xTimerCreateTimerTask	16	static,ignoring_inline_asm
C:/dev/DEMO-CERTIFY-BOOTSTRAPPING-v3/Middlewares/Third_Party/FreeRTOS/Source/timers.c:282:16:xTimerCreate	32	static
C:/dev/DEMO-CERTIFY-BOOTSTRAPPING-v3/Middlewares/Third_Party/FreeRTOS/Source/timers.c:381:12:xTimerGenericCommand	24	static,ignoring_inline_asm
C:/dev/DEMO-CERTIFY-BOOTSTRAPPING-v3/Middlewares/Third_Party/FreeRTOS/Source/timers.c:857:13:prvSwitchTimerLists	24	static,ignoring_inline_asm
C:/dev/DEMO-CERTIFY-BOOTSTRAPPING-v3/Middlewares/Third_Party/FreeRTOS/Source/timers.c:645:19:prvSampleTimeNow	16	static
C:/dev/DEMO-CERTIFY-BOOTSTRAPPING-v3/Middlewares/Third_Party/FreeRTOS/Source/timers.c:482:13:prvProcessExpiredTimer	24	static,ignoring_inline_asm
C:/dev/DEMO-CERTIFY-BOOTSTRAPPING-v3/Middlewares/Third_Party/FreeRTOS/Source/timers.c:559:13:prvProcessTimerOrBlockTask	24	static,ignoring_inline_asm
C:/dev/DEMO-CERTIFY-BOOTSTRAPPING-v3/Middlewares/Third_Party/FreeRTOS/Source/timers.c:709:13:prvProcessReceivedCommands	32	static,ignoring_inline_asm
C:/dev/DEMO-CERTIFY-BOOTSTRAPPING-v3/Middlewares/Third_Party/FreeRTOS/Source/timers.c:523:8:prvTimerTask	16	static
C:/dev/DEMO-CERTIFY-BOOTSTRAPPING-v3/Middlewares/Third_Party/FreeRTOS/Source/timers.c:424:14:xTimerGetTimerDaemonTaskHandle	0	static,ignoring_inline_asm
C:/dev/DEMO-CERTIFY-BOOTSTRAPPING-v3/Middlewares/Third_Party/FreeRTOS/Source/timers.c:433:12:xTimerGetPeriod	0	static,ignoring_inline_asm
C:/dev/DEMO-CERTIFY-BOOTSTRAPPING-v3/Middlewares/Third_Party/FreeRTOS/Source/timers.c:442:6:vTimerSetReloadMode	16	static,ignoring_inline_asm
C:/dev/DEMO-CERTIFY-BOOTSTRAPPING-v3/Middlewares/Third_Party/FreeRTOS/Source/timers.c:462:12:xTimerGetExpiryTime	0	static,ignoring_inline_asm
C:/dev/DEMO-CERTIFY-BOOTSTRAPPING-v3/Middlewares/Third_Party/FreeRTOS/Source/timers.c:473:14:pcTimerGetName	0	static,ignoring_inline_asm
C:/dev/DEMO-CERTIFY-BOOTSTRAPPING-v3/Middlewares/Third_Party/FreeRTOS/Source/timers.c:967:12:xTimerIsTimerActive	8	static,ignoring_inline_asm
C:/dev/DEMO-CERTIFY-BOOTSTRAPPING-v3/Middlewares/Third_Party/FreeRTOS/Source/timers.c:992:7:pvTimerGetTimerID	8	static,ignoring_inline_asm
C:/dev/DEMO-CERTIFY-BOOTSTRAPPING-v3/Middlewares/Third_Party/FreeRTOS/Source/timers.c:1009:6:vTimerSetTimerID	16	static,ignoring_inline_asm
C:/dev/DEMO-CERTIFY-BOOTSTRAPPING-v3/Middlewares/Third_Party/FreeRTOS/Source/timers.c:1078:14:uxTimerGetTimerNumber	0	static
C:/dev/DEMO-CERTIFY-BOOTSTRAPPING-v3/Middlewares/Third_Party/FreeRTOS/Source/timers.c:1088:7:vTimerSetTimerNumber	0	static
